---
source: src/tests/books.rs
expression: logs
snapshot_kind: text
---
DEBUG mdbook_driver::mdbook: Running the index preprocessor.
DEBUG mdbook_driver::mdbook: Running the links preprocessor.
 INFO mdbook_driver::mdbook: Running the pandoc backend
DEBUG mdbook_pandoc: Processing redirects in [output.html.redirect]
DEBUG mdbook_pandoc::preprocess: Processing redirect: /commands/cargo-git-checkout.html => ./deprecated-and-removed.html
DEBUG mdbook_pandoc::preprocess: Processing redirect: /commands/cargo-read-manifest.html => ./deprecated-and-removed.html
DEBUG mdbook_pandoc::preprocess: Processing redirect: /commands/cargo-verify-project.html => ./deprecated-and-removed.html
DEBUG mdbook_pandoc::preprocess: Processing redirect: /guide/build-cache.html => ../reference/build-cache.html
DEBUG mdbook_pandoc::preprocess: Processing redirect: /reference/manifest.html#building-dynamic-or-static-libraries => cargo-targets.html#the-crate-type-field
DEBUG mdbook_pandoc::preprocess: Processing redirect: /reference/manifest.html#configuring-a-target => cargo-targets.html#configuring-a-target
DEBUG mdbook_pandoc::preprocess: Processing redirect: /reference/manifest.html#examples => cargo-targets.html#examples
DEBUG mdbook_pandoc::preprocess: Processing redirect: /reference/manifest.html#integration-tests => cargo-targets.html#integration-tests
DEBUG mdbook_pandoc::preprocess: Processing redirect: /reference/manifest.html#package-build => manifest.html#the-build-field
DEBUG mdbook_pandoc::preprocess: Processing redirect: /reference/manifest.html#package-metadata => manifest.html#the-package-section
DEBUG mdbook_pandoc::preprocess: Processing redirect: /reference/manifest.html#package-selection => workspaces.html#package-selection
DEBUG mdbook_pandoc::preprocess: Processing redirect: /reference/manifest.html#rules => features.html
DEBUG mdbook_pandoc::preprocess: Processing redirect: /reference/manifest.html#rust-version => rust-version.html
DEBUG mdbook_pandoc::preprocess: Processing redirect: /reference/manifest.html#target-auto-discovery => cargo-targets.html#target-auto-discovery
DEBUG mdbook_pandoc::preprocess: Processing redirect: /reference/manifest.html#tests => cargo-targets.html#tests
DEBUG mdbook_pandoc::preprocess: Processing redirect: /reference/manifest.html#the-authors-field-optional => manifest.html#the-authors-field
DEBUG mdbook_pandoc::preprocess: Processing redirect: /reference/manifest.html#the-build-field-optional => manifest.html#the-build-field
DEBUG mdbook_pandoc::preprocess: Processing redirect: /reference/manifest.html#the-documentation-field-optional => manifest.html#the-documentation-field
DEBUG mdbook_pandoc::preprocess: Processing redirect: /reference/manifest.html#the-edition-field-optional => manifest.html#the-edition-field
DEBUG mdbook_pandoc::preprocess: Processing redirect: /reference/manifest.html#the-exclude-and-include-fields-optional => manifest.html#the-exclude-and-include-fields
DEBUG mdbook_pandoc::preprocess: Processing redirect: /reference/manifest.html#the-features-section => features.html#the-features-section
DEBUG mdbook_pandoc::preprocess: Processing redirect: /reference/manifest.html#the-links-field-optional => manifest.html#the-links-field
DEBUG mdbook_pandoc::preprocess: Processing redirect: /reference/manifest.html#the-metadata-table-optional => manifest.html#the-metadata-table
DEBUG mdbook_pandoc::preprocess: Processing redirect: /reference/manifest.html#the-patch-section => overriding-dependencies.html#the-patch-section
DEBUG mdbook_pandoc::preprocess: Processing redirect: /reference/manifest.html#the-project-layout => ../guide/project-layout.html
DEBUG mdbook_pandoc::preprocess: Processing redirect: /reference/manifest.html#the-publish--field-optional => manifest.html#the-publish-field
DEBUG mdbook_pandoc::preprocess: Processing redirect: /reference/manifest.html#the-replace-section => overriding-dependencies.html#the-replace-section
DEBUG mdbook_pandoc::preprocess: Processing redirect: /reference/manifest.html#the-required-features-field-optional => cargo-targets.html#the-required-features-field
DEBUG mdbook_pandoc::preprocess: Processing redirect: /reference/manifest.html#the-workspace--field-optional => manifest.html#the-workspace-field
DEBUG mdbook_pandoc::preprocess: Processing redirect: /reference/manifest.html#the-workspace-section => workspaces.html#the-workspace-section
DEBUG mdbook_pandoc::preprocess: Processing redirect: /reference/manifest.html#usage-in-end-products => features.html
DEBUG mdbook_pandoc::preprocess: Processing redirect: /reference/manifest.html#usage-in-packages => features.html
DEBUG mdbook_pandoc::preprocess: Processing redirect: /reference/manifest.html#using-patch-with-multiple-versions => overriding-dependencies.html#using-patch-with-multiple-versions
DEBUG mdbook_pandoc::preprocess: Processing redirect: /reference/manifest.html#virtual-workspace => workspaces.html
DEBUG mdbook_pandoc::preprocess: Processing redirect: /reference/registries.html#index-format => registry-index.html
DEBUG mdbook_pandoc::preprocess: Processing redirect: /reference/registries.html#login => registry-web-api.html#login
DEBUG mdbook_pandoc::preprocess: Processing redirect: /reference/registries.html#owners => registry-web-api.html#owners
DEBUG mdbook_pandoc::preprocess: Processing redirect: /reference/registries.html#owners-add => registry-web-api.html#owners-add
DEBUG mdbook_pandoc::preprocess: Processing redirect: /reference/registries.html#owners-list => registry-web-api.html#owners-list
DEBUG mdbook_pandoc::preprocess: Processing redirect: /reference/registries.html#owners-remove => registry-web-api.html#owners-remove
DEBUG mdbook_pandoc::preprocess: Processing redirect: /reference/registries.html#publish => registry-web-api.html#publish
DEBUG mdbook_pandoc::preprocess: Processing redirect: /reference/registries.html#running-a-registry => running-a-registry.html
DEBUG mdbook_pandoc::preprocess: Processing redirect: /reference/registries.html#search => registry-web-api.html#search
DEBUG mdbook_pandoc::preprocess: Processing redirect: /reference/registries.html#unyank => registry-web-api.html#unyank
DEBUG mdbook_pandoc::preprocess: Processing redirect: /reference/registries.html#web-api => registry-web-api.html
DEBUG mdbook_pandoc::preprocess: Processing redirect: /reference/registries.html#yank => registry-web-api.html#yank
DEBUG mdbook_pandoc::preprocess: Processing redirect: /reference/resolver.html#other-constraints => #constraints-and-heuristics
DEBUG mdbook_pandoc::preprocess: Processing redirect: /reference/resolver.html#pre-releases => specifying-dependencies.html#pre-releases
DEBUG mdbook_pandoc::preprocess: Processing redirect: /reference/resolver.html#version-metadata => specifying-dependencies.html#version-metadata
DEBUG mdbook_pandoc::preprocess: Processing redirect: /reference/specifying-dependencies.html#overriding-dependencies => overriding-dependencies.html
DEBUG mdbook_pandoc::preprocess: Processing redirect: /reference/specifying-dependencies.html#overriding-repository-url => overriding-dependencies.html#overriding-repository-url
DEBUG mdbook_pandoc::preprocess: Processing redirect: /reference/specifying-dependencies.html#overriding-with-local-dependencies => overriding-dependencies.html#paths-overrides
DEBUG mdbook_pandoc::preprocess: Processing redirect: /reference/specifying-dependencies.html#prepublishing-a-breaking-change => overriding-dependencies.html#prepublishing-a-breaking-change
DEBUG mdbook_pandoc::preprocess: Processing redirect: /reference/specifying-dependencies.html#testing-a-bugfix => overriding-dependencies.html#testing-a-bugfix
DEBUG mdbook_pandoc::preprocess: Processing redirect: /reference/specifying-dependencies.html#working-with-an-unpublished-minor-version => overriding-dependencies.html#working-with-an-unpublished-minor-version
DEBUG mdbook_pandoc::preprocess: Processing redirect: /reference/workspaces.html#virtual-manifest => workspaces.html#virtual-workspace
DEBUG mdbook_pandoc::preprocess: Registered redirect: book/pdf/src/commands/cargo-git-checkout.html => book/pdf/src/commands/deprecated-and-removed.md#deprecated-and-removed-commands
DEBUG mdbook_pandoc::preprocess: Registered redirect: book/pdf/src/commands/cargo-read-manifest.html => book/pdf/src/commands/deprecated-and-removed.md#deprecated-and-removed-commands
DEBUG mdbook_pandoc::preprocess: Registered redirect: book/pdf/src/commands/cargo-verify-project.html => book/pdf/src/commands/deprecated-and-removed.md#deprecated-and-removed-commands
DEBUG mdbook_pandoc::preprocess: Registered redirect: book/pdf/src/guide/build-cache.html => book/pdf/src/reference/build-cache.md#build-cache
DEBUG mdbook_pandoc::preprocess: Registered redirect: book/pdf/src/reference/manifest.html#building-dynamic-or-static-libraries => book/pdf/src/reference/cargo-targets.md#the-crate-type-field
DEBUG mdbook_pandoc::preprocess: Registered redirect: book/pdf/src/reference/manifest.html#configuring-a-target => book/pdf/src/reference/cargo-targets.md#configuring-a-target
DEBUG mdbook_pandoc::preprocess: Registered redirect: book/pdf/src/reference/manifest.html#examples => book/pdf/src/reference/cargo-targets.md#examples
DEBUG mdbook_pandoc::preprocess: Registered redirect: book/pdf/src/reference/manifest.html#integration-tests => book/pdf/src/reference/cargo-targets.md#integration-tests
DEBUG mdbook_pandoc::preprocess: Registered redirect: book/pdf/src/reference/manifest.html#package-build => book/pdf/src/reference/manifest.md#the-build-field
DEBUG mdbook_pandoc::preprocess: Registered redirect: book/pdf/src/reference/manifest.html#package-metadata => book/pdf/src/reference/manifest.md#the-package-section
DEBUG mdbook_pandoc::preprocess: Registered redirect: book/pdf/src/reference/manifest.html#package-selection => book/pdf/src/reference/workspaces.md#package-selection
DEBUG mdbook_pandoc::preprocess: Registered redirect: book/pdf/src/reference/manifest.html#rules => book/pdf/src/reference/features.md#features
DEBUG mdbook_pandoc::preprocess: Registered redirect: book/pdf/src/reference/manifest.html#rust-version => book/pdf/src/reference/rust-version.md#rust-version
DEBUG mdbook_pandoc::preprocess: Registered redirect: book/pdf/src/reference/manifest.html#target-auto-discovery => book/pdf/src/reference/cargo-targets.md#target-auto-discovery
DEBUG mdbook_pandoc::preprocess: Registered redirect: book/pdf/src/reference/manifest.html#tests => book/pdf/src/reference/cargo-targets.md#tests
DEBUG mdbook_pandoc::preprocess: Registered redirect: book/pdf/src/reference/manifest.html#the-authors-field-optional => book/pdf/src/reference/manifest.md#the-authors-field
DEBUG mdbook_pandoc::preprocess: Registered redirect: book/pdf/src/reference/manifest.html#the-build-field-optional => book/pdf/src/reference/manifest.md#the-build-field
DEBUG mdbook_pandoc::preprocess: Registered redirect: book/pdf/src/reference/manifest.html#the-documentation-field-optional => book/pdf/src/reference/manifest.md#the-documentation-field
DEBUG mdbook_pandoc::preprocess: Registered redirect: book/pdf/src/reference/manifest.html#the-edition-field-optional => book/pdf/src/reference/manifest.md#the-edition-field
DEBUG mdbook_pandoc::preprocess: Registered redirect: book/pdf/src/reference/manifest.html#the-exclude-and-include-fields-optional => book/pdf/src/reference/manifest.md#the-exclude-and-include-fields
DEBUG mdbook_pandoc::preprocess: Registered redirect: book/pdf/src/reference/manifest.html#the-features-section => book/pdf/src/reference/features.md#the-features-section
DEBUG mdbook_pandoc::preprocess: Registered redirect: book/pdf/src/reference/manifest.html#the-links-field-optional => book/pdf/src/reference/manifest.md#the-links-field
DEBUG mdbook_pandoc::preprocess: Registered redirect: book/pdf/src/reference/manifest.html#the-metadata-table-optional => book/pdf/src/reference/manifest.md#the-metadata-table
DEBUG mdbook_pandoc::preprocess: Registered redirect: book/pdf/src/reference/manifest.html#the-patch-section => book/pdf/src/reference/overriding-dependencies.md#the-patch-section
DEBUG mdbook_pandoc::preprocess: Registered redirect: book/pdf/src/reference/manifest.html#the-project-layout => book/pdf/src/guide/project-layout.md#package-layout
DEBUG mdbook_pandoc::preprocess: Registered redirect: book/pdf/src/reference/manifest.html#the-publish--field-optional => book/pdf/src/reference/manifest.md#the-publish-field
DEBUG mdbook_pandoc::preprocess: Registered redirect: book/pdf/src/reference/manifest.html#the-replace-section => book/pdf/src/reference/overriding-dependencies.md#the-replace-section
DEBUG mdbook_pandoc::preprocess: Registered redirect: book/pdf/src/reference/manifest.html#the-required-features-field-optional => book/pdf/src/reference/cargo-targets.md#the-required-features-field
DEBUG mdbook_pandoc::preprocess: Registered redirect: book/pdf/src/reference/manifest.html#the-workspace--field-optional => book/pdf/src/reference/manifest.md#the-workspace-field
DEBUG mdbook_pandoc::preprocess: Registered redirect: book/pdf/src/reference/manifest.html#the-workspace-section => book/pdf/src/reference/workspaces.md#the-workspace-section
DEBUG mdbook_pandoc::preprocess: Registered redirect: book/pdf/src/reference/manifest.html#usage-in-end-products => book/pdf/src/reference/features.md#features
DEBUG mdbook_pandoc::preprocess: Registered redirect: book/pdf/src/reference/manifest.html#usage-in-packages => book/pdf/src/reference/features.md#features
DEBUG mdbook_pandoc::preprocess: Registered redirect: book/pdf/src/reference/manifest.html#using-patch-with-multiple-versions => book/pdf/src/reference/overriding-dependencies.md#using-patch-with-multiple-versions
DEBUG mdbook_pandoc::preprocess: Registered redirect: book/pdf/src/reference/manifest.html#virtual-workspace => book/pdf/src/reference/workspaces.md#workspaces
DEBUG mdbook_pandoc::preprocess: Registered redirect: book/pdf/src/reference/registries.html#index-format => book/pdf/src/reference/registry-index.md#index-format
DEBUG mdbook_pandoc::preprocess: Registered redirect: book/pdf/src/reference/registries.html#login => book/pdf/src/reference/registry-web-api.md#login
DEBUG mdbook_pandoc::preprocess: Registered redirect: book/pdf/src/reference/registries.html#owners => book/pdf/src/reference/registry-web-api.md#owners
DEBUG mdbook_pandoc::preprocess: Registered redirect: book/pdf/src/reference/registries.html#owners-add => book/pdf/src/reference/registry-web-api.md#owners-add
DEBUG mdbook_pandoc::preprocess: Registered redirect: book/pdf/src/reference/registries.html#owners-list => book/pdf/src/reference/registry-web-api.md#owners-list
DEBUG mdbook_pandoc::preprocess: Registered redirect: book/pdf/src/reference/registries.html#owners-remove => book/pdf/src/reference/registry-web-api.md#owners-remove
DEBUG mdbook_pandoc::preprocess: Registered redirect: book/pdf/src/reference/registries.html#publish => book/pdf/src/reference/registry-web-api.md#publish
DEBUG mdbook_pandoc::preprocess: Registered redirect: book/pdf/src/reference/registries.html#running-a-registry => book/pdf/src/reference/running-a-registry.md#running-a-registry
DEBUG mdbook_pandoc::preprocess: Registered redirect: book/pdf/src/reference/registries.html#search => book/pdf/src/reference/registry-web-api.md#search
DEBUG mdbook_pandoc::preprocess: Registered redirect: book/pdf/src/reference/registries.html#unyank => book/pdf/src/reference/registry-web-api.md#unyank
DEBUG mdbook_pandoc::preprocess: Registered redirect: book/pdf/src/reference/registries.html#web-api => book/pdf/src/reference/registry-web-api.md#web-api
DEBUG mdbook_pandoc::preprocess: Registered redirect: book/pdf/src/reference/registries.html#yank => book/pdf/src/reference/registry-web-api.md#yank
DEBUG mdbook_pandoc::preprocess: Registered redirect: book/pdf/src/reference/resolver.html#other-constraints => #constraints-and-heuristics
DEBUG mdbook_pandoc::preprocess: Registered redirect: book/pdf/src/reference/resolver.html#pre-releases => book/pdf/src/reference/specifying-dependencies.md#pre-releases
DEBUG mdbook_pandoc::preprocess: Registered redirect: book/pdf/src/reference/resolver.html#version-metadata => book/pdf/src/reference/specifying-dependencies.md#version-metadata
DEBUG mdbook_pandoc::preprocess: Registered redirect: book/pdf/src/reference/specifying-dependencies.html#overriding-dependencies => book/pdf/src/reference/overriding-dependencies.md#overriding-dependencies
DEBUG mdbook_pandoc::preprocess: Registered redirect: book/pdf/src/reference/specifying-dependencies.html#overriding-repository-url => book/pdf/src/reference/overriding-dependencies.md#overriding-repository-url
DEBUG mdbook_pandoc::preprocess: Registered redirect: book/pdf/src/reference/specifying-dependencies.html#overriding-with-local-dependencies => book/pdf/src/reference/overriding-dependencies.md#paths-overrides
DEBUG mdbook_pandoc::preprocess: Registered redirect: book/pdf/src/reference/specifying-dependencies.html#prepublishing-a-breaking-change => book/pdf/src/reference/overriding-dependencies.md#prepublishing-a-breaking-change
DEBUG mdbook_pandoc::preprocess: Registered redirect: book/pdf/src/reference/specifying-dependencies.html#testing-a-bugfix => book/pdf/src/reference/overriding-dependencies.md#testing-a-bugfix
DEBUG mdbook_pandoc::preprocess: Registered redirect: book/pdf/src/reference/specifying-dependencies.html#working-with-an-unpublished-minor-version => book/pdf/src/reference/overriding-dependencies.md#working-with-an-unpublished-minor-version
DEBUG mdbook_pandoc::preprocess: Registered redirect: book/pdf/src/reference/workspaces.html#virtual-manifest => book/pdf/src/reference/workspaces.md#virtual-workspace
DEBUG mdbook_pandoc::preprocess: Preprocessing 'Introduction'
DEBUG mdbook_pandoc::preprocess: Preprocessing 'Getting Started'
DEBUG mdbook_pandoc::preprocess: Preprocessing 'Installation'
DEBUG mdbook_pandoc::preprocess: Preprocessing 'First Steps with Cargo'
DEBUG mdbook_pandoc::preprocess: Preprocessing 'Cargo Guide'
DEBUG mdbook_pandoc::preprocess: Preprocessing 'Why Cargo Exists'
DEBUG mdbook_pandoc::preprocess: Preprocessing 'Creating a New Package'
DEBUG mdbook_pandoc::preprocess: Preprocessing 'Working on an Existing Package'
DEBUG mdbook_pandoc::preprocess: Preprocessing 'Dependencies'
DEBUG mdbook_pandoc::preprocess: Preprocessing 'Package Layout'
 INFO mdbook_pandoc::preprocess: Failed to resolve link '../../book/ch07-00-managing-growing-projects-with-packages-crates-and-modules.html' in chapter 'guide/project-layout.md', linking to hosted HTML book at 'https://doc.rust-lang.org/cargo/guide/../../book/ch07-00-managing-growing-projects-with-packages-crates-and-modules.html'
DEBUG mdbook_pandoc::preprocess: Preprocessing 'Cargo.toml vs Cargo.lock'
DEBUG mdbook_pandoc::preprocess: Preprocessing 'Tests'
 INFO mdbook_pandoc::preprocess: Failed to resolve link '../../rustdoc/write-documentation/documentation-tests.html' in chapter 'guide/tests.md', linking to hosted HTML book at 'https://doc.rust-lang.org/cargo/guide/../../rustdoc/write-documentation/documentation-tests.html'
 INFO mdbook_pandoc::preprocess: Failed to resolve link '../../book/ch11-00-testing.html' in chapter 'guide/tests.md', linking to hosted HTML book at 'https://doc.rust-lang.org/cargo/guide/../../book/ch11-00-testing.html'
DEBUG mdbook_pandoc::preprocess: Preprocessing 'Continuous Integration'
DEBUG mdbook_pandoc::preprocess: Preprocessing 'Publishing on crates.io'
DEBUG mdbook_pandoc::preprocess: Preprocessing 'Cargo Home'
DEBUG mdbook_pandoc::preprocess: Preprocessing 'Optimizing Build Performance'
DEBUG mdbook_pandoc::preprocess: Preprocessing 'Cargo Reference'
DEBUG mdbook_pandoc::preprocess: Preprocessing 'The Manifest Format'
 INFO mdbook_pandoc::preprocess: Failed to resolve link '../../std/primitive.char.html#method.is_alphanumeric' in chapter 'reference/manifest.md', linking to hosted HTML book at 'https://doc.rust-lang.org/cargo/reference/../../std/primitive.char.html'
 INFO mdbook_pandoc::preprocess: Failed to resolve link '../../edition-guide/index.html' in chapter 'reference/manifest.md', linking to hosted HTML book at 'https://doc.rust-lang.org/cargo/reference/../../edition-guide/index.html'
 INFO mdbook_pandoc::preprocess: Failed to resolve link '../../rustc/lints/levels.html#capping-lints' in chapter 'reference/manifest.md', linking to hosted HTML book at 'https://doc.rust-lang.org/cargo/reference/../../rustc/lints/levels.html'
DEBUG mdbook_pandoc::preprocess: Preprocessing 'Cargo Targets'
 INFO mdbook_pandoc::preprocess: Failed to resolve link '../../reference/attributes/testing.html#the-test-attribute' in chapter 'reference/cargo-targets.md', linking to hosted HTML book at 'https://doc.rust-lang.org/cargo/reference/../../reference/attributes/testing.html'
 INFO mdbook_pandoc::preprocess: Failed to resolve link '../../rustc/tests/index.html' in chapter 'reference/cargo-targets.md', linking to hosted HTML book at 'https://doc.rust-lang.org/cargo/reference/../../rustc/tests/index.html'
 INFO mdbook_pandoc::preprocess: Failed to resolve link '../../reference/attributes/testing.html#the-test-attribute' in chapter 'reference/cargo-targets.md', linking to hosted HTML book at 'https://doc.rust-lang.org/cargo/reference/../../reference/attributes/testing.html'
 INFO mdbook_pandoc::preprocess: Failed to resolve link '../../rustdoc/documentation-tests.html' in chapter 'reference/cargo-targets.md', linking to hosted HTML book at 'https://doc.rust-lang.org/cargo/reference/../../rustdoc/documentation-tests.html'
 INFO mdbook_pandoc::preprocess: Failed to resolve link '../../std/macro.env.html' in chapter 'reference/cargo-targets.md', linking to hosted HTML book at 'https://doc.rust-lang.org/cargo/reference/../../std/macro.env.html'
 INFO mdbook_pandoc::preprocess: Failed to resolve link '../../unstable-book/library-features/test.html' in chapter 'reference/cargo-targets.md', linking to hosted HTML book at 'https://doc.rust-lang.org/cargo/reference/../../unstable-book/library-features/test.html'
 INFO mdbook_pandoc::preprocess: Failed to resolve link '../../book/appendix-07-nightly-rust.html' in chapter 'reference/cargo-targets.md', linking to hosted HTML book at 'https://doc.rust-lang.org/cargo/reference/../../book/appendix-07-nightly-rust.html'
 INFO mdbook_pandoc::preprocess: Failed to resolve link '../../reference/attributes/testing.html#the-test-attribute' in chapter 'reference/cargo-targets.md', linking to hosted HTML book at 'https://doc.rust-lang.org/cargo/reference/../../reference/attributes/testing.html'
 INFO mdbook_pandoc::preprocess: Failed to resolve link '../../rustdoc/documentation-tests.html' in chapter 'reference/cargo-targets.md', linking to hosted HTML book at 'https://doc.rust-lang.org/cargo/reference/../../rustdoc/documentation-tests.html'
 INFO mdbook_pandoc::preprocess: Failed to resolve link '../../book/ch19-06-macros.html' in chapter 'reference/cargo-targets.md', linking to hosted HTML book at 'https://doc.rust-lang.org/cargo/reference/../../book/ch19-06-macros.html'
 INFO mdbook_pandoc::preprocess: Failed to resolve link '../../reference/procedural-macros.html' in chapter 'reference/cargo-targets.md', linking to hosted HTML book at 'https://doc.rust-lang.org/cargo/reference/../../reference/procedural-macros.html'
 INFO mdbook_pandoc::preprocess: Failed to resolve link '../../rustc/command-line-arguments.html#option-test' in chapter 'reference/cargo-targets.md', linking to hosted HTML book at 'https://doc.rust-lang.org/cargo/reference/../../rustc/command-line-arguments.html'
 INFO mdbook_pandoc::preprocess: Failed to resolve link '../../reference/attributes/testing.html#the-test-attribute' in chapter 'reference/cargo-targets.md', linking to hosted HTML book at 'https://doc.rust-lang.org/cargo/reference/../../reference/attributes/testing.html'
 INFO mdbook_pandoc::preprocess: Failed to resolve link '../../reference/conditional-compilation.html#test' in chapter 'reference/cargo-targets.md', linking to hosted HTML book at 'https://doc.rust-lang.org/cargo/reference/../../reference/conditional-compilation.html'
 INFO mdbook_pandoc::preprocess: Failed to resolve link '../../reference/linkage.html' in chapter 'reference/cargo-targets.md', linking to hosted HTML book at 'https://doc.rust-lang.org/cargo/reference/../../reference/linkage.html'
 INFO mdbook_pandoc::preprocess: Failed to resolve link '../../reference/linkage.html' in chapter 'reference/cargo-targets.md', linking to hosted HTML book at 'https://doc.rust-lang.org/cargo/reference/../../reference/linkage.html'
 INFO mdbook_pandoc::preprocess: Failed to resolve link '../../edition-guide/index.html' in chapter 'reference/cargo-targets.md', linking to hosted HTML book at 'https://doc.rust-lang.org/cargo/reference/../../edition-guide/index.html'
DEBUG mdbook_pandoc::preprocess: Preprocessing 'Rust version'
DEBUG mdbook_pandoc::preprocess: Preprocessing 'Workspaces'
DEBUG mdbook_pandoc::preprocess: Preprocessing 'Specifying Dependencies'
 INFO mdbook_pandoc::preprocess: Failed to resolve link '../../reference/conditional-compilation.html' in chapter 'reference/specifying-dependencies.md', linking to hosted HTML book at 'https://doc.rust-lang.org/cargo/reference/../../reference/conditional-compilation.html'
DEBUG mdbook_pandoc::preprocess: Preprocessing 'Overriding Dependencies'
DEBUG mdbook_pandoc::preprocess: Preprocessing 'Source Replacement'
DEBUG mdbook_pandoc::preprocess: Preprocessing 'Dependency Resolution'
 INFO mdbook_pandoc::preprocess: Failed to resolve link '../../std/any/trait.Any.html#method.downcast_ref' in chapter 'reference/resolver.md', linking to hosted HTML book at 'https://doc.rust-lang.org/cargo/reference/../../std/any/trait.Any.html'
DEBUG mdbook_pandoc::preprocess: Preprocessing 'Features'
 INFO mdbook_pandoc::preprocess: Failed to resolve link '../../reference/conditional-compilation.md' in chapter 'reference/features.md', linking to hosted HTML book at 'https://doc.rust-lang.org/cargo/reference/../../reference/conditional-compilation.md'
 INFO mdbook_pandoc::preprocess: Failed to resolve link '../../reference/conditional-compilation.md' in chapter 'reference/features.md', linking to hosted HTML book at 'https://doc.rust-lang.org/cargo/reference/../../reference/conditional-compilation.md'
 INFO mdbook_pandoc::preprocess: Failed to resolve link '../../rustc/command-line-arguments.md#option-cfg' in chapter 'reference/features.md', linking to hosted HTML book at 'https://doc.rust-lang.org/cargo/reference/../../rustc/command-line-arguments.md'
 INFO mdbook_pandoc::preprocess: Failed to resolve link '../../reference/conditional-compilation.md#the-cfg-attribute' in chapter 'reference/features.md', linking to hosted HTML book at 'https://doc.rust-lang.org/cargo/reference/../../reference/conditional-compilation.md'
 INFO mdbook_pandoc::preprocess: Failed to resolve link '../../std/macro.cfg.html' in chapter 'reference/features.md', linking to hosted HTML book at 'https://doc.rust-lang.org/cargo/reference/../../std/macro.cfg.html'
 INFO mdbook_pandoc::preprocess: Failed to resolve link '../../std/primitive.char.html#method.is_ascii_alphanumeric' in chapter 'reference/features.md', linking to hosted HTML book at 'https://doc.rust-lang.org/cargo/reference/../../std/primitive.char.html'
 INFO mdbook_pandoc::preprocess: Failed to resolve link '../../reference/names/preludes.html#the-no_std-attribute' in chapter 'reference/features.md', linking to hosted HTML book at 'https://doc.rust-lang.org/cargo/reference/../../reference/names/preludes.html'
 INFO mdbook_pandoc::preprocess: Failed to resolve link '../../rustdoc/how-to-write-documentation.html' in chapter 'reference/features.md', linking to hosted HTML book at 'https://doc.rust-lang.org/cargo/reference/../../rustdoc/how-to-write-documentation.html'
 INFO mdbook_pandoc::preprocess: Failed to resolve link '../../unstable-book/language-features/doc-cfg.html' in chapter 'reference/features.md', linking to hosted HTML book at 'https://doc.rust-lang.org/cargo/reference/../../unstable-book/language-features/doc-cfg.html'
DEBUG mdbook_pandoc::preprocess: Preprocessing 'Features Examples'
 INFO mdbook_pandoc::preprocess: Failed to resolve link '../../reference/names/preludes.html#the-no_std-attribute' in chapter 'reference/features-examples.md', linking to hosted HTML book at 'https://doc.rust-lang.org/cargo/reference/../../reference/names/preludes.html'
 INFO mdbook_pandoc::preprocess: Failed to resolve link '../../std/prelude/index.html' in chapter 'reference/features-examples.md', linking to hosted HTML book at 'https://doc.rust-lang.org/cargo/reference/../../std/prelude/index.html'
 INFO mdbook_pandoc::preprocess: Failed to resolve link '../../book/appendix-07-nightly-rust.html' in chapter 'reference/features-examples.md', linking to hosted HTML book at 'https://doc.rust-lang.org/cargo/reference/../../book/appendix-07-nightly-rust.html'
 INFO mdbook_pandoc::preprocess: Failed to resolve link '../../std/marker/trait.Unsize.html' in chapter 'reference/features-examples.md', linking to hosted HTML book at 'https://doc.rust-lang.org/cargo/reference/../../std/marker/trait.Unsize.html'
 INFO mdbook_pandoc::preprocess: Failed to resolve link '../../unstable-book/index.html' in chapter 'reference/features-examples.md', linking to hosted HTML book at 'https://doc.rust-lang.org/cargo/reference/../../unstable-book/index.html'
DEBUG mdbook_pandoc::preprocess: Preprocessing 'Profiles'
 INFO mdbook_pandoc::preprocess: Failed to resolve link '../../rustc/codegen-options/index.html#opt-level' in chapter 'reference/profiles.md', linking to hosted HTML book at 'https://doc.rust-lang.org/cargo/reference/../../rustc/codegen-options/index.html'
 INFO mdbook_pandoc::preprocess: Failed to resolve link '../../rustc/profile-guided-optimization.html' in chapter 'reference/profiles.md', linking to hosted HTML book at 'https://doc.rust-lang.org/cargo/reference/../../rustc/profile-guided-optimization.html'
 INFO mdbook_pandoc::preprocess: Failed to resolve link '../../rustc/codegen-options/index.html#debuginfo' in chapter 'reference/profiles.md', linking to hosted HTML book at 'https://doc.rust-lang.org/cargo/reference/../../rustc/codegen-options/index.html'
 INFO mdbook_pandoc::preprocess: Failed to resolve link '../../rustc/codegen-options/index.html#debuginfo' in chapter 'reference/profiles.md', linking to hosted HTML book at 'https://doc.rust-lang.org/cargo/reference/../../rustc/codegen-options/index.html'
 INFO mdbook_pandoc::preprocess: Failed to resolve link '../../rustc/codegen-options/index.html#split-debuginfo' in chapter 'reference/profiles.md', linking to hosted HTML book at 'https://doc.rust-lang.org/cargo/reference/../../rustc/codegen-options/index.html'
 INFO mdbook_pandoc::preprocess: Failed to resolve link '../../rustc/codegen-options/index.html#split-debuginfo' in chapter 'reference/profiles.md', linking to hosted HTML book at 'https://doc.rust-lang.org/cargo/reference/../../rustc/codegen-options/index.html'
 INFO mdbook_pandoc::preprocess: Failed to resolve link '../../rustc/codegen-options/index.html#split-debuginfo' in chapter 'reference/profiles.md', linking to hosted HTML book at 'https://doc.rust-lang.org/cargo/reference/../../rustc/codegen-options/index.html'
 INFO mdbook_pandoc::preprocess: Failed to resolve link '../../book/appendix-07-nightly-rust.html' in chapter 'reference/profiles.md', linking to hosted HTML book at 'https://doc.rust-lang.org/cargo/reference/../../book/appendix-07-nightly-rust.html'
 INFO mdbook_pandoc::preprocess: Failed to resolve link '../../rustc/codegen-options/index.html#strip' in chapter 'reference/profiles.md', linking to hosted HTML book at 'https://doc.rust-lang.org/cargo/reference/../../rustc/codegen-options/index.html'
 INFO mdbook_pandoc::preprocess: Failed to resolve link '../../rustc/codegen-options/index.html#debug-assertions' in chapter 'reference/profiles.md', linking to hosted HTML book at 'https://doc.rust-lang.org/cargo/reference/../../rustc/codegen-options/index.html'
 INFO mdbook_pandoc::preprocess: Failed to resolve link '../../reference/conditional-compilation.md#debug_assertions' in chapter 'reference/profiles.md', linking to hosted HTML book at 'https://doc.rust-lang.org/cargo/reference/../../reference/conditional-compilation.md'
 INFO mdbook_pandoc::preprocess: Failed to resolve link '../../std/macro.debug_assert.html' in chapter 'reference/profiles.md', linking to hosted HTML book at 'https://doc.rust-lang.org/cargo/reference/../../std/macro.debug_assert.html'
 INFO mdbook_pandoc::preprocess: Failed to resolve link '../../rustc/codegen-options/index.html#overflow-checks' in chapter 'reference/profiles.md', linking to hosted HTML book at 'https://doc.rust-lang.org/cargo/reference/../../rustc/codegen-options/index.html'
 INFO mdbook_pandoc::preprocess: Failed to resolve link '../../reference/expressions/operator-expr.md#overflow' in chapter 'reference/profiles.md', linking to hosted HTML book at 'https://doc.rust-lang.org/cargo/reference/../../reference/expressions/operator-expr.md'
 INFO mdbook_pandoc::preprocess: Failed to resolve link '../../rustc/codegen-options/index.html#lto' in chapter 'reference/profiles.md', linking to hosted HTML book at 'https://doc.rust-lang.org/cargo/reference/../../rustc/codegen-options/index.html'
 INFO mdbook_pandoc::preprocess: Failed to resolve link '../../rustc/codegen-options/index.html#linker-plugin-lto' in chapter 'reference/profiles.md', linking to hosted HTML book at 'https://doc.rust-lang.org/cargo/reference/../../rustc/codegen-options/index.html'
 INFO mdbook_pandoc::preprocess: Failed to resolve link '../../rustc/codegen-options/index.html#embed-bitcode' in chapter 'reference/profiles.md', linking to hosted HTML book at 'https://doc.rust-lang.org/cargo/reference/../../rustc/codegen-options/index.html'
 INFO mdbook_pandoc::preprocess: Failed to resolve link '../../rustc/linker-plugin-lto.html' in chapter 'reference/profiles.md', linking to hosted HTML book at 'https://doc.rust-lang.org/cargo/reference/../../rustc/linker-plugin-lto.html'
 INFO mdbook_pandoc::preprocess: Failed to resolve link '../../rustc/codegen-options/index.html#panic' in chapter 'reference/profiles.md', linking to hosted HTML book at 'https://doc.rust-lang.org/cargo/reference/../../rustc/codegen-options/index.html'
 INFO mdbook_pandoc::preprocess: Failed to resolve link '../../rustc/codegen-options/index.html#incremental' in chapter 'reference/profiles.md', linking to hosted HTML book at 'https://doc.rust-lang.org/cargo/reference/../../rustc/codegen-options/index.html'
 INFO mdbook_pandoc::preprocess: Failed to resolve link '../../rustc/codegen-options/index.html#codegen-units' in chapter 'reference/profiles.md', linking to hosted HTML book at 'https://doc.rust-lang.org/cargo/reference/../../rustc/codegen-options/index.html'
 INFO mdbook_pandoc::preprocess: Failed to resolve link '../../rustc/codegen-options/index.html#rpath' in chapter 'reference/profiles.md', linking to hosted HTML book at 'https://doc.rust-lang.org/cargo/reference/../../rustc/codegen-options/index.html'
DEBUG mdbook_pandoc::preprocess: Preprocessing 'Configuration'
 INFO mdbook_pandoc::preprocess: Failed to resolve link '../../rustc/targets/custom.html#custom-target-lookup-path' in chapter 'reference/config.md', linking to hosted HTML book at 'https://doc.rust-lang.org/cargo/reference/../../rustc/targets/custom.html'
 INFO mdbook_pandoc::preprocess: Failed to resolve link '../../reference/conditional-compilation.html' in chapter 'reference/config.md', linking to hosted HTML book at 'https://doc.rust-lang.org/cargo/reference/../../reference/conditional-compilation.html'
 INFO mdbook_pandoc::preprocess: Failed to resolve link '../../rustc/codegen-options/index.md#linker' in chapter 'reference/config.md', linking to hosted HTML book at 'https://doc.rust-lang.org/cargo/reference/../../rustc/codegen-options/index.md'
 INFO mdbook_pandoc::preprocess: Failed to resolve link '../../reference/conditional-compilation.html' in chapter 'reference/config.md', linking to hosted HTML book at 'https://doc.rust-lang.org/cargo/reference/../../reference/conditional-compilation.html'
 INFO mdbook_pandoc::preprocess: Failed to resolve link '../../reference/conditional-compilation.html' in chapter 'reference/config.md', linking to hosted HTML book at 'https://doc.rust-lang.org/cargo/reference/../../reference/conditional-compilation.html'
 INFO mdbook_pandoc::preprocess: Failed to resolve link '../../reference/conditional-compilation.html' in chapter 'reference/config.md', linking to hosted HTML book at 'https://doc.rust-lang.org/cargo/reference/../../reference/conditional-compilation.html'
DEBUG mdbook_pandoc::preprocess: Preprocessing 'Environment Variables'
 INFO mdbook_pandoc::preprocess: Failed to resolve link '../../std/macro.env.html' in chapter 'reference/environment-variables.md', linking to hosted HTML book at 'https://doc.rust-lang.org/cargo/reference/../../std/macro.env.html'
 INFO mdbook_pandoc::preprocess: Failed to resolve link '../../reference/conditional-compilation.html' in chapter 'reference/environment-variables.md', linking to hosted HTML book at 'https://doc.rust-lang.org/cargo/reference/../../reference/conditional-compilation.html'
 INFO mdbook_pandoc::preprocess: Failed to resolve link '../../reference/conditional-compilation.html#unix-and-windows' in chapter 'reference/environment-variables.md', linking to hosted HTML book at 'https://doc.rust-lang.org/cargo/reference/../../reference/conditional-compilation.html'
 INFO mdbook_pandoc::preprocess: Failed to resolve link '../../reference/conditional-compilation.html#unix-and-windows' in chapter 'reference/environment-variables.md', linking to hosted HTML book at 'https://doc.rust-lang.org/cargo/reference/../../reference/conditional-compilation.html'
 INFO mdbook_pandoc::preprocess: Failed to resolve link '../../reference/conditional-compilation.html#target_family' in chapter 'reference/environment-variables.md', linking to hosted HTML book at 'https://doc.rust-lang.org/cargo/reference/../../reference/conditional-compilation.html'
 INFO mdbook_pandoc::preprocess: Failed to resolve link '../../reference/conditional-compilation.html#target_os' in chapter 'reference/environment-variables.md', linking to hosted HTML book at 'https://doc.rust-lang.org/cargo/reference/../../reference/conditional-compilation.html'
 INFO mdbook_pandoc::preprocess: Failed to resolve link '../../reference/conditional-compilation.html#target_arch' in chapter 'reference/environment-variables.md', linking to hosted HTML book at 'https://doc.rust-lang.org/cargo/reference/../../reference/conditional-compilation.html'
 INFO mdbook_pandoc::preprocess: Failed to resolve link '../../reference/conditional-compilation.html#target_vendor' in chapter 'reference/environment-variables.md', linking to hosted HTML book at 'https://doc.rust-lang.org/cargo/reference/../../reference/conditional-compilation.html'
 INFO mdbook_pandoc::preprocess: Failed to resolve link '../../reference/conditional-compilation.html#target_env' in chapter 'reference/environment-variables.md', linking to hosted HTML book at 'https://doc.rust-lang.org/cargo/reference/../../reference/conditional-compilation.html'
 INFO mdbook_pandoc::preprocess: Failed to resolve link '../../reference/conditional-compilation.html#target_abi' in chapter 'reference/environment-variables.md', linking to hosted HTML book at 'https://doc.rust-lang.org/cargo/reference/../../reference/conditional-compilation.html'
 INFO mdbook_pandoc::preprocess: Failed to resolve link '../../reference/conditional-compilation.html#target_pointer_width' in chapter 'reference/environment-variables.md', linking to hosted HTML book at 'https://doc.rust-lang.org/cargo/reference/../../reference/conditional-compilation.html'
 INFO mdbook_pandoc::preprocess: Failed to resolve link '../../reference/conditional-compilation.html#target_endian' in chapter 'reference/environment-variables.md', linking to hosted HTML book at 'https://doc.rust-lang.org/cargo/reference/../../reference/conditional-compilation.html'
 INFO mdbook_pandoc::preprocess: Failed to resolve link '../../reference/conditional-compilation.html#target_feature' in chapter 'reference/environment-variables.md', linking to hosted HTML book at 'https://doc.rust-lang.org/cargo/reference/../../reference/conditional-compilation.html'
DEBUG mdbook_pandoc::preprocess: Preprocessing 'Build Scripts'
 INFO mdbook_pandoc::preprocess: Failed to resolve link '../../rustc/codegen-options/index.md#link-arg' in chapter 'reference/build-scripts.md', linking to hosted HTML book at 'https://doc.rust-lang.org/cargo/reference/../../rustc/codegen-options/index.md'
 INFO mdbook_pandoc::preprocess: Failed to resolve link '../../rustc/codegen-options/index.md#link-arg' in chapter 'reference/build-scripts.md', linking to hosted HTML book at 'https://doc.rust-lang.org/cargo/reference/../../rustc/codegen-options/index.md'
 INFO mdbook_pandoc::preprocess: Failed to resolve link '../../rustc/codegen-options/index.md#link-arg' in chapter 'reference/build-scripts.md', linking to hosted HTML book at 'https://doc.rust-lang.org/cargo/reference/../../rustc/codegen-options/index.md'
 INFO mdbook_pandoc::preprocess: Failed to resolve link '../../rustc/codegen-options/index.md#link-arg' in chapter 'reference/build-scripts.md', linking to hosted HTML book at 'https://doc.rust-lang.org/cargo/reference/../../rustc/codegen-options/index.md'
 INFO mdbook_pandoc::preprocess: Failed to resolve link '../../rustc/codegen-options/index.md#link-arg' in chapter 'reference/build-scripts.md', linking to hosted HTML book at 'https://doc.rust-lang.org/cargo/reference/../../rustc/codegen-options/index.md'
 INFO mdbook_pandoc::preprocess: Failed to resolve link '../../rustc/codegen-options/index.md#link-arg' in chapter 'reference/build-scripts.md', linking to hosted HTML book at 'https://doc.rust-lang.org/cargo/reference/../../rustc/codegen-options/index.md'
 INFO mdbook_pandoc::preprocess: Failed to resolve link '../../rustc/codegen-options/index.md#link-arg' in chapter 'reference/build-scripts.md', linking to hosted HTML book at 'https://doc.rust-lang.org/cargo/reference/../../rustc/codegen-options/index.md'
 INFO mdbook_pandoc::preprocess: Failed to resolve link '../../rustc/command-line-arguments.md#option-l-link-lib' in chapter 'reference/build-scripts.md', linking to hosted HTML book at 'https://doc.rust-lang.org/cargo/reference/../../rustc/command-line-arguments.md'
 INFO mdbook_pandoc::preprocess: Failed to resolve link '../../nomicon/ffi.md' in chapter 'reference/build-scripts.md', linking to hosted HTML book at 'https://doc.rust-lang.org/cargo/reference/../../nomicon/ffi.md'
 INFO mdbook_pandoc::preprocess: Failed to resolve link '../../rustc/command-line-arguments.md#option-l-link-lib' in chapter 'reference/build-scripts.md', linking to hosted HTML book at 'https://doc.rust-lang.org/cargo/reference/../../rustc/command-line-arguments.md'
 INFO mdbook_pandoc::preprocess: Failed to resolve link '../../rustc/command-line-arguments.md#option-l-search-path' in chapter 'reference/build-scripts.md', linking to hosted HTML book at 'https://doc.rust-lang.org/cargo/reference/../../rustc/command-line-arguments.md'
 INFO mdbook_pandoc::preprocess: Failed to resolve link '../../rustc/command-line-arguments.md#option-l-search-path' in chapter 'reference/build-scripts.md', linking to hosted HTML book at 'https://doc.rust-lang.org/cargo/reference/../../rustc/command-line-arguments.md'
 INFO mdbook_pandoc::preprocess: Failed to resolve link '../../rustc/command-line-arguments.md#option-cfg' in chapter 'reference/build-scripts.md', linking to hosted HTML book at 'https://doc.rust-lang.org/cargo/reference/../../rustc/command-line-arguments.md'
 INFO mdbook_pandoc::preprocess: Failed to resolve link '../../reference/conditional-compilation.md' in chapter 'reference/build-scripts.md', linking to hosted HTML book at 'https://doc.rust-lang.org/cargo/reference/../../reference/conditional-compilation.md'
 INFO mdbook_pandoc::preprocess: Failed to resolve link '../../rustc/lints/listing/warn-by-default.md#unexpected-cfgs' in chapter 'reference/build-scripts.md', linking to hosted HTML book at 'https://doc.rust-lang.org/cargo/reference/../../rustc/lints/listing/warn-by-default.md'
 INFO mdbook_pandoc::preprocess: Failed to resolve link '../../rustc/lints/listing/warn-by-default.md#unexpected-cfgs' in chapter 'reference/build-scripts.md', linking to hosted HTML book at 'https://doc.rust-lang.org/cargo/reference/../../rustc/lints/listing/warn-by-default.md'
 INFO mdbook_pandoc::preprocess: Failed to resolve link '../../rustc/command-line-arguments.md#option-check-cfg' in chapter 'reference/build-scripts.md', linking to hosted HTML book at 'https://doc.rust-lang.org/cargo/reference/../../rustc/command-line-arguments.md'
 INFO mdbook_pandoc::preprocess: Failed to resolve link '../../rustc/check-cfg.html' in chapter 'reference/build-scripts.md', linking to hosted HTML book at 'https://doc.rust-lang.org/cargo/reference/../../rustc/check-cfg.html'
 INFO mdbook_pandoc::preprocess: Failed to resolve link '../../rustc/command-line-arguments.md#option-cfg' in chapter 'reference/build-scripts.md', linking to hosted HTML book at 'https://doc.rust-lang.org/cargo/reference/../../rustc/command-line-arguments.md'
 INFO mdbook_pandoc::preprocess: Failed to resolve link '../../std/macro.env.html' in chapter 'reference/build-scripts.md', linking to hosted HTML book at 'https://doc.rust-lang.org/cargo/reference/../../std/macro.env.html'
 INFO mdbook_pandoc::preprocess: Failed to resolve link '../../std/macro.env.html' in chapter 'reference/build-scripts.md', linking to hosted HTML book at 'https://doc.rust-lang.org/cargo/reference/../../std/macro.env.html'
 INFO mdbook_pandoc::preprocess: Failed to resolve link '../../std/macro.option_env.html' in chapter 'reference/build-scripts.md', linking to hosted HTML book at 'https://doc.rust-lang.org/cargo/reference/../../std/macro.option_env.html'
DEBUG mdbook_pandoc::preprocess: Preprocessing 'Build Script Examples'
 INFO mdbook_pandoc::preprocess: Failed to resolve link '../../std/macro.include.html' in chapter 'reference/build-script-examples.md', linking to hosted HTML book at 'https://doc.rust-lang.org/cargo/reference/../../std/macro.include.html'
 INFO mdbook_pandoc::preprocess: Failed to resolve link '../../std/macro.concat.html' in chapter 'reference/build-script-examples.md', linking to hosted HTML book at 'https://doc.rust-lang.org/cargo/reference/../../std/macro.concat.html'
 INFO mdbook_pandoc::preprocess: Failed to resolve link '../../std/macro.env.html' in chapter 'reference/build-script-examples.md', linking to hosted HTML book at 'https://doc.rust-lang.org/cargo/reference/../../std/macro.env.html'
 INFO mdbook_pandoc::preprocess: Failed to resolve link '../../reference/conditional-compilation.md#the-cfg-attribute' in chapter 'reference/build-script-examples.md', linking to hosted HTML book at 'https://doc.rust-lang.org/cargo/reference/../../reference/conditional-compilation.md'
 INFO mdbook_pandoc::preprocess: Failed to resolve link '../../std/macro.cfg.html' in chapter 'reference/build-script-examples.md', linking to hosted HTML book at 'https://doc.rust-lang.org/cargo/reference/../../std/macro.cfg.html'
DEBUG mdbook_pandoc::preprocess: Preprocessing 'Build Cache'
DEBUG mdbook_pandoc::preprocess: Preprocessing 'Package ID Specifications'
DEBUG mdbook_pandoc::preprocess: Preprocessing 'External Tools'
 INFO mdbook_pandoc::preprocess: Failed to resolve link '../../rustc/json.md' in chapter 'reference/external-tools.md', linking to hosted HTML book at 'https://doc.rust-lang.org/cargo/reference/../../rustc/json.md'
DEBUG mdbook_pandoc::preprocess: Preprocessing 'Registries'
DEBUG mdbook_pandoc::preprocess: Preprocessing 'Registry Authentication'
DEBUG mdbook_pandoc::preprocess: Preprocessing 'Credential Provider Protocol'
DEBUG mdbook_pandoc::preprocess: Preprocessing 'Running a Registry'
DEBUG mdbook_pandoc::preprocess: Preprocessing 'Registry Index'
 INFO mdbook_pandoc::preprocess: Failed to resolve link '../../std/primitive.char.html#method.is_alphanumeric' in chapter 'reference/registry-index.md', linking to hosted HTML book at 'https://doc.rust-lang.org/cargo/reference/../../std/primitive.char.html'
DEBUG mdbook_pandoc::preprocess: Preprocessing 'Registry Web API'
DEBUG mdbook_pandoc::preprocess: Preprocessing 'SemVer Compatibility'
 INFO mdbook_pandoc::preprocess: Failed to resolve link '../../reference/items.html' in chapter 'reference/semver.md', linking to hosted HTML book at 'https://doc.rust-lang.org/cargo/reference/../../reference/items.html'
 INFO mdbook_pandoc::preprocess: Failed to resolve link '../../reference/conditional-compilation.md#the-cfg-attribute' in chapter 'reference/semver.md', linking to hosted HTML book at 'https://doc.rust-lang.org/cargo/reference/../../reference/conditional-compilation.md'
 INFO mdbook_pandoc::preprocess: Failed to resolve link '../../reference/conditional-compilation.md' in chapter 'reference/semver.md', linking to hosted HTML book at 'https://doc.rust-lang.org/cargo/reference/../../reference/conditional-compilation.md'
 INFO mdbook_pandoc::preprocess: Failed to resolve link '../../reference/attributes/diagnostics.html#the-deprecated-attribute' in chapter 'reference/semver.md', linking to hosted HTML book at 'https://doc.rust-lang.org/cargo/reference/../../reference/attributes/diagnostics.html'
 INFO mdbook_pandoc::preprocess: Failed to resolve link '../../reference/attributes/diagnostics.html#the-deprecated-attribute' in chapter 'reference/semver.md', linking to hosted HTML book at 'https://doc.rust-lang.org/cargo/reference/../../reference/attributes/diagnostics.html'
 INFO mdbook_pandoc::preprocess: Failed to resolve link '../../reference/items/use-declarations.html' in chapter 'reference/semver.md', linking to hosted HTML book at 'https://doc.rust-lang.org/cargo/reference/../../reference/items/use-declarations.html'
 INFO mdbook_pandoc::preprocess: Failed to resolve link '../../reference/items.html' in chapter 'reference/semver.md', linking to hosted HTML book at 'https://doc.rust-lang.org/cargo/reference/../../reference/items.html'
 INFO mdbook_pandoc::preprocess: Failed to resolve link '../../reference/type-layout.html#the-default-representation' in chapter 'reference/semver.md', linking to hosted HTML book at 'https://doc.rust-lang.org/cargo/reference/../../reference/type-layout.html'
 INFO mdbook_pandoc::preprocess: Failed to resolve link '../../reference/type-layout.html#primitive-representations' in chapter 'reference/semver.md', linking to hosted HTML book at 'https://doc.rust-lang.org/cargo/reference/../../reference/type-layout.html'
 INFO mdbook_pandoc::preprocess: Failed to resolve link '../../reference/type-layout.html#representations' in chapter 'reference/semver.md', linking to hosted HTML book at 'https://doc.rust-lang.org/cargo/reference/../../reference/type-layout.html'
 INFO mdbook_pandoc::preprocess: Failed to resolve link '../../std/cell/struct.UnsafeCell.html#memory-layout' in chapter 'reference/semver.md', linking to hosted HTML book at 'https://doc.rust-lang.org/cargo/reference/../../std/cell/struct.UnsafeCell.html'
 INFO mdbook_pandoc::preprocess: Failed to resolve link '../../reference/type-layout.html#the-default-representation' in chapter 'reference/semver.md', linking to hosted HTML book at 'https://doc.rust-lang.org/cargo/reference/../../reference/type-layout.html'
 INFO mdbook_pandoc::preprocess: Failed to resolve link '../../reference/type-layout.html#primitive-representations' in chapter 'reference/semver.md', linking to hosted HTML book at 'https://doc.rust-lang.org/cargo/reference/../../reference/type-layout.html'
 INFO mdbook_pandoc::preprocess: Failed to resolve link '../../reference/type-layout.html#the-default-representation' in chapter 'reference/semver.md', linking to hosted HTML book at 'https://doc.rust-lang.org/cargo/reference/../../reference/type-layout.html'
 INFO mdbook_pandoc::preprocess: Failed to resolve link '../../reference/type-layout.html#the-default-representation' in chapter 'reference/semver.md', linking to hosted HTML book at 'https://doc.rust-lang.org/cargo/reference/../../reference/type-layout.html'
 INFO mdbook_pandoc::preprocess: Failed to resolve link '../../edition-guide/rust-2021/disjoint-capture-in-closures.html' in chapter 'reference/semver.md', linking to hosted HTML book at 'https://doc.rust-lang.org/cargo/reference/../../edition-guide/rust-2021/disjoint-capture-in-closures.html'
 INFO mdbook_pandoc::preprocess: Failed to resolve link '../../std/mem/fn.transmute.html' in chapter 'reference/semver.md', linking to hosted HTML book at 'https://doc.rust-lang.org/cargo/reference/../../std/mem/fn.transmute.html'
 INFO mdbook_pandoc::preprocess: Failed to resolve link '../../std/mem/fn.transmute.html' in chapter 'reference/semver.md', linking to hosted HTML book at 'https://doc.rust-lang.org/cargo/reference/../../std/mem/fn.transmute.html'
 INFO mdbook_pandoc::preprocess: Failed to resolve link '../../reference/expressions/struct-expr.html' in chapter 'reference/semver.md', linking to hosted HTML book at 'https://doc.rust-lang.org/cargo/reference/../../reference/expressions/struct-expr.html'
 INFO mdbook_pandoc::preprocess: Failed to resolve link '../../reference/attributes/type_system.html#the-non_exhaustive-attribute' in chapter 'reference/semver.md', linking to hosted HTML book at 'https://doc.rust-lang.org/cargo/reference/../../reference/attributes/type_system.html'
 INFO mdbook_pandoc::preprocess: Failed to resolve link '../../std/default/trait.Default.html' in chapter 'reference/semver.md', linking to hosted HTML book at 'https://doc.rust-lang.org/cargo/reference/../../std/default/trait.Default.html'
 INFO mdbook_pandoc::preprocess: Failed to resolve link '../../reference/expressions/struct-expr.html' in chapter 'reference/semver.md', linking to hosted HTML book at 'https://doc.rust-lang.org/cargo/reference/../../reference/expressions/struct-expr.html'
 INFO mdbook_pandoc::preprocess: Failed to resolve link '../../reference/attributes/type_system.html#the-non_exhaustive-attribute' in chapter 'reference/semver.md', linking to hosted HTML book at 'https://doc.rust-lang.org/cargo/reference/../../reference/attributes/type_system.html'
 INFO mdbook_pandoc::preprocess: Failed to resolve link '../../std/default/trait.Default.html' in chapter 'reference/semver.md', linking to hosted HTML book at 'https://doc.rust-lang.org/cargo/reference/../../std/default/trait.Default.html'
 INFO mdbook_pandoc::preprocess: Failed to resolve link '../../reference/expressions/struct-expr.html' in chapter 'reference/semver.md', linking to hosted HTML book at 'https://doc.rust-lang.org/cargo/reference/../../reference/expressions/struct-expr.html'
 INFO mdbook_pandoc::preprocess: Failed to resolve link '../../reference/expressions/struct-expr.html' in chapter 'reference/semver.md', linking to hosted HTML book at 'https://doc.rust-lang.org/cargo/reference/../../reference/expressions/struct-expr.html'
 INFO mdbook_pandoc::preprocess: Failed to resolve link '../../reference/attributes/type_system.html#the-non_exhaustive-attribute' in chapter 'reference/semver.md', linking to hosted HTML book at 'https://doc.rust-lang.org/cargo/reference/../../reference/attributes/type_system.html'
 INFO mdbook_pandoc::preprocess: Failed to resolve link '../../reference/attributes/type_system.html#the-non_exhaustive-attribute' in chapter 'reference/semver.md', linking to hosted HTML book at 'https://doc.rust-lang.org/cargo/reference/../../reference/attributes/type_system.html'
 INFO mdbook_pandoc::preprocess: Failed to resolve link '../../reference/patterns.html#wildcard-pattern' in chapter 'reference/semver.md', linking to hosted HTML book at 'https://doc.rust-lang.org/cargo/reference/../../reference/patterns.html'
 INFO mdbook_pandoc::preprocess: Failed to resolve link '../../reference/attributes/type_system.html#the-non_exhaustive-attribute' in chapter 'reference/semver.md', linking to hosted HTML book at 'https://doc.rust-lang.org/cargo/reference/../../reference/attributes/type_system.html'
 INFO mdbook_pandoc::preprocess: Failed to resolve link '../../reference/items/implementations.html#inherent-implementations' in chapter 'reference/semver.md', linking to hosted HTML book at 'https://doc.rust-lang.org/cargo/reference/../../reference/items/implementations.html'
 INFO mdbook_pandoc::preprocess: Failed to resolve link '../../reference/expressions/call-expr.html#disambiguating-function-calls' in chapter 'reference/semver.md', linking to hosted HTML book at 'https://doc.rust-lang.org/cargo/reference/../../reference/expressions/call-expr.html'
 INFO mdbook_pandoc::preprocess: Failed to resolve link '../../reference/items/traits.html#object-safety' in chapter 'reference/semver.md', linking to hosted HTML book at 'https://doc.rust-lang.org/cargo/reference/../../reference/items/traits.html'
 INFO mdbook_pandoc::preprocess: Failed to resolve link '../../reference/expressions/call-expr.html#disambiguating-function-calls' in chapter 'reference/semver.md', linking to hosted HTML book at 'https://doc.rust-lang.org/cargo/reference/../../reference/expressions/call-expr.html'
 INFO mdbook_pandoc::preprocess: Failed to resolve link '../../reference/types/impl-trait.md#abstract-return-types' in chapter 'reference/semver.md', linking to hosted HTML book at 'https://doc.rust-lang.org/cargo/reference/../../reference/types/impl-trait.md'
 INFO mdbook_pandoc::preprocess: Failed to resolve link '../../edition-guide/rust-2024/rpit-lifetime-capture.html' in chapter 'reference/semver.md', linking to hosted HTML book at 'https://doc.rust-lang.org/cargo/reference/../../edition-guide/rust-2024/rpit-lifetime-capture.html'
 INFO mdbook_pandoc::preprocess: Failed to resolve link '../../reference/types/impl-trait.md#capturing' in chapter 'reference/semver.md', linking to hosted HTML book at 'https://doc.rust-lang.org/cargo/reference/../../reference/types/impl-trait.md'
 INFO mdbook_pandoc::preprocess: Failed to resolve link '../../reference/attributes/diagnostics.html#the-deprecated-attribute' in chapter 'reference/semver.md', linking to hosted HTML book at 'https://doc.rust-lang.org/cargo/reference/../../reference/attributes/diagnostics.html'
 INFO mdbook_pandoc::preprocess: Failed to resolve link '../../rustc/lints/listing/warn-by-default.html#unused-unsafe' in chapter 'reference/semver.md', linking to hosted HTML book at 'https://doc.rust-lang.org/cargo/reference/../../rustc/lints/listing/warn-by-default.html'
 INFO mdbook_pandoc::preprocess: Failed to resolve link '../../reference/names/preludes.html#the-no_std-attribute' in chapter 'reference/semver.md', linking to hosted HTML book at 'https://doc.rust-lang.org/cargo/reference/../../reference/names/preludes.html'
 INFO mdbook_pandoc::preprocess: Failed to resolve link '../../reference/attributes/type_system.html#the-non_exhaustive-attribute' in chapter 'reference/semver.md', linking to hosted HTML book at 'https://doc.rust-lang.org/cargo/reference/../../reference/attributes/type_system.html'
 INFO mdbook_pandoc::preprocess: Failed to resolve link '../../reference/expressions/struct-expr.html' in chapter 'reference/semver.md', linking to hosted HTML book at 'https://doc.rust-lang.org/cargo/reference/../../reference/expressions/struct-expr.html'
 INFO mdbook_pandoc::preprocess: Failed to resolve link '../../reference/expressions/struct-expr.html#functional-update-syntax' in chapter 'reference/semver.md', linking to hosted HTML book at 'https://doc.rust-lang.org/cargo/reference/../../reference/expressions/struct-expr.html'
 INFO mdbook_pandoc::preprocess: Failed to resolve link '../../reference/expressions/struct-expr.html' in chapter 'reference/semver.md', linking to hosted HTML book at 'https://doc.rust-lang.org/cargo/reference/../../reference/expressions/struct-expr.html'
 INFO mdbook_pandoc::preprocess: Failed to resolve link '../../reference/attributes/type_system.html#the-non_exhaustive-attribute' in chapter 'reference/semver.md', linking to hosted HTML book at 'https://doc.rust-lang.org/cargo/reference/../../reference/attributes/type_system.html'
 INFO mdbook_pandoc::preprocess: Failed to resolve link '../../reference/attributes/type_system.html#the-non_exhaustive-attribute' in chapter 'reference/semver.md', linking to hosted HTML book at 'https://doc.rust-lang.org/cargo/reference/../../reference/attributes/type_system.html'
 INFO mdbook_pandoc::preprocess: Failed to resolve link '../../reference/attributes/type_system.html#the-non_exhaustive-attribute' in chapter 'reference/semver.md', linking to hosted HTML book at 'https://doc.rust-lang.org/cargo/reference/../../reference/attributes/type_system.html'
 INFO mdbook_pandoc::preprocess: Failed to resolve link '../../reference/attributes/type_system.html#the-non_exhaustive-attribute' in chapter 'reference/semver.md', linking to hosted HTML book at 'https://doc.rust-lang.org/cargo/reference/../../reference/attributes/type_system.html'
 INFO mdbook_pandoc::preprocess: Failed to resolve link '../../rustc/lints/listing/warn-by-default.html#deprecated' in chapter 'reference/semver.md', linking to hosted HTML book at 'https://doc.rust-lang.org/cargo/reference/../../rustc/lints/listing/warn-by-default.html'
 INFO mdbook_pandoc::preprocess: Failed to resolve link '../../reference/attributes/diagnostics.html#the-deprecated-attribute' in chapter 'reference/semver.md', linking to hosted HTML book at 'https://doc.rust-lang.org/cargo/reference/../../reference/attributes/diagnostics.html'
 INFO mdbook_pandoc::preprocess: Failed to resolve link '../../rustc/lints/listing/warn-by-default.html#unused-must-use' in chapter 'reference/semver.md', linking to hosted HTML book at 'https://doc.rust-lang.org/cargo/reference/../../rustc/lints/listing/warn-by-default.html'
 INFO mdbook_pandoc::preprocess: Failed to resolve link '../../reference/attributes/diagnostics.html#the-must_use-attribute' in chapter 'reference/semver.md', linking to hosted HTML book at 'https://doc.rust-lang.org/cargo/reference/../../reference/attributes/diagnostics.html'
 INFO mdbook_pandoc::preprocess: Failed to resolve link '../../rustc/lints/listing/warn-by-default.html#unused-unsafe' in chapter 'reference/semver.md', linking to hosted HTML book at 'https://doc.rust-lang.org/cargo/reference/../../rustc/lints/listing/warn-by-default.html'
 INFO mdbook_pandoc::preprocess: Failed to resolve link '../../rustc/lints/levels.html#capping-lints' in chapter 'reference/semver.md', linking to hosted HTML book at 'https://doc.rust-lang.org/cargo/reference/../../rustc/lints/levels.html'
DEBUG mdbook_pandoc::preprocess: Preprocessing 'Future incompat report'
DEBUG mdbook_pandoc::preprocess: Preprocessing 'Reporting build timings'
DEBUG mdbook_pandoc::preprocess: Preprocessing 'Lints'
DEBUG mdbook_pandoc::preprocess: Preprocessing 'Unstable Features'
 INFO mdbook_pandoc::preprocess: Failed to resolve link '../../book/appendix-07-nightly-rust.html' in chapter 'reference/unstable.md', linking to hosted HTML book at 'https://doc.rust-lang.org/cargo/reference/../../book/appendix-07-nightly-rust.html'
 INFO mdbook_pandoc::preprocess: Failed to resolve link '../../rustc/lints/listing/warn-by-default.html#exported-private-dependencies' in chapter 'reference/unstable.md', linking to hosted HTML book at 'https://doc.rust-lang.org/cargo/reference/../../rustc/lints/listing/warn-by-default.html'
 INFO mdbook_pandoc::preprocess: Failed to resolve link '../../rustc/codegen-options/index.html#panic' in chapter 'reference/unstable.md', linking to hosted HTML book at 'https://doc.rust-lang.org/cargo/reference/../../rustc/codegen-options/index.html'
 INFO mdbook_pandoc::preprocess: Failed to resolve link '../../edition-guide/index.html' in chapter 'reference/unstable.md', linking to hosted HTML book at 'https://doc.rust-lang.org/cargo/reference/../../edition-guide/index.html'
 INFO mdbook_pandoc::preprocess: Failed to resolve link '../../edition-guide/index.html' in chapter 'reference/unstable.md', linking to hosted HTML book at 'https://doc.rust-lang.org/cargo/reference/../../edition-guide/index.html'
DEBUG mdbook_pandoc::preprocess: Preprocessing 'Cargo Commands'
DEBUG mdbook_pandoc::preprocess: Preprocessing 'General Commands'
DEBUG mdbook_pandoc::preprocess: Preprocessing 'cargo'
DEBUG mdbook_pandoc::preprocess: Preprocessing 'cargo help'
DEBUG mdbook_pandoc::preprocess: Preprocessing 'cargo version'
DEBUG mdbook_pandoc::preprocess: Preprocessing 'Build Commands'
DEBUG mdbook_pandoc::preprocess: Preprocessing 'cargo bench'
DEBUG mdbook_pandoc::preprocess: Preprocessing 'cargo build'
DEBUG mdbook_pandoc::preprocess: Preprocessing 'cargo check'
DEBUG mdbook_pandoc::preprocess: Preprocessing 'cargo clean'
DEBUG mdbook_pandoc::preprocess: Preprocessing 'cargo clippy'
 INFO mdbook_pandoc::preprocess: Failed to resolve link '../../clippy/index.html' in chapter 'commands/cargo-clippy.md', linking to hosted HTML book at 'https://doc.rust-lang.org/cargo/commands/../../clippy/index.html'
DEBUG mdbook_pandoc::preprocess: Preprocessing 'cargo doc'
DEBUG mdbook_pandoc::preprocess: Preprocessing 'cargo fetch'
DEBUG mdbook_pandoc::preprocess: Preprocessing 'cargo fix'
DEBUG mdbook_pandoc::preprocess: Preprocessing 'cargo fmt'
DEBUG mdbook_pandoc::preprocess: Preprocessing 'cargo miri'
DEBUG mdbook_pandoc::preprocess: Preprocessing 'cargo report'
DEBUG mdbook_pandoc::preprocess: Preprocessing 'cargo run'
DEBUG mdbook_pandoc::preprocess: Preprocessing 'cargo rustc'
DEBUG mdbook_pandoc::preprocess: Preprocessing 'cargo rustdoc'
DEBUG mdbook_pandoc::preprocess: Preprocessing 'cargo test'
DEBUG mdbook_pandoc::preprocess: Preprocessing 'Manifest Commands'
DEBUG mdbook_pandoc::preprocess: Preprocessing 'cargo add'
DEBUG mdbook_pandoc::preprocess: Preprocessing 'cargo generate-lockfile'
DEBUG mdbook_pandoc::preprocess: Preprocessing 'cargo info'
DEBUG mdbook_pandoc::preprocess: Preprocessing 'cargo locate-project'
DEBUG mdbook_pandoc::preprocess: Preprocessing 'cargo metadata'
DEBUG mdbook_pandoc::preprocess: Preprocessing 'cargo pkgid'
DEBUG mdbook_pandoc::preprocess: Preprocessing 'cargo remove'
DEBUG mdbook_pandoc::preprocess: Preprocessing 'cargo tree'
DEBUG mdbook_pandoc::preprocess: Preprocessing 'cargo update'
DEBUG mdbook_pandoc::preprocess: Preprocessing 'cargo vendor'
DEBUG mdbook_pandoc::preprocess: Preprocessing 'Package Commands'
DEBUG mdbook_pandoc::preprocess: Preprocessing 'cargo init'
DEBUG mdbook_pandoc::preprocess: Preprocessing 'cargo install'
DEBUG mdbook_pandoc::preprocess: Preprocessing 'cargo new'
DEBUG mdbook_pandoc::preprocess: Preprocessing 'cargo search'
DEBUG mdbook_pandoc::preprocess: Preprocessing 'cargo uninstall'
DEBUG mdbook_pandoc::preprocess: Preprocessing 'Publishing Commands'
DEBUG mdbook_pandoc::preprocess: Preprocessing 'cargo login'
DEBUG mdbook_pandoc::preprocess: Preprocessing 'cargo logout'
DEBUG mdbook_pandoc::preprocess: Preprocessing 'cargo owner'
DEBUG mdbook_pandoc::preprocess: Preprocessing 'cargo package'
DEBUG mdbook_pandoc::preprocess: Preprocessing 'cargo publish'
DEBUG mdbook_pandoc::preprocess: Preprocessing 'cargo yank'
DEBUG mdbook_pandoc::preprocess: Preprocessing 'Deprecated and Removed'
DEBUG mdbook_pandoc::preprocess: Preprocessing 'FAQ'
DEBUG mdbook_pandoc::preprocess: Preprocessing 'Changelog'
DEBUG mdbook_pandoc::preprocess: Preprocessing 'Appendix: Glossary'
 INFO mdbook_pandoc::preprocess: Failed to resolve link '../../edition-guide/index.html' in chapter 'appendix/glossary.md', linking to hosted HTML book at 'https://doc.rust-lang.org/cargo/appendix/../../edition-guide/index.html'
 INFO mdbook_pandoc::preprocess: Failed to resolve link '../../reference/attributes/codegen.html#the-target_feature-attribute' in chapter 'appendix/glossary.md', linking to hosted HTML book at 'https://doc.rust-lang.org/cargo/appendix/../../reference/attributes/codegen.html'
DEBUG mdbook_pandoc::preprocess: Preprocessing 'Appendix: Git Authentication'
 INFO mdbook_pandoc::pandoc::renderer: Running pandoc
 INFO mdbook_pandoc::pandoc::renderer: Wrote output to book/pdf/book.pdf
