---
source: src/tests/books.rs
expression: logs
snapshot_kind: text
---
 WARN mdbook::preprocess::cmd: The command wasn't found, is the "mermaid" preprocessor installed?    
 WARN mdbook::preprocess::cmd: 	Command: mdbook-mermaid    
 INFO mdbook::book: Running the pandoc backend    
 INFO mdbook_pandoc::pandoc::renderer: Running pandoc    
[WARNING] [makePDF] LaTeX Warning: Label
  `book__pandoc__pdf__src__traits__goals-and-clauses.md__domain-goals'
  multiply defined.
[WARNING] [makePDF] LaTeX Warning: Label
  `book__pandoc__pdf__src__borrow_check__region_inference.md__region-variables'
  multiply defined.
[WARNING] [makePDF] LaTeX Warning: Hyper reference
  `book__pandoc__pdf__src__building__suggested.md__faster-builds-with---keep-stage'
  on $PAGE undefined on input $LINE.
[WARNING] [makePDF] LaTeX Warning: Hyper reference
  `book__pandoc__pdf__src__building__how-to-build-and-run.md__toolchain'
  on $PAGE undefined on input $LINE.
[WARNING] [makePDF] LaTeX Warning: Hyper reference
  `book__pandoc__pdf__src__parallel-rustc.md__Codegen' on $PAGE undefined on input $LINE.
[WARNING] [makePDF] LaTeX Warning: Hyper reference
  `book__pandoc__pdf__src__hir.md__the-hir-map' on $PAGE
  undefined on input $LINE.
[WARNING] [makePDF] LaTeX Warning: Hyper reference
  `book__pandoc__pdf__src__query.md__adding-a-new-kind-of-query'
  on $PAGE undefined on input $LINE.
[WARNING] [makePDF] LaTeX Warning: Hyper reference
  `book__pandoc__pdf__src__diagnostics.md__future-incompatible'
  on $PAGE undefined on input $LINE.
[WARNING] [makePDF] LaTeX Warning: Hyper reference
  `book__pandoc__pdf__src__ty_module__generic_arguments.md__genericargkind'
  on $PAGE undefined on input $LINE.
[WARNING] [makePDF] LaTeX Warning: Hyper reference
  `book__pandoc__pdf__src__llvm-coverage-instrumentation.md__recommended-configtoml-settings'
  on $PAGE undefined on input $LINE.
[WARNING] [makePDF] LaTeX Warning: Hyper reference
  `book__pandoc__pdf__src__appendix__glossary.md__TyCtxt' on
  $PAGE undefined on input $LINE.
[WARNING] [makePDF] LaTeX Warning: Hyper reference
  `book__pandoc__pdf__src__appendix__background.md__what-is-a-debruijn-index'
  on $PAGE undefined on input $LINE.
[WARNING] [makePDF] LaTeX Warning: There were undefined references.
[WARNING] [makePDF] LaTeX Warning: There were multiply-defined labels.
 INFO mdbook_pandoc::pandoc::renderer: Wrote output to book/pandoc/pdf/book.pdf
