---
source: src/lib.rs
expression: logs
snapshot_kind: text
---
 INFO mdbook::book: Running the pandoc backend    
 INFO mdbook_pandoc::preprocess: Failed to resolve link '../../../cargo/reference/source-replacement.html' in chapter '$ROOT/book/pdf/src/rust-2018/cargo-and-crates-io/cargo-can-use-a-local-registry-replacement.html', linking to hosted HTML book at 'https://doc.rust-lang.org/edition-guide/$ROOT/book/pdf/src/rust-2018/cargo-and-crates-io/../../../cargo/reference/source-replacement.html'    
 INFO mdbook_pandoc::preprocess: Failed to resolve link '../../../cargo/commands/cargo-check.html' in chapter '$ROOT/book/pdf/src/rust-2018/cargo-and-crates-io/cargo-check-for-faster-checking.html', linking to hosted HTML book at 'https://doc.rust-lang.org/edition-guide/$ROOT/book/pdf/src/rust-2018/cargo-and-crates-io/../../../cargo/commands/cargo-check.html'    
 INFO mdbook_pandoc::preprocess: Failed to resolve link '../../../cargo/commands/cargo-install.html' in chapter '$ROOT/book/pdf/src/rust-2018/cargo-and-crates-io/cargo-install-for-easy-installation-of-tools.html', linking to hosted HTML book at 'https://doc.rust-lang.org/edition-guide/$ROOT/book/pdf/src/rust-2018/cargo-and-crates-io/../../../cargo/commands/cargo-install.html'    
 INFO mdbook_pandoc::preprocess: Failed to resolve link '../../../cargo/commands/cargo-rustc.html' in chapter '$ROOT/book/pdf/src/rust-2018/cargo-and-crates-io/cargo-rustc-for-passing-arbitrary-flags-to-rustc.html', linking to hosted HTML book at 'https://doc.rust-lang.org/edition-guide/$ROOT/book/pdf/src/rust-2018/cargo-and-crates-io/../../../cargo/commands/cargo-rustc.html'    
 INFO mdbook_pandoc::preprocess: Failed to resolve link '../../../cargo/reference/workspaces.html' in chapter '$ROOT/book/pdf/src/rust-2018/cargo-and-crates-io/cargo-workspaces-for-multi-package-projects.html', linking to hosted HTML book at 'https://doc.rust-lang.org/edition-guide/$ROOT/book/pdf/src/rust-2018/cargo-and-crates-io/../../../cargo/reference/workspaces.html'    
 INFO mdbook_pandoc::preprocess: Failed to resolve link '../../../cargo/index.html' in chapter '$ROOT/book/pdf/src/rust-2018/cargo-and-crates-io/index.html', linking to hosted HTML book at 'https://doc.rust-lang.org/edition-guide/$ROOT/book/pdf/src/rust-2018/cargo-and-crates-io/../../../cargo/index.html'    
 INFO mdbook_pandoc::preprocess: Failed to resolve link '../../../cargo/guide/project-layout.html' in chapter '$ROOT/book/pdf/src/rust-2018/cargo-and-crates-io/multi-file-examples.html', linking to hosted HTML book at 'https://doc.rust-lang.org/edition-guide/$ROOT/book/pdf/src/rust-2018/cargo-and-crates-io/../../../cargo/guide/project-layout.html'    
 INFO mdbook_pandoc::preprocess: Failed to resolve link '../../../cargo/reference/overriding-dependencies.html#the-patch-section' in chapter '$ROOT/book/pdf/src/rust-2018/cargo-and-crates-io/replacing-dependencies-with-patch.html', linking to hosted HTML book at 'https://doc.rust-lang.org/edition-guide/$ROOT/book/pdf/src/rust-2018/cargo-and-crates-io/../../../cargo/reference/overriding-dependencies.html'    
 INFO mdbook_pandoc::preprocess: Failed to resolve link '../../../rust-by-example/flow_control.html' in chapter '$ROOT/book/pdf/src/rust-2018/control-flow/index.html', linking to hosted HTML book at 'https://doc.rust-lang.org/edition-guide/$ROOT/book/pdf/src/rust-2018/control-flow/../../../rust-by-example/flow_control.html'    
 INFO mdbook_pandoc::preprocess: Failed to resolve link '../../../rust-by-example/flow_control/loop/return.html' in chapter '$ROOT/book/pdf/src/rust-2018/control-flow/loops-can-break-with-a-value.html', linking to hosted HTML book at 'https://doc.rust-lang.org/edition-guide/$ROOT/book/pdf/src/rust-2018/control-flow/../../../rust-by-example/flow_control/loop/return.html'    
 INFO mdbook_pandoc::preprocess: Failed to resolve link '../../../reference/type-layout.html#representations' in chapter '$ROOT/book/pdf/src/rust-2018/data-types/choosing-alignment-with-the-repr-attribute.html', linking to hosted HTML book at 'https://doc.rust-lang.org/edition-guide/$ROOT/book/pdf/src/rust-2018/data-types/../../../reference/type-layout.html'    
 INFO mdbook_pandoc::preprocess: Failed to resolve link '../../../reference/expressions/struct-expr.html#struct-field-init-shorthand' in chapter '$ROOT/book/pdf/src/rust-2018/data-types/field-init-shorthand.html', linking to hosted HTML book at 'https://doc.rust-lang.org/edition-guide/$ROOT/book/pdf/src/rust-2018/data-types/../../../reference/expressions/struct-expr.html'    
 INFO mdbook_pandoc::preprocess: Failed to resolve link '../../../std/ops/index.html' in chapter '$ROOT/book/pdf/src/rust-2018/data-types/operator-equals-are-now-implementable.html', linking to hosted HTML book at 'https://doc.rust-lang.org/edition-guide/$ROOT/book/pdf/src/rust-2018/data-types/../../../std/ops/index.html'    
 INFO mdbook_pandoc::preprocess: Failed to resolve link '../../../reference/items/unions.html' in chapter '$ROOT/book/pdf/src/rust-2018/data-types/union-for-an-unsafe-form-of-enum.html', linking to hosted HTML book at 'https://doc.rust-lang.org/edition-guide/$ROOT/book/pdf/src/rust-2018/data-types/../../../reference/items/unions.html'    
 INFO mdbook_pandoc::preprocess: Failed to resolve link '../../../index.html' in chapter '$ROOT/book/pdf/src/rust-2018/documentation/index.html', linking to hosted HTML book at 'https://doc.rust-lang.org/edition-guide/$ROOT/book/pdf/src/rust-2018/documentation/../../../index.html'    
 INFO mdbook_pandoc::preprocess: Failed to resolve link '../../../book/index.html' in chapter '$ROOT/book/pdf/src/rust-2018/documentation/new-editions-of-the-book.html', linking to hosted HTML book at 'https://doc.rust-lang.org/edition-guide/$ROOT/book/pdf/src/rust-2018/documentation/../../../book/index.html'    
 INFO mdbook_pandoc::preprocess: Failed to resolve link '../../../std/os/index.html' in chapter '$ROOT/book/pdf/src/rust-2018/documentation/std-os-has-documentation-for-all-platforms.html', linking to hosted HTML book at 'https://doc.rust-lang.org/edition-guide/$ROOT/book/pdf/src/rust-2018/documentation/../../../std/os/index.html'    
 INFO mdbook_pandoc::preprocess: Failed to resolve link '../../../index.html' in chapter '$ROOT/book/pdf/src/rust-2018/documentation/the-rust-bookshelf.html', linking to hosted HTML book at 'https://doc.rust-lang.org/edition-guide/$ROOT/book/pdf/src/rust-2018/documentation/../../../index.html'    
 INFO mdbook_pandoc::preprocess: Failed to resolve link '../../../nomicon/index.html' in chapter '$ROOT/book/pdf/src/rust-2018/documentation/the-rustonomicon.html', linking to hosted HTML book at 'https://doc.rust-lang.org/edition-guide/$ROOT/book/pdf/src/rust-2018/documentation/../../../nomicon/index.html'    
 INFO mdbook_pandoc::preprocess: Failed to resolve link '../../../book/ch09-01-unrecoverable-errors-with-panic.html' in chapter '$ROOT/book/pdf/src/rust-2018/error-handling-and-panics/aborting-on-panic.html', linking to hosted HTML book at 'https://doc.rust-lang.org/edition-guide/$ROOT/book/pdf/src/rust-2018/error-handling-and-panics/../../../book/ch09-01-unrecoverable-errors-with-panic.html'    
 INFO mdbook_pandoc::preprocess: Failed to resolve link '../../../book/ch09-00-error-handling.html' in chapter '$ROOT/book/pdf/src/rust-2018/error-handling-and-panics/index.html', linking to hosted HTML book at 'https://doc.rust-lang.org/edition-guide/$ROOT/book/pdf/src/rust-2018/error-handling-and-panics/../../../book/ch09-00-error-handling.html'    
 INFO mdbook_pandoc::preprocess: Failed to resolve link '../../../rust-by-example/error/result.html#using-result-in-main' in chapter '$ROOT/book/pdf/src/rust-2018/error-handling-and-panics/question-mark-in-main-and-tests.html', linking to hosted HTML book at 'https://doc.rust-lang.org/edition-guide/$ROOT/book/pdf/src/rust-2018/error-handling-and-panics/../../../rust-by-example/error/result.html'    
 INFO mdbook_pandoc::preprocess: Failed to resolve link '../../../book/ch09-02-recoverable-errors-with-result.html' in chapter '$ROOT/book/pdf/src/rust-2018/error-handling-and-panics/the-question-mark-operator-for-easier-error-handling.html', linking to hosted HTML book at 'https://doc.rust-lang.org/edition-guide/$ROOT/book/pdf/src/rust-2018/error-handling-and-panics/../../../book/ch09-02-recoverable-errors-with-result.html'    
 INFO mdbook_pandoc::preprocess: Failed to resolve link '../../../reference/macros-by-example.html#repetitions' in chapter '$ROOT/book/pdf/src/rust-2018/macros/at-most-once.html', linking to hosted HTML book at 'https://doc.rust-lang.org/edition-guide/$ROOT/book/pdf/src/rust-2018/macros/../../../reference/macros-by-example.html'    
 INFO mdbook_pandoc::preprocess: Failed to resolve link '../../../book/ch19-06-macros.html#how-to-write-a-custom-derive-macro' in chapter '$ROOT/book/pdf/src/rust-2018/macros/custom-derive.html', linking to hosted HTML book at 'https://doc.rust-lang.org/edition-guide/$ROOT/book/pdf/src/rust-2018/macros/../../../book/ch19-06-macros.html'    
 INFO mdbook_pandoc::preprocess: Failed to resolve link '../../../book/ch19-06-macros.html' in chapter '$ROOT/book/pdf/src/rust-2018/macros/index.html', linking to hosted HTML book at 'https://doc.rust-lang.org/edition-guide/$ROOT/book/pdf/src/rust-2018/macros/../../../book/ch19-06-macros.html'    
 INFO mdbook_pandoc::preprocess: Failed to resolve link '../../../book/ch19-06-macros.html' in chapter '$ROOT/book/pdf/src/rust-2018/macros/macro-changes.html', linking to hosted HTML book at 'https://doc.rust-lang.org/edition-guide/$ROOT/book/pdf/src/rust-2018/macros/../../../book/ch19-06-macros.html'    
 INFO mdbook_pandoc::preprocess: Failed to resolve link '../../../reference/visibility-and-privacy.html' in chapter '$ROOT/book/pdf/src/rust-2018/module-system/more-visibility-modifiers.html', linking to hosted HTML book at 'https://doc.rust-lang.org/edition-guide/$ROOT/book/pdf/src/rust-2018/module-system/../../../reference/visibility-and-privacy.html'    
 INFO mdbook_pandoc::preprocess: Failed to resolve link '../../../rust-by-example/mod/use.html' in chapter '$ROOT/book/pdf/src/rust-2018/module-system/nested-imports-with-use.html', linking to hosted HTML book at 'https://doc.rust-lang.org/edition-guide/$ROOT/book/pdf/src/rust-2018/module-system/../../../rust-by-example/mod/use.html'    
 INFO mdbook_pandoc::preprocess: Failed to resolve link '../../../rust-by-example/compatibility/raw_identifiers.html' in chapter '$ROOT/book/pdf/src/rust-2018/module-system/raw-identifiers.html', linking to hosted HTML book at 'https://doc.rust-lang.org/edition-guide/$ROOT/book/pdf/src/rust-2018/module-system/../../../rust-by-example/compatibility/raw_identifiers.html'    
 INFO mdbook_pandoc::preprocess: Failed to resolve link '../../../book/ch04-00-understanding-ownership.html' in chapter '$ROOT/book/pdf/src/rust-2018/ownership-and-lifetimes/index.html', linking to hosted HTML book at 'https://doc.rust-lang.org/edition-guide/$ROOT/book/pdf/src/rust-2018/ownership-and-lifetimes/../../../book/ch04-00-understanding-ownership.html'    
 INFO mdbook_pandoc::preprocess: Failed to resolve link '../../../reference/lifetime-elision.html#static-lifetime-elision' in chapter '$ROOT/book/pdf/src/rust-2018/ownership-and-lifetimes/simpler-lifetimes-in-static-and-const.html', linking to hosted HTML book at 'https://doc.rust-lang.org/edition-guide/$ROOT/book/pdf/src/rust-2018/ownership-and-lifetimes/../../../reference/lifetime-elision.html'    
 INFO mdbook_pandoc::preprocess: Failed to resolve link '../../../rustc/targets/index.html' in chapter '$ROOT/book/pdf/src/rust-2018/platform-and-target-support/index.html', linking to hosted HTML book at 'https://doc.rust-lang.org/edition-guide/$ROOT/book/pdf/src/rust-2018/platform-and-target-support/../../../rustc/targets/index.html'    
 INFO mdbook_pandoc::preprocess: Failed to resolve link '../../../core/index.html' in chapter '$ROOT/book/pdf/src/rust-2018/platform-and-target-support/libcore-for-low-level-rust.html', linking to hosted HTML book at 'https://doc.rust-lang.org/edition-guide/$ROOT/book/pdf/src/rust-2018/platform-and-target-support/../../../core/index.html'    
 INFO mdbook_pandoc::preprocess: Failed to resolve link '../../../rustc/platform-support.html' in chapter '$ROOT/book/pdf/src/rust-2018/platform-and-target-support/msvc-toolchain-support.html', linking to hosted HTML book at 'https://doc.rust-lang.org/edition-guide/$ROOT/book/pdf/src/rust-2018/platform-and-target-support/../../../rustc/platform-support.html'    
 INFO mdbook_pandoc::preprocess: Failed to resolve link '../../../rustc/platform-support.html' in chapter '$ROOT/book/pdf/src/rust-2018/platform-and-target-support/musl-support-for-fully-static-binaries.html', linking to hosted HTML book at 'https://doc.rust-lang.org/edition-guide/$ROOT/book/pdf/src/rust-2018/platform-and-target-support/../../../rustc/platform-support.html'    
 INFO mdbook_pandoc::preprocess: Failed to resolve link '../../../rustdoc/documentation-tests.html#attributes' in chapter '$ROOT/book/pdf/src/rust-2018/rustdoc/documentation-tests-can-now-compile-fail.html', linking to hosted HTML book at 'https://doc.rust-lang.org/edition-guide/$ROOT/book/pdf/src/rust-2018/rustdoc/../../../rustdoc/documentation-tests.html'    
 INFO mdbook_pandoc::preprocess: Failed to resolve link '../../../rustdoc/index.html' in chapter '$ROOT/book/pdf/src/rust-2018/rustdoc/index.html', linking to hosted HTML book at 'https://doc.rust-lang.org/edition-guide/$ROOT/book/pdf/src/rust-2018/rustdoc/../../../rustdoc/index.html'    
 INFO mdbook_pandoc::preprocess: Failed to resolve link '../../../rustdoc/how-to-write-documentation.html#markdown' in chapter '$ROOT/book/pdf/src/rust-2018/rustdoc/rustdoc-uses-commonmark.html', linking to hosted HTML book at 'https://doc.rust-lang.org/edition-guide/$ROOT/book/pdf/src/rust-2018/rustdoc/../../../rustdoc/how-to-write-documentation.html'    
 INFO mdbook_pandoc::preprocess: Failed to resolve link '../../../reference/attributes/diagnostics.html#the-deprecated-attribute' in chapter '$ROOT/book/pdf/src/rust-2018/the-compiler/an-attribute-for-deprecation.html', linking to hosted HTML book at 'https://doc.rust-lang.org/edition-guide/$ROOT/book/pdf/src/rust-2018/the-compiler/../../../reference/attributes/diagnostics.html'    
 INFO mdbook_pandoc::preprocess: Failed to resolve link '../../../reference/items/associated-items.html#associated-constants' in chapter '$ROOT/book/pdf/src/rust-2018/trait-system/associated-constants.html', linking to hosted HTML book at 'https://doc.rust-lang.org/edition-guide/$ROOT/book/pdf/src/rust-2018/trait-system/../../../reference/items/associated-items.html'    
 INFO mdbook_pandoc::preprocess: Failed to resolve link '../../cargo/commands/cargo-vendor.html' in chapter '$ROOT/book/pdf/src/rust-next/cargo-vendor.html', linking to hosted HTML book at 'https://doc.rust-lang.org/edition-guide/$ROOT/book/pdf/src/rust-next/../../cargo/commands/cargo-vendor.html'    
 INFO mdbook_pandoc::preprocess: Failed to resolve link '../../reference/const_eval.html' in chapter '$ROOT/book/pdf/src/rust-next/const-fn.html', linking to hosted HTML book at 'https://doc.rust-lang.org/edition-guide/$ROOT/book/pdf/src/rust-next/../../reference/const_eval.html'    
 INFO mdbook_pandoc::preprocess: Failed to resolve link '../../std/macro.dbg.html' in chapter '$ROOT/book/pdf/src/rust-next/dbg-macro.html', linking to hosted HTML book at 'https://doc.rust-lang.org/edition-guide/$ROOT/book/pdf/src/rust-next/../../std/macro.dbg.html'    
 INFO mdbook_pandoc::preprocess: Failed to resolve link '../../std/future/trait.Future.html' in chapter '$ROOT/book/pdf/src/rust-next/future.html', linking to hosted HTML book at 'https://doc.rust-lang.org/edition-guide/$ROOT/book/pdf/src/rust-next/../../std/future/trait.Future.html'    
 INFO mdbook_pandoc::preprocess: Failed to resolve link '../../std/pin/index.html' in chapter '$ROOT/book/pdf/src/rust-next/pin.html', linking to hosted HTML book at 'https://doc.rust-lang.org/edition-guide/$ROOT/book/pdf/src/rust-next/../../std/pin/index.html'    
 INFO mdbook_pandoc::preprocess: Failed to resolve link '../../cargo/commands/cargo-fix.html' in chapter 'editions/transitioning-an-existing-project-to-a-new-edition.md', linking to hosted HTML book at 'https://doc.rust-lang.org/edition-guide/editions/../../cargo/commands/cargo-fix.html'    
 INFO mdbook_pandoc::preprocess: Failed to resolve link '../../cargo/commands/cargo-test.html' in chapter 'editions/transitioning-an-existing-project-to-a-new-edition.md', linking to hosted HTML book at 'https://doc.rust-lang.org/edition-guide/editions/../../cargo/commands/cargo-test.html'    
 INFO mdbook_pandoc::preprocess: Failed to resolve link '../../book/appendix-07-nightly-rust.html' in chapter 'editions/transitioning-an-existing-project-to-a-new-edition.md', linking to hosted HTML book at 'https://doc.rust-lang.org/edition-guide/editions/../../book/appendix-07-nightly-rust.html'    
 INFO mdbook_pandoc::preprocess: Failed to resolve link '../../cargo/commands/cargo-fix.html' in chapter 'editions/advanced-migrations.md', linking to hosted HTML book at 'https://doc.rust-lang.org/edition-guide/editions/../../cargo/commands/cargo-fix.html'    
 INFO mdbook_pandoc::preprocess: Failed to resolve link '../../cargo/commands/cargo-check.html' in chapter 'editions/advanced-migrations.md', linking to hosted HTML book at 'https://doc.rust-lang.org/edition-guide/editions/../../cargo/commands/cargo-check.html'    
 INFO mdbook_pandoc::preprocess: Failed to resolve link '../../rustc/lints/index.html' in chapter 'editions/advanced-migrations.md', linking to hosted HTML book at 'https://doc.rust-lang.org/edition-guide/editions/../../rustc/lints/index.html'    
 INFO mdbook_pandoc::preprocess: Failed to resolve link '../../rustc/lints/groups.html' in chapter 'editions/advanced-migrations.md', linking to hosted HTML book at 'https://doc.rust-lang.org/edition-guide/editions/../../rustc/lints/groups.html'    
 INFO mdbook_pandoc::preprocess: Failed to resolve link '../../cargo/reference/features.html' in chapter 'editions/advanced-migrations.md', linking to hosted HTML book at 'https://doc.rust-lang.org/edition-guide/editions/../../cargo/reference/features.html'    
 INFO mdbook_pandoc::preprocess: Failed to resolve link '../../reference/conditional-compilation.html' in chapter 'editions/advanced-migrations.md', linking to hosted HTML book at 'https://doc.rust-lang.org/edition-guide/editions/../../reference/conditional-compilation.html'    
 INFO mdbook_pandoc::preprocess: Failed to resolve link '../../cargo/reference/workspaces.html' in chapter 'editions/advanced-migrations.md', linking to hosted HTML book at 'https://doc.rust-lang.org/edition-guide/editions/../../cargo/reference/workspaces.html'    
 INFO mdbook_pandoc::preprocess: Failed to resolve link '../../cargo/reference/manifest.html#the-package-section' in chapter 'editions/advanced-migrations.md', linking to hosted HTML book at 'https://doc.rust-lang.org/edition-guide/editions/../../cargo/reference/manifest.html'    
 INFO mdbook_pandoc::preprocess: Failed to resolve link '../../cargo/reference/cargo-targets.html' in chapter 'editions/advanced-migrations.md', linking to hosted HTML book at 'https://doc.rust-lang.org/edition-guide/editions/../../cargo/reference/cargo-targets.html'    
 INFO mdbook_pandoc::preprocess: Failed to resolve link '../../rustc/lints/listing/allowed-by-default.html#keyword-idents' in chapter 'editions/advanced-migrations.md', linking to hosted HTML book at 'https://doc.rust-lang.org/edition-guide/editions/../../rustc/lints/listing/allowed-by-default.html'    
 INFO mdbook_pandoc::preprocess: Failed to resolve link '../../rustc/lints/groups.html' in chapter 'editions/advanced-migrations.md', linking to hosted HTML book at 'https://doc.rust-lang.org/edition-guide/editions/../../rustc/lints/groups.html'    
 INFO mdbook_pandoc::preprocess: Failed to resolve link '../../reference/procedural-macros.html' in chapter 'editions/advanced-migrations.md', linking to hosted HTML book at 'https://doc.rust-lang.org/edition-guide/editions/../../reference/procedural-macros.html'    
 INFO mdbook_pandoc::preprocess: Failed to resolve link '../../rustdoc/documentation-tests.html' in chapter 'editions/advanced-migrations.md', linking to hosted HTML book at 'https://doc.rust-lang.org/edition-guide/editions/../../rustdoc/documentation-tests.html'    
 INFO mdbook_pandoc::preprocess: Failed to resolve link '../../rustdoc/documentation-tests.html#attributes' in chapter 'editions/advanced-migrations.md', linking to hosted HTML book at 'https://doc.rust-lang.org/edition-guide/editions/../../rustdoc/documentation-tests.html'    
 INFO mdbook_pandoc::preprocess: Failed to resolve link '../../cargo/reference/build-script-examples.html#code-generation' in chapter 'editions/advanced-migrations.md', linking to hosted HTML book at 'https://doc.rust-lang.org/edition-guide/editions/../../cargo/reference/build-script-examples.html'    
 INFO mdbook_pandoc::preprocess: Failed to resolve link '../../rustc/lints/groups.html' in chapter 'editions/advanced-migrations.md', linking to hosted HTML book at 'https://doc.rust-lang.org/edition-guide/editions/../../rustc/lints/groups.html'    
 INFO mdbook_pandoc::preprocess: Failed to resolve link '../../rustc/lints/levels.html#via-compiler-flag' in chapter 'editions/advanced-migrations.md', linking to hosted HTML book at 'https://doc.rust-lang.org/edition-guide/editions/../../rustc/lints/levels.html'    
 INFO mdbook_pandoc::preprocess: Failed to resolve link '../../rustc/json.html' in chapter 'editions/advanced-migrations.md', linking to hosted HTML book at 'https://doc.rust-lang.org/edition-guide/editions/../../rustc/json.html'    
 INFO mdbook_pandoc::preprocess: Failed to resolve link '../../rustc/lints/listing/allowed-by-default.html#unused-extern-crates' in chapter 'editions/advanced-migrations.md', linking to hosted HTML book at 'https://doc.rust-lang.org/edition-guide/editions/../../rustc/lints/listing/allowed-by-default.html'    
 INFO mdbook_pandoc::preprocess: Failed to resolve link '../../rustc/lints/listing/allowed-by-default.html#explicit-outlives-requirements' in chapter 'editions/advanced-migrations.md', linking to hosted HTML book at 'https://doc.rust-lang.org/edition-guide/editions/../../rustc/lints/listing/allowed-by-default.html'    
 INFO mdbook_pandoc::preprocess: Failed to resolve link '../../std/index.html' in chapter 'rust-2018/path-changes.md', linking to hosted HTML book at 'https://doc.rust-lang.org/edition-guide/rust-2018/../../std/index.html'    
 INFO mdbook_pandoc::preprocess: Failed to resolve link '../../reference/names/preludes.html#the-no_std-attribute' in chapter 'rust-2018/path-changes.md', linking to hosted HTML book at 'https://doc.rust-lang.org/edition-guide/rust-2018/../../reference/names/preludes.html'    
 INFO mdbook_pandoc::preprocess: Failed to resolve link '../../core/index.html' in chapter 'rust-2018/path-changes.md', linking to hosted HTML book at 'https://doc.rust-lang.org/edition-guide/rust-2018/../../core/index.html'    
 INFO mdbook_pandoc::preprocess: Failed to resolve link '../../proc_macro/index.html' in chapter 'rust-2018/path-changes.md', linking to hosted HTML book at 'https://doc.rust-lang.org/edition-guide/rust-2018/../../proc_macro/index.html'    
 INFO mdbook_pandoc::preprocess: Failed to resolve link '../../alloc/index.html' in chapter 'rust-2018/path-changes.md', linking to hosted HTML book at 'https://doc.rust-lang.org/edition-guide/rust-2018/../../alloc/index.html'    
 INFO mdbook_pandoc::preprocess: Failed to resolve link '../../test/index.html' in chapter 'rust-2018/path-changes.md', linking to hosted HTML book at 'https://doc.rust-lang.org/edition-guide/rust-2018/../../test/index.html'    
 INFO mdbook_pandoc::preprocess: Failed to resolve link '../../book/appendix-07-nightly-rust.html' in chapter 'rust-2018/path-changes.md', linking to hosted HTML book at 'https://doc.rust-lang.org/edition-guide/rust-2018/../../book/appendix-07-nightly-rust.html'    
 INFO mdbook_pandoc::preprocess: Failed to resolve link '../../rust-by-example/trait/impl_trait.html' in chapter 'rust-2018/new-keywords.md', linking to hosted HTML book at 'https://doc.rust-lang.org/edition-guide/rust-2018/../../rust-by-example/trait/impl_trait.html'    
 INFO mdbook_pandoc::preprocess: Failed to resolve link '../../cargo/reference/resolver.html#feature-resolver-version-2' in chapter 'rust-2021/default-cargo-resolver.md', linking to hosted HTML book at 'https://doc.rust-lang.org/edition-guide/rust-2021/../../cargo/reference/resolver.html'    
 INFO mdbook_pandoc::preprocess: Failed to resolve link '../../cargo/reference/workspaces.html' in chapter 'rust-2021/default-cargo-resolver.md', linking to hosted HTML book at 'https://doc.rust-lang.org/edition-guide/rust-2021/../../cargo/reference/workspaces.html'    
 INFO mdbook_pandoc::preprocess: Failed to resolve link '../../cargo/reference/workspaces.html#virtual-workspace' in chapter 'rust-2021/default-cargo-resolver.md', linking to hosted HTML book at 'https://doc.rust-lang.org/edition-guide/rust-2021/../../cargo/reference/workspaces.html'    
 INFO mdbook_pandoc::preprocess: Failed to resolve link '../../cargo/reference/resolver.html#resolver-versions' in chapter 'rust-2021/default-cargo-resolver.md', linking to hosted HTML book at 'https://doc.rust-lang.org/edition-guide/rust-2021/../../cargo/reference/resolver.html'    
 INFO mdbook_pandoc::preprocess: Failed to resolve link '../../cargo/commands/cargo-tree.html' in chapter 'rust-2021/default-cargo-resolver.md', linking to hosted HTML book at 'https://doc.rust-lang.org/edition-guide/rust-2021/../../cargo/commands/cargo-tree.html'    
 INFO mdbook_pandoc::preprocess: Failed to resolve link '../../rustc/lints/listing/allowed-by-default.html#rust-2021-prefixes-incompatible-syntax' in chapter 'rust-2021/reserved-syntax.md', linking to hosted HTML book at 'https://doc.rust-lang.org/edition-guide/rust-2021/../../rustc/lints/listing/allowed-by-default.html'    
 INFO mdbook_pandoc::preprocess: Failed to resolve link '../../reference/identifiers.html#raw-identifiers' in chapter 'rust-2021/raw-lifetimes.md', linking to hosted HTML book at 'https://doc.rust-lang.org/edition-guide/rust-2021/../../reference/identifiers.html'    
 INFO mdbook_pandoc::preprocess: Failed to resolve link '../../rustc/lints/listing/allowed-by-default.html#rust-2021-prefixes-incompatible-syntax' in chapter 'rust-2021/raw-lifetimes.md', linking to hosted HTML book at 'https://doc.rust-lang.org/edition-guide/rust-2021/../../rustc/lints/listing/allowed-by-default.html'    
 INFO mdbook_pandoc::preprocess: Failed to resolve link '../../core/ffi/struct.CStr.html' in chapter 'rust-2021/c-string-literals.md', linking to hosted HTML book at 'https://doc.rust-lang.org/edition-guide/rust-2021/../../core/ffi/struct.CStr.html'    
 INFO mdbook_pandoc::preprocess: Failed to resolve link '../../core/ffi/struct.CStr.html' in chapter 'rust-2021/c-string-literals.md', linking to hosted HTML book at 'https://doc.rust-lang.org/edition-guide/rust-2021/../../core/ffi/struct.CStr.html'    
 INFO mdbook_pandoc::preprocess: Failed to resolve link '../../reference/tokens.html#c-string-and-raw-c-string-literals' in chapter 'rust-2021/c-string-literals.md', linking to hosted HTML book at 'https://doc.rust-lang.org/edition-guide/rust-2021/../../reference/tokens.html'    
 INFO mdbook_pandoc::preprocess: Failed to resolve link '../../reference/expressions.html#temporaries' in chapter 'rust-2024/temporary-if-let-scope.md', linking to hosted HTML book at 'https://doc.rust-lang.org/edition-guide/rust-2024/../../reference/expressions.html'    
 INFO mdbook_pandoc::preprocess: Failed to resolve link '../../reference/destructors.html#temporary-scopes' in chapter 'rust-2024/temporary-if-let-scope.md', linking to hosted HTML book at 'https://doc.rust-lang.org/edition-guide/rust-2024/../../reference/destructors.html'    
 INFO mdbook_pandoc::preprocess: Failed to resolve link '../../reference/glossary.html#scrutinee' in chapter 'rust-2024/temporary-if-let-scope.md', linking to hosted HTML book at 'https://doc.rust-lang.org/edition-guide/rust-2024/../../reference/glossary.html'    
 INFO mdbook_pandoc::preprocess: Failed to resolve link '../../rustc/lints/listing/allowed-by-default.html#if-let-rescope' in chapter 'rust-2024/temporary-if-let-scope.md', linking to hosted HTML book at 'https://doc.rust-lang.org/edition-guide/rust-2024/../../rustc/lints/listing/allowed-by-default.html'    
 INFO mdbook_pandoc::preprocess: Failed to resolve link '../../rustc/lints/listing/allowed-by-default.html#if-let-rescope' in chapter 'rust-2024/temporary-if-let-scope.md', linking to hosted HTML book at 'https://doc.rust-lang.org/edition-guide/rust-2024/../../rustc/lints/listing/allowed-by-default.html'    
 INFO mdbook_pandoc::preprocess: Failed to resolve link '../../reference/items/functions.html' in chapter 'rust-2024/temporary-tail-expr-scope.md', linking to hosted HTML book at 'https://doc.rust-lang.org/edition-guide/rust-2024/../../reference/items/functions.html'    
 INFO mdbook_pandoc::preprocess: Failed to resolve link '../../reference/expressions/block-expr.html' in chapter 'rust-2024/temporary-tail-expr-scope.md', linking to hosted HTML book at 'https://doc.rust-lang.org/edition-guide/rust-2024/../../reference/expressions/block-expr.html'    
 INFO mdbook_pandoc::preprocess: Failed to resolve link '../../reference/expressions.html#temporaries' in chapter 'rust-2024/temporary-tail-expr-scope.md', linking to hosted HTML book at 'https://doc.rust-lang.org/edition-guide/rust-2024/../../reference/expressions.html'    
 INFO mdbook_pandoc::preprocess: Failed to resolve link '../../reference/destructors.html#temporary-scopes' in chapter 'rust-2024/temporary-tail-expr-scope.md', linking to hosted HTML book at 'https://doc.rust-lang.org/edition-guide/rust-2024/../../reference/destructors.html'    
 INFO mdbook_pandoc::preprocess: Failed to resolve link '../../reference/destructors.html#temporary-lifetime-extension' in chapter 'rust-2024/temporary-tail-expr-scope.md', linking to hosted HTML book at 'https://doc.rust-lang.org/edition-guide/rust-2024/../../reference/destructors.html'    
 INFO mdbook_pandoc::preprocess: Failed to resolve link '../../rustc/lints/listing/allowed-by-default.html#tail-expr-drop-order' in chapter 'rust-2024/temporary-tail-expr-scope.md', linking to hosted HTML book at 'https://doc.rust-lang.org/edition-guide/rust-2024/../../rustc/lints/listing/allowed-by-default.html'    
 INFO mdbook_pandoc::preprocess: Failed to resolve link '../../rustc/lints/listing/allowed-by-default.html#rust-2024-incompatible-pat' in chapter 'rust-2024/match-ergonomics.md', linking to hosted HTML book at 'https://doc.rust-lang.org/edition-guide/rust-2024/../../rustc/lints/listing/allowed-by-default.html'    
 INFO mdbook_pandoc::preprocess: Failed to resolve link '../../reference/items/external-blocks.html' in chapter 'rust-2024/unsafe-extern.md', linking to hosted HTML book at 'https://doc.rust-lang.org/edition-guide/rust-2024/../../reference/items/external-blocks.html'    
 INFO mdbook_pandoc::preprocess: Failed to resolve link '../../reference/items/external-blocks.html' in chapter 'rust-2024/unsafe-extern.md', linking to hosted HTML book at 'https://doc.rust-lang.org/edition-guide/rust-2024/../../reference/items/external-blocks.html'    
 INFO mdbook_pandoc::preprocess: Failed to resolve link '../../rustc/lints/listing/allowed-by-default.html#missing-unsafe-on-extern' in chapter 'rust-2024/unsafe-extern.md', linking to hosted HTML book at 'https://doc.rust-lang.org/edition-guide/rust-2024/../../rustc/lints/listing/allowed-by-default.html'    
 INFO mdbook_pandoc::preprocess: Failed to resolve link '../../reference/abi.html#the-export_name-attribute' in chapter 'rust-2024/unsafe-attributes.md', linking to hosted HTML book at 'https://doc.rust-lang.org/edition-guide/rust-2024/../../reference/abi.html'    
 INFO mdbook_pandoc::preprocess: Failed to resolve link '../../reference/abi.html#the-link_section-attribute' in chapter 'rust-2024/unsafe-attributes.md', linking to hosted HTML book at 'https://doc.rust-lang.org/edition-guide/rust-2024/../../reference/abi.html'    
 INFO mdbook_pandoc::preprocess: Failed to resolve link '../../reference/abi.html#the-no_mangle-attribute' in chapter 'rust-2024/unsafe-attributes.md', linking to hosted HTML book at 'https://doc.rust-lang.org/edition-guide/rust-2024/../../reference/abi.html'    
 INFO mdbook_pandoc::preprocess: Failed to resolve link '../../reference/abi.html#the-no_mangle-attribute' in chapter 'rust-2024/unsafe-attributes.md', linking to hosted HTML book at 'https://doc.rust-lang.org/edition-guide/rust-2024/../../reference/abi.html'    
 INFO mdbook_pandoc::preprocess: Failed to resolve link '../../reference/abi.html#the-export_name-attribute' in chapter 'rust-2024/unsafe-attributes.md', linking to hosted HTML book at 'https://doc.rust-lang.org/edition-guide/rust-2024/../../reference/abi.html'    
 INFO mdbook_pandoc::preprocess: Failed to resolve link '../../reference/abi.html#the-link_section-attribute' in chapter 'rust-2024/unsafe-attributes.md', linking to hosted HTML book at 'https://doc.rust-lang.org/edition-guide/rust-2024/../../reference/abi.html'    
 INFO mdbook_pandoc::preprocess: Failed to resolve link '../../rustc/symbol-mangling/index.html' in chapter 'rust-2024/unsafe-attributes.md', linking to hosted HTML book at 'https://doc.rust-lang.org/edition-guide/rust-2024/../../rustc/symbol-mangling/index.html'    
 INFO mdbook_pandoc::preprocess: Failed to resolve link '../../rustc/lints/listing/allowed-by-default.html#unsafe-attr-outside-unsafe' in chapter 'rust-2024/unsafe-attributes.md', linking to hosted HTML book at 'https://doc.rust-lang.org/edition-guide/rust-2024/../../rustc/lints/listing/allowed-by-default.html'    
 INFO mdbook_pandoc::preprocess: Failed to resolve link '../../rustc/lints/listing/allowed-by-default.html#unsafe-op-in-unsafe-fn' in chapter 'rust-2024/unsafe-op-in-unsafe-fn.md', linking to hosted HTML book at 'https://doc.rust-lang.org/edition-guide/rust-2024/../../rustc/lints/listing/allowed-by-default.html'    
 INFO mdbook_pandoc::preprocess: Failed to resolve link '../../rustc/lints/listing/allowed-by-default.html#unsafe-op-in-unsafe-fn' in chapter 'rust-2024/unsafe-op-in-unsafe-fn.md', linking to hosted HTML book at 'https://doc.rust-lang.org/edition-guide/rust-2024/../../rustc/lints/listing/allowed-by-default.html'    
 INFO mdbook_pandoc::preprocess: Failed to resolve link '../../reference/unsafety.html' in chapter 'rust-2024/unsafe-op-in-unsafe-fn.md', linking to hosted HTML book at 'https://doc.rust-lang.org/edition-guide/rust-2024/../../reference/unsafety.html'    
 INFO mdbook_pandoc::preprocess: Failed to resolve link '../../reference/expressions/block-expr.html#unsafe-blocks' in chapter 'rust-2024/unsafe-op-in-unsafe-fn.md', linking to hosted HTML book at 'https://doc.rust-lang.org/edition-guide/rust-2024/../../reference/expressions/block-expr.html'    
 INFO mdbook_pandoc::preprocess: Failed to resolve link '../../rustc/lints/listing/allowed-by-default.html#unsafe-op-in-unsafe-fn' in chapter 'rust-2024/unsafe-op-in-unsafe-fn.md', linking to hosted HTML book at 'https://doc.rust-lang.org/edition-guide/rust-2024/../../rustc/lints/listing/allowed-by-default.html'    
 INFO mdbook_pandoc::preprocess: Failed to resolve link '../../rustc/lints/listing/warn-by-default.html#static-mut-refs' in chapter 'rust-2024/static-mut-references.md', linking to hosted HTML book at 'https://doc.rust-lang.org/edition-guide/rust-2024/../../rustc/lints/listing/warn-by-default.html'    
 INFO mdbook_pandoc::preprocess: Failed to resolve link '../../rustc/lints/listing/warn-by-default.html#static-mut-refs' in chapter 'rust-2024/static-mut-references.md', linking to hosted HTML book at 'https://doc.rust-lang.org/edition-guide/rust-2024/../../rustc/lints/listing/warn-by-default.html'    
 INFO mdbook_pandoc::preprocess: Failed to resolve link '../../reference/items/static-items.html#mutable-statics' in chapter 'rust-2024/static-mut-references.md', linking to hosted HTML book at 'https://doc.rust-lang.org/edition-guide/rust-2024/../../reference/items/static-items.html'    
 INFO mdbook_pandoc::preprocess: Failed to resolve link '../../reference/behavior-considered-undefined.html' in chapter 'rust-2024/static-mut-references.md', linking to hosted HTML book at 'https://doc.rust-lang.org/edition-guide/rust-2024/../../reference/behavior-considered-undefined.html'    
 INFO mdbook_pandoc::preprocess: Failed to resolve link '../../reference/expressions/operator-expr.html#raw-borrow-operators' in chapter 'rust-2024/static-mut-references.md', linking to hosted HTML book at 'https://doc.rust-lang.org/edition-guide/rust-2024/../../reference/expressions/operator-expr.html'    
 INFO mdbook_pandoc::preprocess: Failed to resolve link '../../rustc/lints/listing/warn-by-default.html#never-type-fallback-flowing-into-unsafe' in chapter 'rust-2024/never-type-fallback.md', linking to hosted HTML book at 'https://doc.rust-lang.org/edition-guide/rust-2024/../../rustc/lints/listing/warn-by-default.html'    
 INFO mdbook_pandoc::preprocess: Failed to resolve link '../../reference/type-coercions.html#coercion-sites' in chapter 'rust-2024/never-type-fallback.md', linking to hosted HTML book at 'https://doc.rust-lang.org/edition-guide/rust-2024/../../reference/type-coercions.html'    
 INFO mdbook_pandoc::preprocess: Failed to resolve link '../../rustc/lints/listing/warn-by-default.html#never-type-fallback-flowing-into-unsafe' in chapter 'rust-2024/never-type-fallback.md', linking to hosted HTML book at 'https://doc.rust-lang.org/edition-guide/rust-2024/../../rustc/lints/listing/warn-by-default.html'    
 INFO mdbook_pandoc::preprocess: Failed to resolve link '../../reference/macros-by-example.html#metavariables' in chapter 'rust-2024/macro-fragment-specifiers.md', linking to hosted HTML book at 'https://doc.rust-lang.org/edition-guide/rust-2024/../../reference/macros-by-example.html'    
 INFO mdbook_pandoc::preprocess: Failed to resolve link '../../reference/expressions/block-expr.html#const-blocks' in chapter 'rust-2024/macro-fragment-specifiers.md', linking to hosted HTML book at 'https://doc.rust-lang.org/edition-guide/rust-2024/../../reference/expressions/block-expr.html'    
 INFO mdbook_pandoc::preprocess: Failed to resolve link '../../reference/expressions/underscore-expr.html' in chapter 'rust-2024/macro-fragment-specifiers.md', linking to hosted HTML book at 'https://doc.rust-lang.org/edition-guide/rust-2024/../../reference/expressions/underscore-expr.html'    
 INFO mdbook_pandoc::preprocess: Failed to resolve link '../../rustc/lints/listing/allowed-by-default.html#edition-2024-expr-fragment-specifier' in chapter 'rust-2024/macro-fragment-specifiers.md', linking to hosted HTML book at 'https://doc.rust-lang.org/edition-guide/rust-2024/../../rustc/lints/listing/allowed-by-default.html'    
 INFO mdbook_pandoc::preprocess: Failed to resolve link '../../rustc/lints/listing/deny-by-default.html#missing-fragment-specifier' in chapter 'rust-2024/missing-macro-fragment-specifiers.md', linking to hosted HTML book at 'https://doc.rust-lang.org/edition-guide/rust-2024/../../rustc/lints/listing/deny-by-default.html'    
 INFO mdbook_pandoc::preprocess: Failed to resolve link '../../rustc/lints/listing/deny-by-default.html#missing-fragment-specifier' in chapter 'rust-2024/missing-macro-fragment-specifiers.md', linking to hosted HTML book at 'https://doc.rust-lang.org/edition-guide/rust-2024/../../rustc/lints/listing/deny-by-default.html'    
 INFO mdbook_pandoc::preprocess: Failed to resolve link '../../rustc/lints/listing/deny-by-default.html#missing-fragment-specifier' in chapter 'rust-2024/missing-macro-fragment-specifiers.md', linking to hosted HTML book at 'https://doc.rust-lang.org/edition-guide/rust-2024/../../rustc/lints/listing/deny-by-default.html'    
 INFO mdbook_pandoc::preprocess: Failed to resolve link '../../reference/keywords.html#reserved-keywords' in chapter 'rust-2024/gen-keyword.md', linking to hosted HTML book at 'https://doc.rust-lang.org/edition-guide/rust-2024/../../reference/keywords.html'    
 INFO mdbook_pandoc::preprocess: Failed to resolve link '../../reference/identifiers.html#raw-identifiers' in chapter 'rust-2024/gen-keyword.md', linking to hosted HTML book at 'https://doc.rust-lang.org/edition-guide/rust-2024/../../reference/identifiers.html'    
 INFO mdbook_pandoc::preprocess: Failed to resolve link '../../rustc/lints/listing/allowed-by-default.html#keyword-idents-2024' in chapter 'rust-2024/gen-keyword.md', linking to hosted HTML book at 'https://doc.rust-lang.org/edition-guide/rust-2024/../../rustc/lints/listing/allowed-by-default.html'    
 INFO mdbook_pandoc::preprocess: Failed to resolve link '../../reference/tokens.html#string-literals' in chapter 'rust-2024/reserved-syntax.md', linking to hosted HTML book at 'https://doc.rust-lang.org/edition-guide/rust-2024/../../reference/tokens.html'    
 INFO mdbook_pandoc::preprocess: Failed to resolve link '../../rustc/lints/listing/allowed-by-default.html#rust-2024-guarded-string-incompatible-syntax' in chapter 'rust-2024/reserved-syntax.md', linking to hosted HTML book at 'https://doc.rust-lang.org/edition-guide/rust-2024/../../rustc/lints/listing/allowed-by-default.html'    
 INFO mdbook_pandoc::preprocess: Failed to resolve link '../../std/future/trait.Future.html' in chapter 'rust-2024/prelude.md', linking to hosted HTML book at 'https://doc.rust-lang.org/edition-guide/rust-2024/../../std/future/trait.Future.html'    
 INFO mdbook_pandoc::preprocess: Failed to resolve link '../../std/future/trait.IntoFuture.html' in chapter 'rust-2024/prelude.md', linking to hosted HTML book at 'https://doc.rust-lang.org/edition-guide/rust-2024/../../std/future/trait.IntoFuture.html'    
 INFO mdbook_pandoc::preprocess: Failed to resolve link '../../std/prelude/index.html' in chapter 'rust-2024/prelude.md', linking to hosted HTML book at 'https://doc.rust-lang.org/edition-guide/rust-2024/../../std/prelude/index.html'    
 INFO mdbook_pandoc::preprocess: Failed to resolve link '../../std/future/trait.Future.html' in chapter 'rust-2024/prelude.md', linking to hosted HTML book at 'https://doc.rust-lang.org/edition-guide/rust-2024/../../std/future/trait.Future.html'    
 INFO mdbook_pandoc::preprocess: Failed to resolve link '../../std/future/trait.IntoFuture.html' in chapter 'rust-2024/prelude.md', linking to hosted HTML book at 'https://doc.rust-lang.org/edition-guide/rust-2024/../../std/future/trait.IntoFuture.html'    
 INFO mdbook_pandoc::preprocess: Failed to resolve link '../../rustc/lints/listing/allowed-by-default.html#rust-2024-prelude-collisions' in chapter 'rust-2024/prelude.md', linking to hosted HTML book at 'https://doc.rust-lang.org/edition-guide/rust-2024/../../rustc/lints/listing/allowed-by-default.html'    
 INFO mdbook_pandoc::preprocess: Failed to resolve link '../../std/iter/trait.IntoIterator.html' in chapter 'rust-2024/intoiterator-box-slice.md', linking to hosted HTML book at 'https://doc.rust-lang.org/edition-guide/rust-2024/../../std/iter/trait.IntoIterator.html'    
 INFO mdbook_pandoc::preprocess: Failed to resolve link '../../std/iter/trait.IntoIterator.html#tymethod.into_iter' in chapter 'rust-2024/intoiterator-box-slice.md', linking to hosted HTML book at 'https://doc.rust-lang.org/edition-guide/rust-2024/../../std/iter/trait.IntoIterator.html'    
 INFO mdbook_pandoc::preprocess: Failed to resolve link '../../std/iter/trait.IntoIterator.html#tymethod.into_iter' in chapter 'rust-2024/intoiterator-box-slice.md', linking to hosted HTML book at 'https://doc.rust-lang.org/edition-guide/rust-2024/../../std/iter/trait.IntoIterator.html'    
 INFO mdbook_pandoc::preprocess: Failed to resolve link '../../rustc/lints/listing/warn-by-default.html#boxed-slice-into-iter' in chapter 'rust-2024/intoiterator-box-slice.md', linking to hosted HTML book at 'https://doc.rust-lang.org/edition-guide/rust-2024/../../rustc/lints/listing/warn-by-default.html'    
 INFO mdbook_pandoc::preprocess: Failed to resolve link '../../rustc/lints/listing/warn-by-default.html#boxed-slice-into-iter' in chapter 'rust-2024/intoiterator-box-slice.md', linking to hosted HTML book at 'https://doc.rust-lang.org/edition-guide/rust-2024/../../rustc/lints/listing/warn-by-default.html'    
 INFO mdbook_pandoc::preprocess: Failed to resolve link '../../reference/unsafe-keyword.html#unsafe-functions-unsafe-fn' in chapter 'rust-2024/newly-unsafe-functions.md', linking to hosted HTML book at 'https://doc.rust-lang.org/edition-guide/rust-2024/../../reference/unsafe-keyword.html'    
 INFO mdbook_pandoc::preprocess: Failed to resolve link '../../std/env/fn.set_var.html' in chapter 'rust-2024/newly-unsafe-functions.md', linking to hosted HTML book at 'https://doc.rust-lang.org/edition-guide/rust-2024/../../std/env/fn.set_var.html'    
 INFO mdbook_pandoc::preprocess: Failed to resolve link '../../std/env/fn.remove_var.html' in chapter 'rust-2024/newly-unsafe-functions.md', linking to hosted HTML book at 'https://doc.rust-lang.org/edition-guide/rust-2024/../../std/env/fn.remove_var.html'    
 INFO mdbook_pandoc::preprocess: Failed to resolve link '../../std/os/unix/process/trait.CommandExt.html#method.before_exec' in chapter 'rust-2024/newly-unsafe-functions.md', linking to hosted HTML book at 'https://doc.rust-lang.org/edition-guide/rust-2024/../../std/os/unix/process/trait.CommandExt.html'    
 INFO mdbook_pandoc::preprocess: Failed to resolve link '../../std/env/fn.set_var.html' in chapter 'rust-2024/newly-unsafe-functions.md', linking to hosted HTML book at 'https://doc.rust-lang.org/edition-guide/rust-2024/../../std/env/fn.set_var.html'    
 INFO mdbook_pandoc::preprocess: Failed to resolve link '../../std/env/fn.remove_var.html' in chapter 'rust-2024/newly-unsafe-functions.md', linking to hosted HTML book at 'https://doc.rust-lang.org/edition-guide/rust-2024/../../std/env/fn.remove_var.html'    
 INFO mdbook_pandoc::preprocess: Failed to resolve link '../../std/env/fn.set_var.html#safety' in chapter 'rust-2024/newly-unsafe-functions.md', linking to hosted HTML book at 'https://doc.rust-lang.org/edition-guide/rust-2024/../../std/env/fn.set_var.html'    
 INFO mdbook_pandoc::preprocess: Failed to resolve link '../../std/os/unix/process/trait.CommandExt.html#method.before_exec' in chapter 'rust-2024/newly-unsafe-functions.md', linking to hosted HTML book at 'https://doc.rust-lang.org/edition-guide/rust-2024/../../std/os/unix/process/trait.CommandExt.html'    
 INFO mdbook_pandoc::preprocess: Failed to resolve link '../../std/os/unix/process/trait.CommandExt.html#tymethod.pre_exec' in chapter 'rust-2024/newly-unsafe-functions.md', linking to hosted HTML book at 'https://doc.rust-lang.org/edition-guide/rust-2024/../../std/os/unix/process/trait.CommandExt.html'    
 INFO mdbook_pandoc::preprocess: Failed to resolve link '../../std/os/unix/process/trait.CommandExt.html#notes-and-safety' in chapter 'rust-2024/newly-unsafe-functions.md', linking to hosted HTML book at 'https://doc.rust-lang.org/edition-guide/rust-2024/../../std/os/unix/process/trait.CommandExt.html'    
 INFO mdbook_pandoc::preprocess: Failed to resolve link '../../rustc/lints/listing/allowed-by-default.html#deprecated-safe-2024' in chapter 'rust-2024/newly-unsafe-functions.md', linking to hosted HTML book at 'https://doc.rust-lang.org/edition-guide/rust-2024/../../rustc/lints/listing/allowed-by-default.html'    
 INFO mdbook_pandoc::preprocess: Failed to resolve link '../../cargo/reference/rust-version.html' in chapter 'rust-2024/cargo-resolver.md', linking to hosted HTML book at 'https://doc.rust-lang.org/edition-guide/rust-2024/../../cargo/reference/rust-version.html'    
 INFO mdbook_pandoc::preprocess: Failed to resolve link '../../cargo/reference/config.html#resolverincompatible-rust-versions' in chapter 'rust-2024/cargo-resolver.md', linking to hosted HTML book at 'https://doc.rust-lang.org/edition-guide/rust-2024/../../cargo/reference/config.html'    
 INFO mdbook_pandoc::preprocess: Failed to resolve link '../../cargo/reference/config.html#resolverincompatible-rust-versions' in chapter 'rust-2024/cargo-resolver.md', linking to hosted HTML book at 'https://doc.rust-lang.org/edition-guide/rust-2024/../../cargo/reference/config.html'    
 INFO mdbook_pandoc::preprocess: Failed to resolve link '../../cargo/reference/workspaces.html' in chapter 'rust-2024/cargo-resolver.md', linking to hosted HTML book at 'https://doc.rust-lang.org/edition-guide/rust-2024/../../cargo/reference/workspaces.html'    
 INFO mdbook_pandoc::preprocess: Failed to resolve link '../../cargo/reference/workspaces.html#virtual-workspace' in chapter 'rust-2024/cargo-resolver.md', linking to hosted HTML book at 'https://doc.rust-lang.org/edition-guide/rust-2024/../../cargo/reference/workspaces.html'    
 INFO mdbook_pandoc::preprocess: Failed to resolve link '../../cargo/reference/resolver.html#resolver-versions' in chapter 'rust-2024/cargo-resolver.md', linking to hosted HTML book at 'https://doc.rust-lang.org/edition-guide/rust-2024/../../cargo/reference/resolver.html'    
 INFO mdbook_pandoc::preprocess: Failed to resolve link '../../cargo/reference/resolver.html#rust-version' in chapter 'rust-2024/cargo-resolver.md', linking to hosted HTML book at 'https://doc.rust-lang.org/edition-guide/rust-2024/../../cargo/reference/resolver.html'    
 INFO mdbook_pandoc::preprocess: Failed to resolve link '../../cargo/guide/continuous-integration.html#verifying-latest-dependencies' in chapter 'rust-2024/cargo-resolver.md', linking to hosted HTML book at 'https://doc.rust-lang.org/edition-guide/rust-2024/../../cargo/guide/continuous-integration.html'    
 INFO mdbook_pandoc::preprocess: Failed to resolve link '../../cargo/reference/specifying-dependencies.html#inheriting-a-dependency-from-a-workspace' in chapter 'rust-2024/cargo-inherited-default-features.md', linking to hosted HTML book at 'https://doc.rust-lang.org/edition-guide/rust-2024/../../cargo/reference/specifying-dependencies.html'    
 INFO mdbook_pandoc::preprocess: Failed to resolve link '../../rustdoc/write-documentation/documentation-tests.html' in chapter 'rust-2024/rustdoc-doctests.md', linking to hosted HTML book at 'https://doc.rust-lang.org/edition-guide/rust-2024/../../rustdoc/write-documentation/documentation-tests.html'    
 INFO mdbook_pandoc::preprocess: Failed to resolve link '../../rustdoc/write-documentation/documentation-tests.html#attributes' in chapter 'rust-2024/rustdoc-doctests.md', linking to hosted HTML book at 'https://doc.rust-lang.org/edition-guide/rust-2024/../../rustdoc/write-documentation/documentation-tests.html'    
 INFO mdbook_pandoc::preprocess: Failed to resolve link '../../rustdoc/write-documentation/documentation-tests.html#attributes' in chapter 'rust-2024/rustdoc-doctests.md', linking to hosted HTML book at 'https://doc.rust-lang.org/edition-guide/rust-2024/../../rustdoc/write-documentation/documentation-tests.html'    
 INFO mdbook_pandoc::preprocess: Failed to resolve link '../../std/alloc/trait.GlobalAlloc.html' in chapter 'rust-2024/rustdoc-doctests.md', linking to hosted HTML book at 'https://doc.rust-lang.org/edition-guide/rust-2024/../../std/alloc/trait.GlobalAlloc.html'    
 INFO mdbook_pandoc::preprocess: Failed to resolve link '../../style-guide/index.html' in chapter 'rust-2024/rustfmt-style-edition.md', linking to hosted HTML book at 'https://doc.rust-lang.org/edition-guide/rust-2024/../../style-guide/index.html'    
 INFO mdbook_pandoc::preprocess: Failed to resolve link '../../reference/identifiers.html#raw-identifiers' in chapter 'rust-2024/rustfmt-raw-identifier-sorting.md', linking to hosted HTML book at 'https://doc.rust-lang.org/edition-guide/rust-2024/../../reference/identifiers.html'    
 INFO mdbook_pandoc::preprocess: Failed to resolve link '../../style-guide/index.html' in chapter 'rust-2024/rustfmt-raw-identifier-sorting.md', linking to hosted HTML book at 'https://doc.rust-lang.org/edition-guide/rust-2024/../../style-guide/index.html'    
 INFO mdbook_pandoc::preprocess: Failed to resolve link '../../style-guide/index.html#sorting' in chapter 'rust-2024/rustfmt-raw-identifier-sorting.md', linking to hosted HTML book at 'https://doc.rust-lang.org/edition-guide/rust-2024/../../style-guide/index.html'    
 INFO mdbook_pandoc::preprocess: Failed to resolve link '../../style-guide/index.html' in chapter 'rust-2024/rustfmt-version-sorting.md', linking to hosted HTML book at 'https://doc.rust-lang.org/edition-guide/rust-2024/../../style-guide/index.html'    
 INFO mdbook_pandoc::preprocess: Failed to resolve link '../../style-guide/index.html#sorting' in chapter 'rust-2024/rustfmt-version-sorting.md', linking to hosted HTML book at 'https://doc.rust-lang.org/edition-guide/rust-2024/../../style-guide/index.html'    
 INFO mdbook_pandoc::pandoc::renderer: Running pandoc    
 INFO mdbook_pandoc::pandoc::renderer: Wrote output to book/pdf/book.pdf
