---
source: src/lib.rs
expression: logs
---
 INFO mdbook::book: Running the pandoc backend    
 WARN mdbook_pandoc::preprocess: Unable to normalize link '../book/index.html' in chapter 'Introduction': Unable to canonicalize path: $ROOT/src/../book/index.html: No such file or directory (os error 2)    
 WARN mdbook_pandoc::preprocess: Unable to normalize link '../book/index.html' in chapter 'Introduction': Unable to canonicalize path: $ROOT/src/../book/index.html: No such file or directory (os error 2)    
 WARN mdbook_pandoc::preprocess: Unable to normalize link '../book/index.html' in chapter 'Introduction': Unable to canonicalize path: $ROOT/src/../book/index.html: No such file or directory (os error 2)    
 WARN mdbook_pandoc::preprocess: Unable to normalize link '../book/index.html' in chapter 'Introduction': Unable to canonicalize path: $ROOT/src/../book/index.html: No such file or directory (os error 2)    
 WARN mdbook_pandoc::preprocess: Unable to normalize link '../reference/index.html' in chapter 'Introduction': Unable to canonicalize path: $ROOT/src/../reference/index.html: No such file or directory (os error 2)    
 WARN mdbook_pandoc::preprocess: Unable to normalize link '../reference/index.html' in chapter 'Introduction': Unable to canonicalize path: $ROOT/src/../reference/index.html: No such file or directory (os error 2)    
 WARN mdbook_pandoc::preprocess: Unable to normalize link '../std/primitive.slice.html#method.get_unchecked' in chapter 'How Safe and Unsafe Interact': Unable to canonicalize path: $ROOT/src/../std/primitive.slice.html: No such file or directory (os error 2)    
 WARN mdbook_pandoc::preprocess: Unable to normalize link '../std/primitive.slice.html#method.get_unchecked' in chapter 'How Safe and Unsafe Interact': Unable to canonicalize path: $ROOT/src/../std/primitive.slice.html: No such file or directory (os error 2)    
 WARN mdbook_pandoc::preprocess: Unable to normalize link '../std/marker/trait.Send.html' in chapter 'How Safe and Unsafe Interact': Unable to canonicalize path: $ROOT/src/../std/marker/trait.Send.html: No such file or directory (os error 2)    
 WARN mdbook_pandoc::preprocess: Unable to normalize link '../std/marker/trait.Send.html' in chapter 'How Safe and Unsafe Interact': Unable to canonicalize path: $ROOT/src/../std/marker/trait.Send.html: No such file or directory (os error 2)    
 WARN mdbook_pandoc::preprocess: Unable to normalize link '../std/primitive.slice.html#method.get_unchecked' in chapter 'How Safe and Unsafe Interact': Unable to canonicalize path: $ROOT/src/../std/primitive.slice.html: No such file or directory (os error 2)    
 WARN mdbook_pandoc::preprocess: Unable to normalize link '../std/primitive.slice.html#method.get_unchecked' in chapter 'How Safe and Unsafe Interact': Unable to canonicalize path: $ROOT/src/../std/primitive.slice.html: No such file or directory (os error 2)    
 WARN mdbook_pandoc::preprocess: Unable to normalize link '../std/mem/fn.transmute.html' in chapter 'How Safe and Unsafe Interact': Unable to canonicalize path: $ROOT/src/../std/mem/fn.transmute.html: No such file or directory (os error 2)    
 WARN mdbook_pandoc::preprocess: Unable to normalize link '../std/mem/fn.transmute.html' in chapter 'How Safe and Unsafe Interact': Unable to canonicalize path: $ROOT/src/../std/mem/fn.transmute.html: No such file or directory (os error 2)    
 WARN mdbook_pandoc::preprocess: Unable to normalize link '../std/primitive.pointer.html#method.offset' in chapter 'How Safe and Unsafe Interact': Unable to canonicalize path: $ROOT/src/../std/primitive.pointer.html: No such file or directory (os error 2)    
 WARN mdbook_pandoc::preprocess: Unable to normalize link '../std/primitive.pointer.html#method.offset' in chapter 'How Safe and Unsafe Interact': Unable to canonicalize path: $ROOT/src/../std/primitive.pointer.html: No such file or directory (os error 2)    
 WARN mdbook_pandoc::preprocess: Unable to normalize link '../std/primitive.pointer.html#method.offset' in chapter 'How Safe and Unsafe Interact': Unable to canonicalize path: $ROOT/src/../std/primitive.pointer.html: No such file or directory (os error 2)    
 WARN mdbook_pandoc::preprocess: Unable to normalize link '../std/primitive.pointer.html#method.offset' in chapter 'How Safe and Unsafe Interact': Unable to canonicalize path: $ROOT/src/../std/primitive.pointer.html: No such file or directory (os error 2)    
 WARN mdbook_pandoc::preprocess: Unable to normalize link '../std/marker/trait.Send.html' in chapter 'How Safe and Unsafe Interact': Unable to canonicalize path: $ROOT/src/../std/marker/trait.Send.html: No such file or directory (os error 2)    
 WARN mdbook_pandoc::preprocess: Unable to normalize link '../std/marker/trait.Send.html' in chapter 'How Safe and Unsafe Interact': Unable to canonicalize path: $ROOT/src/../std/marker/trait.Send.html: No such file or directory (os error 2)    
 WARN mdbook_pandoc::preprocess: Unable to normalize link '../std/marker/trait.Sync.html' in chapter 'How Safe and Unsafe Interact': Unable to canonicalize path: $ROOT/src/../std/marker/trait.Sync.html: No such file or directory (os error 2)    
 WARN mdbook_pandoc::preprocess: Unable to normalize link '../std/marker/trait.Sync.html' in chapter 'How Safe and Unsafe Interact': Unable to canonicalize path: $ROOT/src/../std/marker/trait.Sync.html: No such file or directory (os error 2)    
 WARN mdbook_pandoc::preprocess: Unable to normalize link '../std/alloc/trait.GlobalAlloc.html' in chapter 'How Safe and Unsafe Interact': Unable to canonicalize path: $ROOT/src/../std/alloc/trait.GlobalAlloc.html: No such file or directory (os error 2)    
 WARN mdbook_pandoc::preprocess: Unable to normalize link '../std/alloc/trait.GlobalAlloc.html' in chapter 'How Safe and Unsafe Interact': Unable to canonicalize path: $ROOT/src/../std/alloc/trait.GlobalAlloc.html: No such file or directory (os error 2)    
 WARN mdbook_pandoc::preprocess: Unable to normalize link '../std/cmp/trait.PartialOrd.html' in chapter 'How Safe and Unsafe Interact': Unable to canonicalize path: $ROOT/src/../std/cmp/trait.PartialOrd.html: No such file or directory (os error 2)    
 WARN mdbook_pandoc::preprocess: Unable to normalize link '../std/cmp/trait.PartialOrd.html' in chapter 'How Safe and Unsafe Interact': Unable to canonicalize path: $ROOT/src/../std/cmp/trait.PartialOrd.html: No such file or directory (os error 2)    
 WARN mdbook_pandoc::preprocess: Unable to normalize link '../std/cmp/trait.Ord.html' in chapter 'How Safe and Unsafe Interact': Unable to canonicalize path: $ROOT/src/../std/cmp/trait.Ord.html: No such file or directory (os error 2)    
 WARN mdbook_pandoc::preprocess: Unable to normalize link '../std/cmp/trait.Ord.html' in chapter 'How Safe and Unsafe Interact': Unable to canonicalize path: $ROOT/src/../std/cmp/trait.Ord.html: No such file or directory (os error 2)    
 WARN mdbook_pandoc::preprocess: Unable to normalize link '../std/collections/struct.BTreeMap.html' in chapter 'How Safe and Unsafe Interact': Unable to canonicalize path: $ROOT/src/../std/collections/struct.BTreeMap.html: No such file or directory (os error 2)    
 WARN mdbook_pandoc::preprocess: Unable to normalize link '../std/collections/struct.BTreeMap.html' in chapter 'How Safe and Unsafe Interact': Unable to canonicalize path: $ROOT/src/../std/collections/struct.BTreeMap.html: No such file or directory (os error 2)    
 WARN mdbook_pandoc::preprocess: Unable to normalize link '../reference/attributes/codegen.html#the-target_feature-attribute' in chapter 'What Unsafe Can Do': Unable to canonicalize path: $ROOT/src/../reference/attributes/codegen.html: No such file or directory (os error 2)    
 WARN mdbook_pandoc::preprocess: Unable to normalize link '../reference/attributes/codegen.html#the-target_feature-attribute' in chapter 'What Unsafe Can Do': Unable to canonicalize path: $ROOT/src/../reference/attributes/codegen.html: No such file or directory (os error 2)    
 WARN mdbook_pandoc::preprocess: Unable to normalize link '../std/ptr/struct.NonNull.html' in chapter 'What Unsafe Can Do': Unable to canonicalize path: $ROOT/src/../std/ptr/struct.NonNull.html: No such file or directory (os error 2)    
 WARN mdbook_pandoc::preprocess: Unable to normalize link '../std/ptr/struct.NonNull.html' in chapter 'What Unsafe Can Do': Unable to canonicalize path: $ROOT/src/../std/ptr/struct.NonNull.html: No such file or directory (os error 2)    
 WARN mdbook_pandoc::preprocess: Unable to normalize link '../reference/type-layout.html' in chapter 'Data Layout': Unable to canonicalize path: $ROOT/src/../reference/type-layout.html: No such file or directory (os error 2)    
 WARN mdbook_pandoc::preprocess: Unable to normalize link '../reference/type-layout.html' in chapter 'Data Layout': Unable to canonicalize path: $ROOT/src/../reference/type-layout.html: No such file or directory (os error 2)    
 WARN mdbook_pandoc::preprocess: Unable to normalize link '../std/primitive.slice.html' in chapter 'Exotically Sized Types': Unable to canonicalize path: $ROOT/src/../std/primitive.slice.html: No such file or directory (os error 2)    
 WARN mdbook_pandoc::preprocess: Unable to normalize link '../std/primitive.slice.html' in chapter 'Exotically Sized Types': Unable to canonicalize path: $ROOT/src/../std/primitive.slice.html: No such file or directory (os error 2)    
 WARN mdbook_pandoc::preprocess: Unable to normalize link '../std/primitive.str.html' in chapter 'Exotically Sized Types': Unable to canonicalize path: $ROOT/src/../std/primitive.str.html: No such file or directory (os error 2)    
 WARN mdbook_pandoc::preprocess: Unable to normalize link '../std/primitive.str.html' in chapter 'Exotically Sized Types': Unable to canonicalize path: $ROOT/src/../std/primitive.str.html: No such file or directory (os error 2)    
 WARN mdbook_pandoc::preprocess: Unable to normalize link '../std/alloc/trait.GlobalAlloc.html#tymethod.alloc' in chapter 'Exotically Sized Types': Unable to canonicalize path: $ROOT/src/../std/alloc/trait.GlobalAlloc.html: No such file or directory (os error 2)    
 WARN mdbook_pandoc::preprocess: Unable to normalize link '../std/alloc/trait.GlobalAlloc.html#tymethod.alloc' in chapter 'Exotically Sized Types': Unable to canonicalize path: $ROOT/src/../std/alloc/trait.GlobalAlloc.html: No such file or directory (os error 2)    
 WARN mdbook_pandoc::preprocess: Unable to normalize link '../std/cell/struct.UnsafeCell.html' in chapter 'Other reprs': Unable to canonicalize path: $ROOT/src/../std/cell/struct.UnsafeCell.html: No such file or directory (os error 2)    
 WARN mdbook_pandoc::preprocess: Unable to normalize link '../std/cell/struct.UnsafeCell.html' in chapter 'Other reprs': Unable to canonicalize path: $ROOT/src/../std/cell/struct.UnsafeCell.html: No such file or directory (os error 2)    
 WARN mdbook_pandoc::preprocess: Unable to normalize link '../std/cell/struct.UnsafeCell.html' in chapter 'Other reprs': Unable to canonicalize path: $ROOT/src/../std/cell/struct.UnsafeCell.html: No such file or directory (os error 2)    
 WARN mdbook_pandoc::preprocess: Unable to normalize link '../std/cell/struct.UnsafeCell.html' in chapter 'Other reprs': Unable to canonicalize path: $ROOT/src/../std/cell/struct.UnsafeCell.html: No such file or directory (os error 2)    
 WARN mdbook_pandoc::preprocess: Unable to normalize link '../reference/subtyping.html#variance' in chapter 'Subtyping and Variance': Unable to canonicalize path: $ROOT/src/../reference/subtyping.html: No such file or directory (os error 2)    
 WARN mdbook_pandoc::preprocess: Unable to normalize link '../reference/subtyping.html#variance' in chapter 'Subtyping and Variance': Unable to canonicalize path: $ROOT/src/../reference/subtyping.html: No such file or directory (os error 2)    
 WARN mdbook_pandoc::preprocess: Unable to normalize link '../std/mem/struct.ManuallyDrop.html' in chapter 'Drop Check': Unable to canonicalize path: $ROOT/src/../std/mem/struct.ManuallyDrop.html: No such file or directory (os error 2)    
 WARN mdbook_pandoc::preprocess: Unable to normalize link '../std/mem/struct.ManuallyDrop.html' in chapter 'Drop Check': Unable to canonicalize path: $ROOT/src/../std/mem/struct.ManuallyDrop.html: No such file or directory (os error 2)    
 WARN mdbook_pandoc::preprocess: Unable to normalize link '../reference/type-coercions.html#coercion-types' in chapter 'Coercions': Unable to canonicalize path: $ROOT/src/../reference/type-coercions.html: No such file or directory (os error 2)    
 WARN mdbook_pandoc::preprocess: Unable to normalize link '../reference/type-coercions.html#coercion-types' in chapter 'Coercions': Unable to canonicalize path: $ROOT/src/../reference/type-coercions.html: No such file or directory (os error 2)    
 WARN mdbook_pandoc::preprocess: Unable to normalize link '../book/ch19-03-advanced-traits.html#fully-qualified-syntax-for-disambiguation-calling-methods-with-the-same-name' in chapter 'The Dot Operator': Unable to canonicalize path: $ROOT/src/../book/ch19-03-advanced-traits.html: No such file or directory (os error 2)    
 WARN mdbook_pandoc::preprocess: Unable to normalize link '../book/ch19-03-advanced-traits.html#fully-qualified-syntax-for-disambiguation-calling-methods-with-the-same-name' in chapter 'The Dot Operator': Unable to canonicalize path: $ROOT/src/../book/ch19-03-advanced-traits.html: No such file or directory (os error 2)    
 WARN mdbook_pandoc::preprocess: Unable to normalize link '../std/ops/trait.Index.html' in chapter 'The Dot Operator': Unable to canonicalize path: $ROOT/src/../std/ops/trait.Index.html: No such file or directory (os error 2)    
 WARN mdbook_pandoc::preprocess: Unable to normalize link '../std/ops/trait.Index.html' in chapter 'The Dot Operator': Unable to canonicalize path: $ROOT/src/../std/ops/trait.Index.html: No such file or directory (os error 2)    
 WARN mdbook_pandoc::preprocess: Unable to normalize link '../std/clone/trait.Clone.html#derivable' in chapter 'The Dot Operator': Unable to canonicalize path: $ROOT/src/../std/clone/trait.Clone.html: No such file or directory (os error 2)    
 WARN mdbook_pandoc::preprocess: Unable to normalize link '../std/clone/trait.Clone.html#derivable' in chapter 'The Dot Operator': Unable to canonicalize path: $ROOT/src/../std/clone/trait.Clone.html: No such file or directory (os error 2)    
 WARN mdbook_pandoc::preprocess: Unable to normalize link '../reference/expressions/operator-expr.html#type-cast-expressions' in chapter 'Casts': Unable to canonicalize path: $ROOT/src/../reference/expressions/operator-expr.html: No such file or directory (os error 2)    
 WARN mdbook_pandoc::preprocess: Unable to normalize link '../reference/expressions/operator-expr.html#type-cast-expressions' in chapter 'Casts': Unable to canonicalize path: $ROOT/src/../reference/expressions/operator-expr.html: No such file or directory (os error 2)    
 WARN mdbook_pandoc::preprocess: Unable to normalize link '../reference/expressions/operator-expr.html#semantics' in chapter 'Casts': Unable to canonicalize path: $ROOT/src/../reference/expressions/operator-expr.html: No such file or directory (os error 2)    
 WARN mdbook_pandoc::preprocess: Unable to normalize link '../reference/expressions/operator-expr.html#semantics' in chapter 'Casts': Unable to canonicalize path: $ROOT/src/../reference/expressions/operator-expr.html: No such file or directory (os error 2)    
 WARN mdbook_pandoc::preprocess: Unable to normalize link '../std/mem/fn.transmute.html' in chapter 'Transmutes': Unable to canonicalize path: $ROOT/src/../std/mem/fn.transmute.html: No such file or directory (os error 2)    
 WARN mdbook_pandoc::preprocess: Unable to normalize link '../std/mem/fn.transmute.html' in chapter 'Transmutes': Unable to canonicalize path: $ROOT/src/../std/mem/fn.transmute.html: No such file or directory (os error 2)    
 WARN mdbook_pandoc::preprocess: Unable to normalize link '../std/mem/fn.transmute_copy.html' in chapter 'Transmutes': Unable to canonicalize path: $ROOT/src/../std/mem/fn.transmute_copy.html: No such file or directory (os error 2)    
 WARN mdbook_pandoc::preprocess: Unable to normalize link '../std/mem/fn.transmute_copy.html' in chapter 'Transmutes': Unable to canonicalize path: $ROOT/src/../std/mem/fn.transmute_copy.html: No such file or directory (os error 2)    
 WARN mdbook_pandoc::preprocess: Unable to normalize link '../core/mem/union.MaybeUninit.html' in chapter 'Unchecked': Unable to canonicalize path: $ROOT/src/../core/mem/union.MaybeUninit.html: No such file or directory (os error 2)    
 WARN mdbook_pandoc::preprocess: Unable to normalize link '../core/mem/union.MaybeUninit.html' in chapter 'Unchecked': Unable to canonicalize path: $ROOT/src/../core/mem/union.MaybeUninit.html: No such file or directory (os error 2)    
 WARN mdbook_pandoc::preprocess: Unable to normalize link '../core/mem/union.MaybeUninit.html#method.assume_init' in chapter 'Unchecked': Unable to canonicalize path: $ROOT/src/../core/mem/union.MaybeUninit.html: No such file or directory (os error 2)    
 WARN mdbook_pandoc::preprocess: Unable to normalize link '../core/mem/union.MaybeUninit.html#method.assume_init' in chapter 'Unchecked': Unable to canonicalize path: $ROOT/src/../core/mem/union.MaybeUninit.html: No such file or directory (os error 2)    
 WARN mdbook_pandoc::preprocess: Unable to normalize link '../core/ptr/index.html' in chapter 'Unchecked': Unable to canonicalize path: $ROOT/src/../core/ptr/index.html: No such file or directory (os error 2)    
 WARN mdbook_pandoc::preprocess: Unable to normalize link '../core/ptr/index.html' in chapter 'Unchecked': Unable to canonicalize path: $ROOT/src/../core/ptr/index.html: No such file or directory (os error 2)    
 WARN mdbook_pandoc::preprocess: Unable to normalize link '../core/ptr/fn.write.html' in chapter 'Unchecked': Unable to canonicalize path: $ROOT/src/../core/ptr/fn.write.html: No such file or directory (os error 2)    
 WARN mdbook_pandoc::preprocess: Unable to normalize link '../core/ptr/fn.write.html' in chapter 'Unchecked': Unable to canonicalize path: $ROOT/src/../core/ptr/fn.write.html: No such file or directory (os error 2)    
 WARN mdbook_pandoc::preprocess: Unable to normalize link '../std/ptr/fn.copy.html' in chapter 'Unchecked': Unable to canonicalize path: $ROOT/src/../std/ptr/fn.copy.html: No such file or directory (os error 2)    
 WARN mdbook_pandoc::preprocess: Unable to normalize link '../std/ptr/fn.copy.html' in chapter 'Unchecked': Unable to canonicalize path: $ROOT/src/../std/ptr/fn.copy.html: No such file or directory (os error 2)    
 WARN mdbook_pandoc::preprocess: Unable to normalize link '../std/ptr/fn.copy_nonoverlapping.html' in chapter 'Unchecked': Unable to canonicalize path: $ROOT/src/../std/ptr/fn.copy_nonoverlapping.html: No such file or directory (os error 2)    
 WARN mdbook_pandoc::preprocess: Unable to normalize link '../std/ptr/fn.copy_nonoverlapping.html' in chapter 'Unchecked': Unable to canonicalize path: $ROOT/src/../std/ptr/fn.copy_nonoverlapping.html: No such file or directory (os error 2)    
 WARN mdbook_pandoc::preprocess: Unable to normalize link '../core/ptr/macro.addr_of_mut.html' in chapter 'Unchecked': Unable to canonicalize path: $ROOT/src/../core/ptr/macro.addr_of_mut.html: No such file or directory (os error 2)    
 WARN mdbook_pandoc::preprocess: Unable to normalize link '../core/ptr/macro.addr_of_mut.html' in chapter 'Unchecked': Unable to canonicalize path: $ROOT/src/../core/ptr/macro.addr_of_mut.html: No such file or directory (os error 2)    
 WARN mdbook_pandoc::preprocess: Unable to normalize link '../../std/ptr/struct.NonNull.html' in chapter 'Layout': Unable to canonicalize path: $ROOT/src/vec/../../std/ptr/struct.NonNull.html: No such file or directory (os error 2)    
 WARN mdbook_pandoc::preprocess: Unable to normalize link '../../std/ptr/struct.NonNull.html' in chapter 'Layout': Unable to canonicalize path: $ROOT/src/vec/../../std/ptr/struct.NonNull.html: No such file or directory (os error 2)    
 WARN mdbook_pandoc::preprocess: Unable to normalize link '../../alloc/alloc/fn.alloc.html' in chapter 'Allocating': Unable to canonicalize path: $ROOT/src/vec/../../alloc/alloc/fn.alloc.html: No such file or directory (os error 2)    
 WARN mdbook_pandoc::preprocess: Unable to normalize link '../../alloc/alloc/fn.alloc.html' in chapter 'Allocating': Unable to canonicalize path: $ROOT/src/vec/../../alloc/alloc/fn.alloc.html: No such file or directory (os error 2)    
 WARN mdbook_pandoc::preprocess: Unable to normalize link '../../alloc/alloc/fn.realloc.html' in chapter 'Allocating': Unable to canonicalize path: $ROOT/src/vec/../../alloc/alloc/fn.realloc.html: No such file or directory (os error 2)    
 WARN mdbook_pandoc::preprocess: Unable to normalize link '../../alloc/alloc/fn.realloc.html' in chapter 'Allocating': Unable to canonicalize path: $ROOT/src/vec/../../alloc/alloc/fn.realloc.html: No such file or directory (os error 2)    
 WARN mdbook_pandoc::preprocess: Unable to normalize link '../../alloc/alloc/fn.dealloc.html' in chapter 'Allocating': Unable to canonicalize path: $ROOT/src/vec/../../alloc/alloc/fn.dealloc.html: No such file or directory (os error 2)    
 WARN mdbook_pandoc::preprocess: Unable to normalize link '../../alloc/alloc/fn.dealloc.html' in chapter 'Allocating': Unable to canonicalize path: $ROOT/src/vec/../../alloc/alloc/fn.dealloc.html: No such file or directory (os error 2)    
 WARN mdbook_pandoc::preprocess: Unable to normalize link '../../alloc/alloc/index.html' in chapter 'Allocating': Unable to canonicalize path: $ROOT/src/vec/../../alloc/alloc/index.html: No such file or directory (os error 2)    
 WARN mdbook_pandoc::preprocess: Unable to normalize link '../../alloc/alloc/index.html' in chapter 'Allocating': Unable to canonicalize path: $ROOT/src/vec/../../alloc/alloc/index.html: No such file or directory (os error 2)    
 WARN mdbook_pandoc::preprocess: Unable to normalize link '../../std/alloc/struct.Global.html' in chapter 'Allocating': Unable to canonicalize path: $ROOT/src/vec/../../std/alloc/struct.Global.html: No such file or directory (os error 2)    
 WARN mdbook_pandoc::preprocess: Unable to normalize link '../../std/alloc/struct.Global.html' in chapter 'Allocating': Unable to canonicalize path: $ROOT/src/vec/../../std/alloc/struct.Global.html: No such file or directory (os error 2)    
 WARN mdbook_pandoc::preprocess: Unable to normalize link '../../alloc/alloc/fn.handle_alloc_error.html' in chapter 'Allocating': Unable to canonicalize path: $ROOT/src/vec/../../alloc/alloc/fn.handle_alloc_error.html: No such file or directory (os error 2)    
 WARN mdbook_pandoc::preprocess: Unable to normalize link '../../alloc/alloc/fn.handle_alloc_error.html' in chapter 'Allocating': Unable to canonicalize path: $ROOT/src/vec/../../alloc/alloc/fn.handle_alloc_error.html: No such file or directory (os error 2)    
 WARN mdbook_pandoc::preprocess: Unable to normalize link '../std/ops/trait.Drop.html' in chapter 'FFI': Unable to canonicalize path: $ROOT/src/../std/ops/trait.Drop.html: No such file or directory (os error 2)    
 WARN mdbook_pandoc::preprocess: Unable to normalize link '../std/ops/trait.Drop.html' in chapter 'FFI': Unable to canonicalize path: $ROOT/src/../std/ops/trait.Drop.html: No such file or directory (os error 2)    
 WARN mdbook_pandoc::preprocess: Unable to normalize link '../std/panic/fn.catch_unwind.html' in chapter 'FFI': Unable to canonicalize path: $ROOT/src/../std/panic/fn.catch_unwind.html: No such file or directory (os error 2)    
 WARN mdbook_pandoc::preprocess: Unable to normalize link '../std/panic/fn.catch_unwind.html' in chapter 'FFI': Unable to canonicalize path: $ROOT/src/../std/panic/fn.catch_unwind.html: No such file or directory (os error 2)    
 WARN mdbook_pandoc::preprocess: Unable to normalize link '../std/panic/fn.catch_unwind.html' in chapter 'FFI': Unable to canonicalize path: $ROOT/src/../std/panic/fn.catch_unwind.html: No such file or directory (os error 2)    
 WARN mdbook_pandoc::preprocess: Unable to normalize link '../std/panic/fn.catch_unwind.html' in chapter 'FFI': Unable to canonicalize path: $ROOT/src/../std/panic/fn.catch_unwind.html: No such file or directory (os error 2)    
 WARN mdbook_pandoc::preprocess: Unable to normalize link '../std/panic/fn.catch_unwind.html' in chapter 'FFI': Unable to canonicalize path: $ROOT/src/../std/panic/fn.catch_unwind.html: No such file or directory (os error 2)    
 WARN mdbook_pandoc::preprocess: Unable to normalize link '../std/panic/fn.catch_unwind.html' in chapter 'FFI': Unable to canonicalize path: $ROOT/src/../std/panic/fn.catch_unwind.html: No such file or directory (os error 2)    
 WARN mdbook_pandoc::preprocess: Unable to normalize link '../core/panic/struct.PanicInfo.html' in chapter '#[panic_handler]': Unable to canonicalize path: $ROOT/src/../core/panic/struct.PanicInfo.html: No such file or directory (os error 2)    
 WARN mdbook_pandoc::preprocess: Unable to normalize link '../core/panic/struct.PanicInfo.html' in chapter '#[panic_handler]': Unable to canonicalize path: $ROOT/src/../core/panic/struct.PanicInfo.html: No such file or directory (os error 2)    
[WARNING] Missing character: There is no 🙀 (U+1F640) (U+1F640) in font [lmroman10-regular]:+tlig;
[WARNING] Missing character: There is no ‒ (U+2012) (U+2012) in font [lmroman10-regular]:+tlig;!
[WARNING] Missing character: There is no Ӛ (U+04DA) (U+04DA) in font SourceCodePro:mode=node;scrip
[WARNING] Missing character: There is no 😿 (U+1F63F) (U+1F63F) in font SourceCodePro:mode=node;sc
[WARNING] Missing character: There is no 😿 (U+1F63F) (U+1F63F) in font SourceCodePro:mode=node;sc
[WARNING] Missing character: There is no ‒ (U+2012) (U+2012) in font [lmroman10-regular]:+tlig;!
 INFO mdbook_pandoc::render: Wrote output to book/pdf/book.pdf    

