---
source: src/lib.rs
expression: logs
---
 WARN mdbook::preprocess::cmd: The command wasn't found, is the "mermaid" preprocessor installed?    
 WARN mdbook::preprocess::cmd: 	Command: mdbook-mermaid    
 WARN mdbook::preprocess::cmd: The command wasn't found, is the "toc" preprocessor installed?    
 WARN mdbook::preprocess::cmd: 	Command: mdbook-toc    
 INFO mdbook::book: Running the pandoc backend    
 INFO mdbook_pandoc: Processing redirects in [output.html.redirect]    
 WARN mdbook_pandoc::preprocess: Heading (level h5) converted to paragraph in chapter: Coinduction    
 WARN mdbook_pandoc::preprocess: Heading (level h5) converted to paragraph in chapter: Coinduction    
 WARN mdbook_pandoc::preprocess: Heading (level h5) converted to paragraph in chapter: Return Position Impl Trait In Trait    
 WARN mdbook_pandoc::preprocess: Heading (level h5) converted to paragraph in chapter: Return Position Impl Trait In Trait    
 WARN mdbook_pandoc::preprocess: Heading (level h5) converted to paragraph in chapter: Return Position Impl Trait In Trait    
 WARN mdbook_pandoc::preprocess: Heading (level h5) converted to paragraph in chapter: Return Position Impl Trait In Trait    
 WARN mdbook_pandoc::preprocess: Heading (level h5) converted to paragraph in chapter: Return Position Impl Trait In Trait    
 WARN mdbook_pandoc::preprocess: Heading (level h5) converted to paragraph in chapter: Return Position Impl Trait In Trait    
 WARN mdbook_pandoc::preprocess: Heading (level h5) converted to paragraph in chapter: Return Position Impl Trait In Trait    
 WARN mdbook_pandoc::preprocess: Heading (level h5) converted to paragraph in chapter: Return Position Impl Trait In Trait    
 WARN mdbook_pandoc::preprocess: Heading (level h5) converted to paragraph in chapter: Return Position Impl Trait In Trait    
 WARN mdbook_pandoc::preprocess: Heading (level h5) converted to paragraph in chapter: Return Position Impl Trait In Trait    
 WARN mdbook_pandoc::preprocess: Heading (level h5) converted to paragraph in chapter: Return Position Impl Trait In Trait    
[WARNING] [makePDF] LaTeX Warning: Hyper reference
  `book__pandoc__pdf__src__appendix__glossarymd__ice' on page
  27 undefined on input line 1328.
[WARNING] [makePDF] LaTeX Warning: Hyper reference
  `book__pandoc__pdf__src__conventionsmd__formatting' on page
  43 undefined on input line 2349.
[WARNING] [makePDF] LaTeX Warning: Hyper reference
  `book__pandoc__pdf__src__tests__addingmd__explanatory_comment'
  on page 54 undefined on input line 3158.
[WARNING] [makePDF] LaTeX Warning: Hyper reference
  `book__pandoc__pdf__src__building__how-to-build-and-runmd__toolchain'
  on page 106 undefined on input line 6542.
[WARNING] [makePDF] LaTeX Warning: Hyper reference
  `book__pandoc__pdf__src__gitmd__conflicts' on page 134
  undefined on input line 8186.
[WARNING] [makePDF] LaTeX Warning: Hyper reference
  `book__pandoc__pdf__src__walkthroughmd__impl' on page 147
  undefined on input line 8800.
[WARNING] [makePDF] LaTeX Warning: Hyper reference
  `book__pandoc__pdf__src__conventionsmd__formatting' on page
  165 undefined on input line 9784.
[WARNING] [makePDF] LaTeX Warning: Hyper reference
  `book__pandoc__pdf__src__conventionsmd__cc' on page 165
  undefined on input line 9786.
[WARNING] [makePDF] LaTeX Warning: Hyper reference
  `book__pandoc__pdf__src__conventionsmd__cio' on page 165
  undefined on input line 9788.
[WARNING] [makePDF] LaTeX Warning: Hyper reference
  `book__pandoc__pdf__src__conventionsmd__er' on page 165
  undefined on input line 9790.
[WARNING] [makePDF] LaTeX Warning: Hyper reference
  `book__pandoc__pdf__src__notification-groups__aboutmd__join'
  on page 189 undefined on input line 10756.
[WARNING] [makePDF] LaTeX Warning: Hyper reference
  `book__pandoc__pdf__src__notification-groups__aboutmd__join'
  on page 189 undefined on input line 10761.
[WARNING] [makePDF] LaTeX Warning: Hyper reference
  `book__pandoc__pdf__src__appendix__glossarymd__intrinsic' on
  page 215 undefined on input line 12300.
[WARNING] [makePDF] LaTeX Warning: Hyper reference
  `book__pandoc__pdf__src__queries__incremental-compilationmd__dag'
  on page 233 undefined on input line 13424.
[WARNING] [makePDF] LaTeX Warning: Hyper reference
  `book__pandoc__pdf__src__querymd__adding-a-new-kind-of-query'
  on page 243 undefined on input line 14012.
[WARNING] [makePDF] LaTeX Warning: Hyper reference
  `book__pandoc__pdf__src__generic_argumentsmd__GenericArgs'
  on page 254 undefined on input line 14629.
[WARNING] [makePDF] LaTeX Warning: Hyper reference
  `book__pandoc__pdf__src__appendix__backgroundmd__cfg' on
  page 314 undefined on input line 18072.
[WARNING] [makePDF] LaTeX Warning: Hyper reference
  `book__pandoc__pdf__src__appendix__backgroundmd__cfg' on
  page 314 undefined on input line 18100.
[WARNING] [makePDF] LaTeX Warning: Hyper reference
  `book__pandoc__pdf__src__mir__indexmd__promoted' on page 318
  undefined on input line 18335.
[WARNING] [makePDF] LaTeX Warning: Hyper reference
  `book__pandoc__pdf__src__appendix__glossarymd__newtype' on
  page 318 undefined on input line 18348.
[WARNING] [makePDF] LaTeX Warning: Hyper reference
  `book__pandoc__pdf__src__appendix__glossarymd__newtype' on
  page 318 undefined on input line 18358.
[WARNING] [makePDF] LaTeX Warning: Hyper reference
  `book__pandoc__pdf__src__appendix__glossarymd__newtype' on
  page 318 undefined on input line 18378.
[WARNING] [makePDF] LaTeX Warning: Hyper reference
  `book__pandoc__pdf__src__appendix__glossarymd__placeholder'
  on page 382 undefined on input line 22087.
[WARNING] [makePDF] LaTeX Warning: Hyper reference
  `book__pandoc__pdf__src__variancemd__addendum' on page 420
  undefined on input line 24805.
[WARNING] [makePDF] LaTeX Warning: Hyper reference
  `book__pandoc__pdf__src__opaque-types-impl-trait-inferencemd__Within-the-type_of-query'
  on page 428 undefined on input line 25351.
[WARNING] [makePDF] LaTeX Warning: Hyper reference
  `book__pandoc__pdf__src__appendix__glossarymd__region' on
  page 457 undefined on input line 26824.
[WARNING] [makePDF] LaTeX Warning: Hyper reference
  `book__pandoc__pdf__src__appendix__glossarymd__inf-var' on
  page 457 undefined on input line 26827.
[WARNING] [makePDF] LaTeX Warning: Hyper reference
  `book__pandoc__pdf__src__appendix__backgroundmd__dataflow'
  on page 457 undefined on input line 26831.
[WARNING] [makePDF] LaTeX Warning: Hyper reference
  `book__pandoc__pdf__src__appendix__backgroundmd__free-vs-bound'
  on page 465 undefined on input line 27423.
[WARNING] [makePDF] LaTeX Warning: Hyper reference
  `book__pandoc__pdf__src__appendix__glossarymd__point' on
  page 470 undefined on input line 27825.
[WARNING] [makePDF] LaTeX Warning: Hyper reference
  `book__pandoc__pdf__src__borrow_check__region_inference__member_constraintsmd__collecting'
  on page 478 undefined on input line 28390.
[WARNING] [makePDF] LaTeX Warning: Hyper reference
  `book__pandoc__pdf__src__appendix__backgroundmd__quantified'
  on page 480 undefined on input line 28494.
[WARNING] [makePDF] LaTeX Warning: Hyper reference
  `book__pandoc__pdf__src__appendix__backgroundmd__variance'
  on page 480 undefined on input line 28516.
[WARNING] [makePDF] LaTeX Warning: Hyper reference
  `book__pandoc__pdf__src__appendix__backgroundmd__free-vs-bound'
  on page 480 undefined on input line 28566.
[WARNING] [makePDF] LaTeX Warning: Hyper reference
  `book__pandoc__pdf__src__diagnosticsmd__future-incompatible'
  on page 495 undefined on input line 29519.
[WARNING] [makePDF] LaTeX Warning: Hyper reference
  `book__pandoc__pdf__src__appendix__glossarymd__mono' on page
  536 undefined on input line 32192.
[WARNING] [makePDF] LaTeX Warning: Hyper reference
  `book__pandoc__pdf__src__appendix__glossarymd__def-id' on
  page 536 undefined on input line 32206.
[WARNING] [makePDF] LaTeX Warning: Hyper reference
  `book__pandoc__pdf__src__appendix__glossarymd__codegen-unit'
  on page 549 undefined on input line 32930.
[WARNING] [makePDF] LaTeX Warning: Hyper reference
  `book__pandoc__pdf__src__appendix__backgroundmd__cfg' on
  page 606 undefined on input line 36234.
[WARNING] [makePDF] LaTeX Warning: Hyper reference
  `book__pandoc__pdf__src__appendix__backgroundmd__free-vs-bound'
  on page 612 undefined on input line 36592.
[WARNING] [makePDF] LaTeX Warning: Hyper reference
  `book__pandoc__pdf__src__appendix__backgroundmd__free-vs-bound'
  on page 612 undefined on input line 36602.
[WARNING] [makePDF] LaTeX Warning: Hyper reference
  `book__pandoc__pdf__src__appendix__backgroundmd__cfg' on
  page 612 undefined on input line 36616.
[WARNING] [makePDF] LaTeX Warning: Hyper reference
  `book__pandoc__pdf__src__appendix__glossarymd__TyCtxt' on
  page 612 undefined on input line 36624.
[WARNING] [makePDF] LaTeX Warning: Hyper reference
  `book__pandoc__pdf__src__appendix__glossarymd__cx' on page
  612 undefined on input line 36625.
[WARNING] [makePDF] LaTeX Warning: Hyper reference
  `book__pandoc__pdf__src__appendix__glossarymd__tcx' on page
  612 undefined on input line 36626.
[WARNING] [makePDF] LaTeX Warning: Hyper reference
  `book__pandoc__pdf__src__appendix__backgroundmd__dataflow'
  on page 612 undefined on input line 36634.
[WARNING] [makePDF] LaTeX Warning: Hyper reference
  `book__pandoc__pdf__src__appendix__backgroundmd__what-is-a-debruijn-index'
  on page 612 undefined on input line 36639.
[WARNING] [makePDF] LaTeX Warning: Hyper reference
  `book__pandoc__pdf__src__appendix__glossarymd__variant-idx'
  on page 612 undefined on input line 36650.
[WARNING] [makePDF] LaTeX Warning: Hyper reference
  `book__pandoc__pdf__src__appendix__glossarymd__tag' on page
  612 undefined on input line 36652.
[WARNING] [makePDF] LaTeX Warning: Hyper reference
  `book__pandoc__pdf__src__appendix__backgroundmd__free-vs-bound'
  on page 612 undefined on input line 36684.
[WARNING] [makePDF] LaTeX Warning: Hyper reference
  `book__pandoc__pdf__src__appendix__glossarymd__tag' on page
  612 undefined on input line 36799.
[WARNING] [makePDF] LaTeX Warning: Hyper reference
  `book__pandoc__pdf__src__traits__goals-and-clausesmd__trait-ref'
  on page 612 undefined on input line 36829.
[WARNING] [makePDF] LaTeX Warning: Hyper reference
  `book__pandoc__pdf__src__mir__indexmd__promoted' on page 612
  undefined on input line 36832.
[WARNING] [makePDF] LaTeX Warning: Hyper reference
  `book__pandoc__pdf__src__appendix__backgroundmd__quantified'
  on page 612 undefined on input line 36840.
[WARNING] [makePDF] LaTeX Warning: Hyper reference
  `book__pandoc__pdf__src__appendix__glossarymd__discriminant'
  on page 612 undefined on input line 36895.
[WARNING] [makePDF] LaTeX Warning: Hyper reference
  `book__pandoc__pdf__src__appendix__glossarymd__niche' on
  page 612 undefined on input line 36898.
[WARNING] [makePDF] LaTeX Warning: Hyper reference
  `book__pandoc__pdf__src__traits__goals-and-clausesmd__trait-ref'
  on page 612 undefined on input line 36922.
[WARNING] [makePDF] LaTeX Warning: Hyper reference
  `book__pandoc__pdf__src__appendix__glossarymd__tcx' on page
  612 undefined on input line 36930.
[WARNING] [makePDF] LaTeX Warning: Hyper reference
  `book__pandoc__pdf__src__appendix__backgroundmd__variance'
  on page 612 undefined on input line 36949.
[WARNING] [makePDF] LaTeX Warning: Hyper reference
  `book__pandoc__pdf__src__appendix__glossarymd__discriminant'
  on page 612 undefined on input line 36955.
[WARNING] [makePDF] LaTeX Warning: Hyper reference
  `book__pandoc__pdf__src__hirmd__hir-id' on page 615
  undefined on input line 36985.
[WARNING] [makePDF] LaTeX Warning: Hyper reference
  `book__pandoc__pdf__src__hirmd__hir-id' on page 615
  undefined on input line 37001.
[WARNING] [makePDF] LaTeX Warning: Hyper reference
  `book__pandoc__pdf__src__hirmd__hir-id' on page 615
  undefined on input line 37013.
[WARNING] [makePDF] LaTeX Warning: Hyper reference
  `book__pandoc__pdf__src__hirmd__hir-id' on page 615
  undefined on input line 37018.
[WARNING] [makePDF] LaTeX Warning: There were undefined references.
[WARNING] Missing character: There is no ✅ (U+2705) (U+2705) in font NotoSerif:mode=node;script=l
[WARNING] Missing character: There is no ❌ (U+274C) (U+274C) in font NotoSerif:mode=node;script=l
[WARNING] Missing character: There is no ✅ (U+2705) (U+2705) in font NotoSerif/B:mode=node;script
[WARNING] Missing character: There is no ✅ (U+2705) (U+2705) in font NotoSerif/B:mode=node;script
[WARNING] Missing character: There is no ❌ (U+274C) (U+274C) in font NotoSerif/B:mode=node;script
[WARNING] Missing character: There is no ✅ (U+2705) (U+2705) in font NotoSerif/B:mode=node;script
[WARNING] Missing character: There is no ✅ (U+2705) (U+2705) in font NotoSerif/B:mode=node;script
[WARNING] Missing character: There is no ✅ (U+2705) (U+2705) in font NotoSerif/B:mode=node;script
[WARNING] Missing character: There is no ✅ (U+2705) (U+2705) in font NotoSerif/B:mode=node;script
[WARNING] Missing character: There is no ❌ (U+274C) (U+274C) in font NotoSerif/B:mode=node;script
[WARNING] Missing character: There is no ✅ (U+2705) (U+2705) in font NotoSerif/B:mode=node;script
[WARNING] Missing character: There is no ✅ (U+2705) (U+2705) in font NotoSerif/B:mode=node;script
[WARNING] Missing character: There is no ❌ (U+274C) (U+274C) in font NotoSerif/B:mode=node;script
[WARNING] Missing character: There is no ✅ (U+2705) (U+2705) in font NotoSerif/B:mode=node;script
[WARNING] Missing character: There is no ⊇ (U+2287) (U+2287) in font NotoSerif:mode=node;script=l
[WARNING] Missing character: There is no ✅ (U+2705) (U+2705) in font NotoSansMono:mode=node;scrip
[WARNING] Missing character: There is no ✅ (U+2705) (U+2705) in font NotoSansMono:mode=node;scrip
[WARNING] Missing character: There is no ∀ (U+2200) (U+2200) in font NotoSerif:mode=node;script=l
[WARNING] Missing character: There is no ∃ (U+2203) (U+2203) in font NotoSerif:mode=node;script=l
 INFO mdbook_pandoc::pandoc::renderer: Wrote output to book/pandoc/pdf/book.pdf    

