---
source: src/lib.rs
expression: logs
---
 INFO mdbook::book: Running the pandoc backend    
 WARN mdbook_pandoc::preprocess: Unable to normalize link '../rust-2018/trait-system/no-anon-params.md' in chapter 'Transitioning an existing project to a new edition': Unable to canonicalize path: /Users/max/Documents/code/mdbook-pandoc/books/rust-edition-guide/src/editions/../rust-2018/trait-system/no-anon-params.md: No such file or directory (os error 2)    
 WARN mdbook_pandoc::preprocess: Unable to normalize link '../rust-2018/trait-system/no-anon-params.md' in chapter 'Transitioning an existing project to a new edition': Unable to canonicalize path: /Users/max/Documents/code/mdbook-pandoc/books/rust-edition-guide/src/editions/../rust-2018/trait-system/no-anon-params.md: No such file or directory (os error 2)    
 WARN mdbook_pandoc::preprocess: Unable to normalize link '../../cargo/commands/cargo-fix.html' in chapter 'Transitioning an existing project to a new edition': Unable to canonicalize path: /Users/max/Documents/code/mdbook-pandoc/books/rust-edition-guide/src/editions/../../cargo/commands/cargo-fix.html: No such file or directory (os error 2)    
 WARN mdbook_pandoc::preprocess: Unable to normalize link '../../cargo/commands/cargo-fix.html' in chapter 'Transitioning an existing project to a new edition': Unable to canonicalize path: /Users/max/Documents/code/mdbook-pandoc/books/rust-edition-guide/src/editions/../../cargo/commands/cargo-fix.html: No such file or directory (os error 2)    
 WARN mdbook_pandoc::preprocess: Unable to normalize link '../../cargo/commands/cargo-test.html' in chapter 'Transitioning an existing project to a new edition': Unable to canonicalize path: /Users/max/Documents/code/mdbook-pandoc/books/rust-edition-guide/src/editions/../../cargo/commands/cargo-test.html: No such file or directory (os error 2)    
 WARN mdbook_pandoc::preprocess: Unable to normalize link '../../cargo/commands/cargo-test.html' in chapter 'Transitioning an existing project to a new edition': Unable to canonicalize path: /Users/max/Documents/code/mdbook-pandoc/books/rust-edition-guide/src/editions/../../cargo/commands/cargo-test.html: No such file or directory (os error 2)    
 WARN mdbook_pandoc::preprocess: Unable to normalize link '../../cargo/commands/cargo-fix.html' in chapter 'Advanced migrations': Unable to canonicalize path: /Users/max/Documents/code/mdbook-pandoc/books/rust-edition-guide/src/editions/../../cargo/commands/cargo-fix.html: No such file or directory (os error 2)    
 WARN mdbook_pandoc::preprocess: Unable to normalize link '../../cargo/commands/cargo-fix.html' in chapter 'Advanced migrations': Unable to canonicalize path: /Users/max/Documents/code/mdbook-pandoc/books/rust-edition-guide/src/editions/../../cargo/commands/cargo-fix.html: No such file or directory (os error 2)    
 WARN mdbook_pandoc::preprocess: Unable to normalize link '../../cargo/commands/cargo-check.html' in chapter 'Advanced migrations': Unable to canonicalize path: /Users/max/Documents/code/mdbook-pandoc/books/rust-edition-guide/src/editions/../../cargo/commands/cargo-check.html: No such file or directory (os error 2)    
 WARN mdbook_pandoc::preprocess: Unable to normalize link '../../cargo/commands/cargo-check.html' in chapter 'Advanced migrations': Unable to canonicalize path: /Users/max/Documents/code/mdbook-pandoc/books/rust-edition-guide/src/editions/../../cargo/commands/cargo-check.html: No such file or directory (os error 2)    
 WARN mdbook_pandoc::preprocess: Unable to normalize link '../../rustc/lints/index.html' in chapter 'Advanced migrations': Unable to canonicalize path: /Users/max/Documents/code/mdbook-pandoc/books/rust-edition-guide/src/editions/../../rustc/lints/index.html: No such file or directory (os error 2)    
 WARN mdbook_pandoc::preprocess: Unable to normalize link '../../rustc/lints/index.html' in chapter 'Advanced migrations': Unable to canonicalize path: /Users/max/Documents/code/mdbook-pandoc/books/rust-edition-guide/src/editions/../../rustc/lints/index.html: No such file or directory (os error 2)    
 WARN mdbook_pandoc::preprocess: Unable to normalize link '../../rustc/lints/groups.html' in chapter 'Advanced migrations': Unable to canonicalize path: /Users/max/Documents/code/mdbook-pandoc/books/rust-edition-guide/src/editions/../../rustc/lints/groups.html: No such file or directory (os error 2)    
 WARN mdbook_pandoc::preprocess: Unable to normalize link '../../rustc/lints/groups.html' in chapter 'Advanced migrations': Unable to canonicalize path: /Users/max/Documents/code/mdbook-pandoc/books/rust-edition-guide/src/editions/../../rustc/lints/groups.html: No such file or directory (os error 2)    
 WARN mdbook_pandoc::preprocess: Unable to normalize link '../../cargo/reference/features.html' in chapter 'Advanced migrations': Unable to canonicalize path: /Users/max/Documents/code/mdbook-pandoc/books/rust-edition-guide/src/editions/../../cargo/reference/features.html: No such file or directory (os error 2)    
 WARN mdbook_pandoc::preprocess: Unable to normalize link '../../cargo/reference/features.html' in chapter 'Advanced migrations': Unable to canonicalize path: /Users/max/Documents/code/mdbook-pandoc/books/rust-edition-guide/src/editions/../../cargo/reference/features.html: No such file or directory (os error 2)    
 WARN mdbook_pandoc::preprocess: Unable to normalize link '../../reference/conditional-compilation.html' in chapter 'Advanced migrations': Unable to canonicalize path: /Users/max/Documents/code/mdbook-pandoc/books/rust-edition-guide/src/editions/../../reference/conditional-compilation.html: No such file or directory (os error 2)    
 WARN mdbook_pandoc::preprocess: Unable to normalize link '../../reference/conditional-compilation.html' in chapter 'Advanced migrations': Unable to canonicalize path: /Users/max/Documents/code/mdbook-pandoc/books/rust-edition-guide/src/editions/../../reference/conditional-compilation.html: No such file or directory (os error 2)    
 WARN mdbook_pandoc::preprocess: Unable to normalize link '../../cargo/reference/workspaces.html' in chapter 'Advanced migrations': Unable to canonicalize path: /Users/max/Documents/code/mdbook-pandoc/books/rust-edition-guide/src/editions/../../cargo/reference/workspaces.html: No such file or directory (os error 2)    
 WARN mdbook_pandoc::preprocess: Unable to normalize link '../../cargo/reference/workspaces.html' in chapter 'Advanced migrations': Unable to canonicalize path: /Users/max/Documents/code/mdbook-pandoc/books/rust-edition-guide/src/editions/../../cargo/reference/workspaces.html: No such file or directory (os error 2)    
 WARN mdbook_pandoc::preprocess: Unable to normalize link '../../cargo/reference/manifest.html#the-package-section' in chapter 'Advanced migrations': Unable to canonicalize path: /Users/max/Documents/code/mdbook-pandoc/books/rust-edition-guide/src/editions/../../cargo/reference/manifest.html: No such file or directory (os error 2)    
 WARN mdbook_pandoc::preprocess: Unable to normalize link '../../cargo/reference/manifest.html#the-package-section' in chapter 'Advanced migrations': Unable to canonicalize path: /Users/max/Documents/code/mdbook-pandoc/books/rust-edition-guide/src/editions/../../cargo/reference/manifest.html: No such file or directory (os error 2)    
 WARN mdbook_pandoc::preprocess: Unable to normalize link '../../cargo/reference/cargo-targets.html' in chapter 'Advanced migrations': Unable to canonicalize path: /Users/max/Documents/code/mdbook-pandoc/books/rust-edition-guide/src/editions/../../cargo/reference/cargo-targets.html: No such file or directory (os error 2)    
 WARN mdbook_pandoc::preprocess: Unable to normalize link '../../cargo/reference/cargo-targets.html' in chapter 'Advanced migrations': Unable to canonicalize path: /Users/max/Documents/code/mdbook-pandoc/books/rust-edition-guide/src/editions/../../cargo/reference/cargo-targets.html: No such file or directory (os error 2)    
 WARN mdbook_pandoc::preprocess: Unable to normalize link '../../rustc/lints/listing/allowed-by-default.html#keyword-idents' in chapter 'Advanced migrations': Unable to canonicalize path: /Users/max/Documents/code/mdbook-pandoc/books/rust-edition-guide/src/editions/../../rustc/lints/listing/allowed-by-default.html: No such file or directory (os error 2)    
 WARN mdbook_pandoc::preprocess: Unable to normalize link '../../rustc/lints/listing/allowed-by-default.html#keyword-idents' in chapter 'Advanced migrations': Unable to canonicalize path: /Users/max/Documents/code/mdbook-pandoc/books/rust-edition-guide/src/editions/../../rustc/lints/listing/allowed-by-default.html: No such file or directory (os error 2)    
 WARN mdbook_pandoc::preprocess: Unable to normalize link '../../rustc/lints/groups.html' in chapter 'Advanced migrations': Unable to canonicalize path: /Users/max/Documents/code/mdbook-pandoc/books/rust-edition-guide/src/editions/../../rustc/lints/groups.html: No such file or directory (os error 2)    
 WARN mdbook_pandoc::preprocess: Unable to normalize link '../../rustc/lints/groups.html' in chapter 'Advanced migrations': Unable to canonicalize path: /Users/max/Documents/code/mdbook-pandoc/books/rust-edition-guide/src/editions/../../rustc/lints/groups.html: No such file or directory (os error 2)    
 WARN mdbook_pandoc::preprocess: Unable to normalize link '../../reference/procedural-macros.html' in chapter 'Advanced migrations': Unable to canonicalize path: /Users/max/Documents/code/mdbook-pandoc/books/rust-edition-guide/src/editions/../../reference/procedural-macros.html: No such file or directory (os error 2)    
 WARN mdbook_pandoc::preprocess: Unable to normalize link '../../reference/procedural-macros.html' in chapter 'Advanced migrations': Unable to canonicalize path: /Users/max/Documents/code/mdbook-pandoc/books/rust-edition-guide/src/editions/../../reference/procedural-macros.html: No such file or directory (os error 2)    
 WARN mdbook_pandoc::preprocess: Unable to normalize link '../../rustdoc/documentation-tests.html' in chapter 'Advanced migrations': Unable to canonicalize path: /Users/max/Documents/code/mdbook-pandoc/books/rust-edition-guide/src/editions/../../rustdoc/documentation-tests.html: No such file or directory (os error 2)    
 WARN mdbook_pandoc::preprocess: Unable to normalize link '../../rustdoc/documentation-tests.html' in chapter 'Advanced migrations': Unable to canonicalize path: /Users/max/Documents/code/mdbook-pandoc/books/rust-edition-guide/src/editions/../../rustdoc/documentation-tests.html: No such file or directory (os error 2)    
 WARN mdbook_pandoc::preprocess: Unable to normalize link '../../rustdoc/documentation-tests.html#attributes' in chapter 'Advanced migrations': Unable to canonicalize path: /Users/max/Documents/code/mdbook-pandoc/books/rust-edition-guide/src/editions/../../rustdoc/documentation-tests.html: No such file or directory (os error 2)    
 WARN mdbook_pandoc::preprocess: Unable to normalize link '../../rustdoc/documentation-tests.html#attributes' in chapter 'Advanced migrations': Unable to canonicalize path: /Users/max/Documents/code/mdbook-pandoc/books/rust-edition-guide/src/editions/../../rustdoc/documentation-tests.html: No such file or directory (os error 2)    
 WARN mdbook_pandoc::preprocess: Unable to normalize link '../../cargo/reference/build-script-examples.html#code-generation' in chapter 'Advanced migrations': Unable to canonicalize path: /Users/max/Documents/code/mdbook-pandoc/books/rust-edition-guide/src/editions/../../cargo/reference/build-script-examples.html: No such file or directory (os error 2)    
 WARN mdbook_pandoc::preprocess: Unable to normalize link '../../cargo/reference/build-script-examples.html#code-generation' in chapter 'Advanced migrations': Unable to canonicalize path: /Users/max/Documents/code/mdbook-pandoc/books/rust-edition-guide/src/editions/../../cargo/reference/build-script-examples.html: No such file or directory (os error 2)    
 WARN mdbook_pandoc::preprocess: Unable to normalize link '../../rustc/lints/groups.html' in chapter 'Advanced migrations': Unable to canonicalize path: /Users/max/Documents/code/mdbook-pandoc/books/rust-edition-guide/src/editions/../../rustc/lints/groups.html: No such file or directory (os error 2)    
 WARN mdbook_pandoc::preprocess: Unable to normalize link '../../rustc/lints/groups.html' in chapter 'Advanced migrations': Unable to canonicalize path: /Users/max/Documents/code/mdbook-pandoc/books/rust-edition-guide/src/editions/../../rustc/lints/groups.html: No such file or directory (os error 2)    
 WARN mdbook_pandoc::preprocess: Unable to normalize link '../../rustc/lints/levels.html#via-compiler-flag' in chapter 'Advanced migrations': Unable to canonicalize path: /Users/max/Documents/code/mdbook-pandoc/books/rust-edition-guide/src/editions/../../rustc/lints/levels.html: No such file or directory (os error 2)    
 WARN mdbook_pandoc::preprocess: Unable to normalize link '../../rustc/lints/levels.html#via-compiler-flag' in chapter 'Advanced migrations': Unable to canonicalize path: /Users/max/Documents/code/mdbook-pandoc/books/rust-edition-guide/src/editions/../../rustc/lints/levels.html: No such file or directory (os error 2)    
 WARN mdbook_pandoc::preprocess: Unable to normalize link '../../rustc/json.html' in chapter 'Advanced migrations': Unable to canonicalize path: /Users/max/Documents/code/mdbook-pandoc/books/rust-edition-guide/src/editions/../../rustc/json.html: No such file or directory (os error 2)    
 WARN mdbook_pandoc::preprocess: Unable to normalize link '../../rustc/json.html' in chapter 'Advanced migrations': Unable to canonicalize path: /Users/max/Documents/code/mdbook-pandoc/books/rust-edition-guide/src/editions/../../rustc/json.html: No such file or directory (os error 2)    
 WARN mdbook_pandoc::preprocess: Unable to normalize link '../../rustc/lints/listing/allowed-by-default.html#unused-extern-crates' in chapter 'Advanced migrations': Unable to canonicalize path: /Users/max/Documents/code/mdbook-pandoc/books/rust-edition-guide/src/editions/../../rustc/lints/listing/allowed-by-default.html: No such file or directory (os error 2)    
 WARN mdbook_pandoc::preprocess: Unable to normalize link '../../rustc/lints/listing/allowed-by-default.html#unused-extern-crates' in chapter 'Advanced migrations': Unable to canonicalize path: /Users/max/Documents/code/mdbook-pandoc/books/rust-edition-guide/src/editions/../../rustc/lints/listing/allowed-by-default.html: No such file or directory (os error 2)    
 WARN mdbook_pandoc::preprocess: Unable to normalize link '../../rustc/lints/listing/allowed-by-default.html#explicit-outlives-requirements' in chapter 'Advanced migrations': Unable to canonicalize path: /Users/max/Documents/code/mdbook-pandoc/books/rust-edition-guide/src/editions/../../rustc/lints/listing/allowed-by-default.html: No such file or directory (os error 2)    
 WARN mdbook_pandoc::preprocess: Unable to normalize link '../../rustc/lints/listing/allowed-by-default.html#explicit-outlives-requirements' in chapter 'Advanced migrations': Unable to canonicalize path: /Users/max/Documents/code/mdbook-pandoc/books/rust-edition-guide/src/editions/../../rustc/lints/listing/allowed-by-default.html: No such file or directory (os error 2)    
 WARN mdbook_pandoc::preprocess: Unable to normalize link '../../std/index.html' in chapter 'Path and module system changes': Unable to canonicalize path: /Users/max/Documents/code/mdbook-pandoc/books/rust-edition-guide/src/rust-2018/../../std/index.html: No such file or directory (os error 2)    
 WARN mdbook_pandoc::preprocess: Unable to normalize link '../../std/index.html' in chapter 'Path and module system changes': Unable to canonicalize path: /Users/max/Documents/code/mdbook-pandoc/books/rust-edition-guide/src/rust-2018/../../std/index.html: No such file or directory (os error 2)    
 WARN mdbook_pandoc::preprocess: Unable to normalize link '../../reference/names/preludes.html#the-no_std-attribute' in chapter 'Path and module system changes': Unable to canonicalize path: /Users/max/Documents/code/mdbook-pandoc/books/rust-edition-guide/src/rust-2018/../../reference/names/preludes.html: No such file or directory (os error 2)    
 WARN mdbook_pandoc::preprocess: Unable to normalize link '../../reference/names/preludes.html#the-no_std-attribute' in chapter 'Path and module system changes': Unable to canonicalize path: /Users/max/Documents/code/mdbook-pandoc/books/rust-edition-guide/src/rust-2018/../../reference/names/preludes.html: No such file or directory (os error 2)    
 WARN mdbook_pandoc::preprocess: Unable to normalize link '../../core/index.html' in chapter 'Path and module system changes': Unable to canonicalize path: /Users/max/Documents/code/mdbook-pandoc/books/rust-edition-guide/src/rust-2018/../../core/index.html: No such file or directory (os error 2)    
 WARN mdbook_pandoc::preprocess: Unable to normalize link '../../core/index.html' in chapter 'Path and module system changes': Unable to canonicalize path: /Users/max/Documents/code/mdbook-pandoc/books/rust-edition-guide/src/rust-2018/../../core/index.html: No such file or directory (os error 2)    
 WARN mdbook_pandoc::preprocess: Unable to normalize link '../../proc_macro/index.html' in chapter 'Path and module system changes': Unable to canonicalize path: /Users/max/Documents/code/mdbook-pandoc/books/rust-edition-guide/src/rust-2018/../../proc_macro/index.html: No such file or directory (os error 2)    
 WARN mdbook_pandoc::preprocess: Unable to normalize link '../../proc_macro/index.html' in chapter 'Path and module system changes': Unable to canonicalize path: /Users/max/Documents/code/mdbook-pandoc/books/rust-edition-guide/src/rust-2018/../../proc_macro/index.html: No such file or directory (os error 2)    
 WARN mdbook_pandoc::preprocess: Unable to normalize link '../../alloc/index.html' in chapter 'Path and module system changes': Unable to canonicalize path: /Users/max/Documents/code/mdbook-pandoc/books/rust-edition-guide/src/rust-2018/../../alloc/index.html: No such file or directory (os error 2)    
 WARN mdbook_pandoc::preprocess: Unable to normalize link '../../alloc/index.html' in chapter 'Path and module system changes': Unable to canonicalize path: /Users/max/Documents/code/mdbook-pandoc/books/rust-edition-guide/src/rust-2018/../../alloc/index.html: No such file or directory (os error 2)    
 WARN mdbook_pandoc::preprocess: Unable to normalize link '../../test/index.html' in chapter 'Path and module system changes': Unable to canonicalize path: /Users/max/Documents/code/mdbook-pandoc/books/rust-edition-guide/src/rust-2018/../../test/index.html: No such file or directory (os error 2)    
 WARN mdbook_pandoc::preprocess: Unable to normalize link '../../test/index.html' in chapter 'Path and module system changes': Unable to canonicalize path: /Users/max/Documents/code/mdbook-pandoc/books/rust-edition-guide/src/rust-2018/../../test/index.html: No such file or directory (os error 2)    
 WARN mdbook_pandoc::preprocess: Unable to normalize link '../../book/appendix-07-nightly-rust.html' in chapter 'Path and module system changes': Unable to canonicalize path: /Users/max/Documents/code/mdbook-pandoc/books/rust-edition-guide/src/rust-2018/../../book/appendix-07-nightly-rust.html: No such file or directory (os error 2)    
 WARN mdbook_pandoc::preprocess: Unable to normalize link '../../book/appendix-07-nightly-rust.html' in chapter 'Path and module system changes': Unable to canonicalize path: /Users/max/Documents/code/mdbook-pandoc/books/rust-edition-guide/src/rust-2018/../../book/appendix-07-nightly-rust.html: No such file or directory (os error 2)    
 WARN mdbook_pandoc::preprocess: Unable to normalize link '../../rust-by-example/trait/impl_trait.html' in chapter 'New keywords': Unable to canonicalize path: /Users/max/Documents/code/mdbook-pandoc/books/rust-edition-guide/src/rust-2018/../../rust-by-example/trait/impl_trait.html: No such file or directory (os error 2)    
 WARN mdbook_pandoc::preprocess: Unable to normalize link '../../rust-by-example/trait/impl_trait.html' in chapter 'New keywords': Unable to canonicalize path: /Users/max/Documents/code/mdbook-pandoc/books/rust-edition-guide/src/rust-2018/../../rust-by-example/trait/impl_trait.html: No such file or directory (os error 2)    
 WARN mdbook_pandoc::preprocess: Unable to normalize link '../../cargo/reference/resolver.html#feature-resolver-version-2' in chapter 'Default Cargo feature resolver': Unable to canonicalize path: /Users/max/Documents/code/mdbook-pandoc/books/rust-edition-guide/src/rust-2021/../../cargo/reference/resolver.html: No such file or directory (os error 2)    
 WARN mdbook_pandoc::preprocess: Unable to normalize link '../../cargo/reference/resolver.html#feature-resolver-version-2' in chapter 'Default Cargo feature resolver': Unable to canonicalize path: /Users/max/Documents/code/mdbook-pandoc/books/rust-edition-guide/src/rust-2021/../../cargo/reference/resolver.html: No such file or directory (os error 2)    
 WARN mdbook_pandoc::preprocess: Unable to normalize link '../../cargo/reference/workspaces.html' in chapter 'Default Cargo feature resolver': Unable to canonicalize path: /Users/max/Documents/code/mdbook-pandoc/books/rust-edition-guide/src/rust-2021/../../cargo/reference/workspaces.html: No such file or directory (os error 2)    
 WARN mdbook_pandoc::preprocess: Unable to normalize link '../../cargo/reference/workspaces.html' in chapter 'Default Cargo feature resolver': Unable to canonicalize path: /Users/max/Documents/code/mdbook-pandoc/books/rust-edition-guide/src/rust-2021/../../cargo/reference/workspaces.html: No such file or directory (os error 2)    
 WARN mdbook_pandoc::preprocess: Unable to normalize link '../../cargo/reference/workspaces.html#virtual-workspace' in chapter 'Default Cargo feature resolver': Unable to canonicalize path: /Users/max/Documents/code/mdbook-pandoc/books/rust-edition-guide/src/rust-2021/../../cargo/reference/workspaces.html: No such file or directory (os error 2)    
 WARN mdbook_pandoc::preprocess: Unable to normalize link '../../cargo/reference/workspaces.html#virtual-workspace' in chapter 'Default Cargo feature resolver': Unable to canonicalize path: /Users/max/Documents/code/mdbook-pandoc/books/rust-edition-guide/src/rust-2021/../../cargo/reference/workspaces.html: No such file or directory (os error 2)    
 WARN mdbook_pandoc::preprocess: Unable to normalize link '../../cargo/reference/resolver.html#resolver-versions' in chapter 'Default Cargo feature resolver': Unable to canonicalize path: /Users/max/Documents/code/mdbook-pandoc/books/rust-edition-guide/src/rust-2021/../../cargo/reference/resolver.html: No such file or directory (os error 2)    
 WARN mdbook_pandoc::preprocess: Unable to normalize link '../../cargo/reference/resolver.html#resolver-versions' in chapter 'Default Cargo feature resolver': Unable to canonicalize path: /Users/max/Documents/code/mdbook-pandoc/books/rust-edition-guide/src/rust-2021/../../cargo/reference/resolver.html: No such file or directory (os error 2)    
 WARN mdbook_pandoc::preprocess: Unable to normalize link '../../cargo/commands/cargo-tree.html' in chapter 'Default Cargo feature resolver': Unable to canonicalize path: /Users/max/Documents/code/mdbook-pandoc/books/rust-edition-guide/src/rust-2021/../../cargo/commands/cargo-tree.html: No such file or directory (os error 2)    
 WARN mdbook_pandoc::preprocess: Unable to normalize link '../../cargo/commands/cargo-tree.html' in chapter 'Default Cargo feature resolver': Unable to canonicalize path: /Users/max/Documents/code/mdbook-pandoc/books/rust-edition-guide/src/rust-2021/../../cargo/commands/cargo-tree.html: No such file or directory (os error 2)    
 INFO mdbook_pandoc::render: Wrote output to book/pdf/book.pdf    

