---
source: src/lib.rs
expression: logs
---
 INFO mdbook::book: Running the pandoc backend    
[WARNING] [makePDF] LaTeX Warning: Hyper reference
  `book__pdf__src__design-patterns__hal__namingmd__c-crate-name'
  on page 103 undefined on input line 5834.
[WARNING] [makePDF] LaTeX Warning: Hyper reference
  `book__pdf__src__design-patterns__hal__interoperabilitymd__c-free'
  on page 103 undefined on input line 5844.
[WARNING] [makePDF] LaTeX Warning: Hyper reference
  `book__pdf__src__design-patterns__hal__interoperabilitymd__c-reexport-pac'
  on page 103 undefined on input line 5847.
[WARNING] [makePDF] LaTeX Warning: Hyper reference
  `book__pdf__src__design-patterns__hal__interoperabilitymd__c-hal-traits'
  on page 103 undefined on input line 5850.
[WARNING] [makePDF] LaTeX Warning: Hyper reference
  `book__pdf__src__design-patterns__hal__predictabilitymd__c-ctor'
  on page 103 undefined on input line 5860.
[WARNING] [makePDF] LaTeX Warning: Hyper reference
  `book__pdf__src__design-patterns__hal__gpiomd__c-zst-pin' on
  page 103 undefined on input line 5870.
[WARNING] [makePDF] LaTeX Warning: Hyper reference
  `book__pdf__src__design-patterns__hal__gpiomd__c-erased-pin'
  on page 104 undefined on input line 5873.
[WARNING] [makePDF] LaTeX Warning: Hyper reference
  `book__pdf__src__design-patterns__hal__gpiomd__c-pin-state'
  on page 104 undefined on input line 5876.
[WARNING] [makePDF] LaTeX Warning: There were undefined references.
[WARNING] Missing character: There is no 🦀 (U+1F980) (U+1F980) in font NotoSerif:mode=node;script
[WARNING] Missing character: There is no ✓ (U+2713) (U+2713) in font NotoSerif:mode=node;script=l
[WARNING] Missing character: There is no ✓ (U+2713) (U+2713) in font NotoSerif:mode=node;script=l
[WARNING] Missing character: There is no ✘ (U+2718) (U+2718) in font NotoSerif:mode=node;script=l
[WARNING] Missing character: There is no ✓ (U+2713) (U+2713) in font NotoSerif:mode=node;script=l
[WARNING] Missing character: There is no ✘ (U+2718) (U+2718) in font NotoSerif:mode=node;script=l
[WARNING] Missing character: There is no ✓ (U+2713) (U+2713) in font NotoSerif:mode=node;script=l
[WARNING] Missing character: There is no ✘ (U+2718) (U+2718) in font NotoSerif:mode=node;script=l
[WARNING] Missing character: There is no ✓ (U+2713) (U+2713) in font NotoSerif:mode=node;script=l
[WARNING] Missing character: There is no ✓ (U+2713) (U+2713) in font NotoSerif:mode=node;script=l
[WARNING] Missing character: There is no ✓ (U+2713) (U+2713) in font NotoSerif:mode=node;script=l
[WARNING] Missing character: There is no ✓ (U+2713) (U+2713) in font NotoSerif:mode=node;script=l
[WARNING] Missing character: There is no ✘ (U+2718) (U+2718) in font NotoSerif:mode=node;script=l
 INFO mdbook_pandoc::pandoc::renderer: Wrote output to book/pdf/book.pdf    

