---
source: src/lib.rs
expression: logs
---
 WARN mdbook::preprocess::cmd: The command wasn't found, is the "mermaid" preprocessor installed?    
 WARN mdbook::preprocess::cmd: 	Command: mdbook-mermaid    
 WARN mdbook::preprocess::cmd: The command wasn't found, is the "toc" preprocessor installed?    
 WARN mdbook::preprocess::cmd: 	Command: mdbook-toc    
 INFO mdbook::book: Running the pandoc backend    
 INFO mdbook_pandoc: Processing redirects in [output.html.redirect]    
 WARN mdbook_pandoc::preprocess: Unable to normalize link 'github.com/rust-lang/rustc_codegen_gcc/' in chapter 'Running tests': Unable to canonicalize path: $ROOT/src/tests/github.com/rust-lang/rustc_codegen_gcc/: No such file or directory (os error 2)    
 WARN mdbook_pandoc::preprocess: Unable to normalize link './slg.html' in chapter 'Canonicalization': Unable to canonicalize path: $ROOT/src/traits/./slg.html: No such file or directory (os error 2)    
 WARN mdbook_pandoc::preprocess: Heading (level h5) converted to paragraph in chapter: Coinduction    
 WARN mdbook_pandoc::preprocess: Heading (level h5) converted to paragraph in chapter: Coinduction    
 WARN mdbook_pandoc::preprocess: Heading (level h5) converted to paragraph in chapter: Return Position Impl Trait In Trait    
 WARN mdbook_pandoc::preprocess: Heading (level h5) converted to paragraph in chapter: Return Position Impl Trait In Trait    
 WARN mdbook_pandoc::preprocess: Heading (level h5) converted to paragraph in chapter: Return Position Impl Trait In Trait    
 WARN mdbook_pandoc::preprocess: Heading (level h5) converted to paragraph in chapter: Return Position Impl Trait In Trait    
 WARN mdbook_pandoc::preprocess: Heading (level h5) converted to paragraph in chapter: Return Position Impl Trait In Trait    
 WARN mdbook_pandoc::preprocess: Heading (level h5) converted to paragraph in chapter: Return Position Impl Trait In Trait    
 WARN mdbook_pandoc::preprocess: Heading (level h5) converted to paragraph in chapter: Return Position Impl Trait In Trait    
 WARN mdbook_pandoc::preprocess: Heading (level h5) converted to paragraph in chapter: Return Position Impl Trait In Trait    
 WARN mdbook_pandoc::preprocess: Heading (level h5) converted to paragraph in chapter: Return Position Impl Trait In Trait    
 WARN mdbook_pandoc::preprocess: Heading (level h5) converted to paragraph in chapter: Return Position Impl Trait In Trait    
 WARN mdbook_pandoc::preprocess: Heading (level h5) converted to paragraph in chapter: Return Position Impl Trait In Trait    
 WARN mdbook_pandoc::preprocess: Unable to normalize link '../guides/editions.md#edition-specific-lints' in chapter 'Errors and Lints': Unable to canonicalize path: $ROOT/src/../guides/editions.md: No such file or directory (os error 2)    
 WARN mdbook_pandoc: Unable to resolve one or more relative links within the book, consider setting the `hosted-html` option in `[output.pandoc]`    
[WARNING] [makePDF] LaTeX Warning: Hyper reference
  `book__pandoc__pdf__src__appendix__glossarymd__ice' on page
  26 undefined on input line 1360.
[WARNING] [makePDF] LaTeX Warning: Hyper reference
  `book__pandoc__pdf__src__conventionsmd__formatting' on page
  42 undefined on input line 2393.
[WARNING] [makePDF] LaTeX Warning: Hyper reference
  `book__pandoc__pdf__src__tests__addingmd__explanatory_comment'
  on page 54 undefined on input line 3257.
[WARNING] [makePDF] LaTeX Warning: Hyper reference
  `book__pandoc__pdf__src__building__how-to-build-and-runmd__toolchain'
  on page 106 undefined on input line 6655.
[WARNING] [makePDF] LaTeX Warning: Hyper reference
  `book__pandoc__pdf__src__gitmd__conflicts' on page 136
  undefined on input line 8348.
[WARNING] [makePDF] LaTeX Warning: Hyper reference
  `book__pandoc__pdf__src__walkthroughmd__impl' on page 149
  undefined on input line 8987.
[WARNING] [makePDF] LaTeX Warning: Hyper reference
  `book__pandoc__pdf__src__conventionsmd__formatting' on page
  167 undefined on input line 9985.
[WARNING] [makePDF] LaTeX Warning: Hyper reference
  `book__pandoc__pdf__src__conventionsmd__cc' on page 167
  undefined on input line 9987.
[WARNING] [makePDF] LaTeX Warning: Hyper reference
  `book__pandoc__pdf__src__conventionsmd__cio' on page 167
  undefined on input line 9989.
[WARNING] [makePDF] LaTeX Warning: Hyper reference
  `book__pandoc__pdf__src__conventionsmd__er' on page 167
  undefined on input line 9991.
[WARNING] [makePDF] LaTeX Warning: Hyper reference
  `book__pandoc__pdf__src__notification-groups__aboutmd__join'
  on page 191 undefined on input line 10971.
[WARNING] [makePDF] LaTeX Warning: Hyper reference
  `book__pandoc__pdf__src__notification-groups__aboutmd__join'
  on page 191 undefined on input line 10976.
[WARNING] [makePDF] LaTeX Warning: Hyper reference
  `book__pandoc__pdf__src__appendix__glossarymd__intrinsic' on
  page 225 undefined on input line 12944.
[WARNING] [makePDF] LaTeX Warning: Hyper reference
  `book__pandoc__pdf__src__queries__incremental-compilationmd__dag'
  on page 244 undefined on input line 14072.
[WARNING] [makePDF] LaTeX Warning: Hyper reference
  `book__pandoc__pdf__src__querymd__adding-a-new-kind-of-query'
  on page 255 undefined on input line 14660.
[WARNING] [makePDF] LaTeX Warning: Hyper reference
  `book__pandoc__pdf__src__generic_argumentsmd__GenericArgs'
  on page 267 undefined on input line 15277.
[WARNING] [makePDF] LaTeX Warning: Hyper reference
  `book__pandoc__pdf__src__appendix__backgroundmd__cfg' on
  page 334 undefined on input line 19087.
[WARNING] [makePDF] LaTeX Warning: Hyper reference
  `book__pandoc__pdf__src__appendix__backgroundmd__cfg' on
  page 334 undefined on input line 19115.
[WARNING] [makePDF] LaTeX Warning: Hyper reference
  `book__pandoc__pdf__src__mir__indexmd__promoted' on page 338
  undefined on input line 19350.
[WARNING] [makePDF] LaTeX Warning: Hyper reference
  `book__pandoc__pdf__src__appendix__glossarymd__newtype' on
  page 338 undefined on input line 19363.
[WARNING] [makePDF] LaTeX Warning: Hyper reference
  `book__pandoc__pdf__src__appendix__glossarymd__newtype' on
  page 338 undefined on input line 19373.
[WARNING] [makePDF] LaTeX Warning: Hyper reference
  `book__pandoc__pdf__src__appendix__glossarymd__newtype' on
  page 338 undefined on input line 19393.
[WARNING] [makePDF] LaTeX Warning: Hyper reference
  `book__pandoc__pdf__src__appendix__glossarymd__placeholder'
  on page 402 undefined on input line 23106.
[WARNING] [makePDF] LaTeX Warning: Hyper reference
  `book__pandoc__pdf__src__type-inferencemd__vars' on page 419
  undefined on input line 24358.
[WARNING] [makePDF] LaTeX Warning: Hyper reference
  `book__pandoc__pdf__src__appendix__backgroundmd__free-vs-bound'
  on page 420 undefined on input line 24396.
[WARNING] [makePDF] LaTeX Warning: Hyper reference
  `book__pandoc__pdf__src__traits__canonical-queriesmd__query-response'
  on page 421 undefined on input line 24476.
[WARNING] [makePDF] LaTeX Warning: Hyper reference
  `book__pandoc__pdf__src__traits__canonical-queriesmd__query-response'
  on page 421 undefined on input line 24517.
[WARNING] [makePDF] LaTeX Warning: Hyper reference
  `book__pandoc__pdf__src__variancemd__addendum' on page 445
  undefined on input line 26147.
[WARNING] [makePDF] LaTeX Warning: Hyper reference
  `book__pandoc__pdf__src__opaque-types-impl-trait-inferencemd__Within-the-type_of-query'
  on page 453 undefined on input line 26693.
[WARNING] [makePDF] LaTeX Warning: Hyper reference
  `book__pandoc__pdf__src__appendix__glossarymd__region' on
  page 487 undefined on input line 28449.
[WARNING] [makePDF] LaTeX Warning: Hyper reference
  `book__pandoc__pdf__src__appendix__glossarymd__inf-var' on
  page 487 undefined on input line 28452.
[WARNING] [makePDF] LaTeX Warning: Hyper reference
  `book__pandoc__pdf__src__appendix__backgroundmd__dataflow'
  on page 487 undefined on input line 28456.
[WARNING] [makePDF] LaTeX Warning: Hyper reference
  `book__pandoc__pdf__src__appendix__backgroundmd__free-vs-bound'
  on page 495 undefined on input line 29048.
[WARNING] [makePDF] LaTeX Warning: Hyper reference
  `book__pandoc__pdf__src__appendix__glossarymd__point' on
  page 500 undefined on input line 29450.
[WARNING] [makePDF] LaTeX Warning: Hyper reference
  `book__pandoc__pdf__src__borrow_check__region_inference__member_constraintsmd__collecting'
  on page 508 undefined on input line 30015.
[WARNING] [makePDF] LaTeX Warning: Hyper reference
  `book__pandoc__pdf__src__appendix__backgroundmd__quantified'
  on page 510 undefined on input line 30119.
[WARNING] [makePDF] LaTeX Warning: Hyper reference
  `book__pandoc__pdf__src__appendix__backgroundmd__variance'
  on page 510 undefined on input line 30141.
[WARNING] [makePDF] LaTeX Warning: Hyper reference
  `book__pandoc__pdf__src__appendix__backgroundmd__free-vs-bound'
  on page 510 undefined on input line 30191.
[WARNING] [makePDF] LaTeX Warning: Hyper reference
  `book__pandoc__pdf__src__diagnosticsmd__future-incompatible'
  on page 526 undefined on input line 31146.
[WARNING] [makePDF] LaTeX Warning: Hyper reference
  `book__pandoc__pdf__src__appendix__glossarymd__mono' on page
  568 undefined on input line 33736.
[WARNING] [makePDF] LaTeX Warning: Hyper reference
  `book__pandoc__pdf__src__appendix__glossarymd__def-id' on
  page 568 undefined on input line 33750.
[WARNING] [makePDF] LaTeX Warning: Hyper reference
  `book__pandoc__pdf__src__appendix__glossarymd__codegen-unit'
  on page 581 undefined on input line 34466.
[WARNING] [makePDF] LaTeX Warning: Hyper reference
  `book__pandoc__pdf__src__appendix__backgroundmd__cfg' on
  page 641 undefined on input line 37825.
[WARNING] [makePDF] LaTeX Warning: Hyper reference
  `book__pandoc__pdf__src__appendix__backgroundmd__free-vs-bound'
  on page 647 undefined on input line 38192.
[WARNING] [makePDF] LaTeX Warning: Hyper reference
  `book__pandoc__pdf__src__appendix__backgroundmd__free-vs-bound'
  on page 647 undefined on input line 38202.
[WARNING] [makePDF] LaTeX Warning: Hyper reference
  `book__pandoc__pdf__src__appendix__backgroundmd__cfg' on
  page 647 undefined on input line 38216.
[WARNING] [makePDF] LaTeX Warning: Hyper reference
  `book__pandoc__pdf__src__appendix__glossarymd__TyCtxt' on
  page 647 undefined on input line 38224.
[WARNING] [makePDF] LaTeX Warning: Hyper reference
  `book__pandoc__pdf__src__appendix__glossarymd__cx' on page
  647 undefined on input line 38225.
[WARNING] [makePDF] LaTeX Warning: Hyper reference
  `book__pandoc__pdf__src__appendix__glossarymd__tcx' on page
  647 undefined on input line 38226.
[WARNING] [makePDF] LaTeX Warning: Hyper reference
  `book__pandoc__pdf__src__appendix__backgroundmd__dataflow'
  on page 647 undefined on input line 38234.
[WARNING] [makePDF] LaTeX Warning: Hyper reference
  `book__pandoc__pdf__src__appendix__backgroundmd__what-is-a-debruijn-index'
  on page 647 undefined on input line 38239.
[WARNING] [makePDF] LaTeX Warning: Hyper reference
  `book__pandoc__pdf__src__appendix__glossarymd__variant-idx'
  on page 647 undefined on input line 38250.
[WARNING] [makePDF] LaTeX Warning: Hyper reference
  `book__pandoc__pdf__src__appendix__glossarymd__tag' on page
  647 undefined on input line 38252.
[WARNING] [makePDF] LaTeX Warning: Hyper reference
  `book__pandoc__pdf__src__appendix__backgroundmd__free-vs-bound'
  on page 647 undefined on input line 38284.
[WARNING] [makePDF] LaTeX Warning: Hyper reference
  `book__pandoc__pdf__src__appendix__glossarymd__tag' on page
  647 undefined on input line 38399.
[WARNING] [makePDF] LaTeX Warning: Hyper reference
  `book__pandoc__pdf__src__traits__goals-and-clausesmd__trait-ref'
  on page 647 undefined on input line 38429.
[WARNING] [makePDF] LaTeX Warning: Hyper reference
  `book__pandoc__pdf__src__mir__indexmd__promoted' on page 647
  undefined on input line 38432.
[WARNING] [makePDF] LaTeX Warning: Hyper reference
  `book__pandoc__pdf__src__appendix__backgroundmd__quantified'
  on page 647 undefined on input line 38440.
[WARNING] [makePDF] LaTeX Warning: Hyper reference
  `book__pandoc__pdf__src__appendix__glossarymd__discriminant'
  on page 647 undefined on input line 38495.
[WARNING] [makePDF] LaTeX Warning: Hyper reference
  `book__pandoc__pdf__src__appendix__glossarymd__niche' on
  page 647 undefined on input line 38498.
[WARNING] [makePDF] LaTeX Warning: Hyper reference
  `book__pandoc__pdf__src__traits__goals-and-clausesmd__trait-ref'
  on page 647 undefined on input line 38522.
[WARNING] [makePDF] LaTeX Warning: Hyper reference
  `book__pandoc__pdf__src__appendix__glossarymd__tcx' on page
  647 undefined on input line 38530.
[WARNING] [makePDF] LaTeX Warning: Hyper reference
  `book__pandoc__pdf__src__appendix__backgroundmd__variance'
  on page 647 undefined on input line 38549.
[WARNING] [makePDF] LaTeX Warning: Hyper reference
  `book__pandoc__pdf__src__appendix__glossarymd__discriminant'
  on page 647 undefined on input line 38555.
[WARNING] [makePDF] LaTeX Warning: Hyper reference
  `book__pandoc__pdf__src__hirmd__hir-id' on page 706
  undefined on input line 38603.
[WARNING] [makePDF] LaTeX Warning: Hyper reference
  `book__pandoc__pdf__src__hirmd__hir-id' on page 706
  undefined on input line 38619.
[WARNING] [makePDF] LaTeX Warning: Hyper reference
  `book__pandoc__pdf__src__hirmd__hir-id' on page 706
  undefined on input line 38631.
[WARNING] [makePDF] LaTeX Warning: Hyper reference
  `book__pandoc__pdf__src__hirmd__hir-id' on page 706
  undefined on input line 38636.
[WARNING] [makePDF] LaTeX Warning: There were undefined references.
[WARNING] Missing character: There is no 🔑 (U+1F511) (U+1F511) in font NotoSerif:mode=node;script
[WARNING] Missing character: There is no ✅ (U+2705) (U+2705) in font NotoSerif:mode=node;script=l
[WARNING] Missing character: There is no ❌ (U+274C) (U+274C) in font NotoSerif:mode=node;script=l
[WARNING] Missing character: There is no ✅ (U+2705) (U+2705) in font NotoSerif/B:mode=node;script
[WARNING] Missing character: There is no ✅ (U+2705) (U+2705) in font NotoSerif/B:mode=node;script
[WARNING] Missing character: There is no ❌ (U+274C) (U+274C) in font NotoSerif/B:mode=node;script
[WARNING] Missing character: There is no ✅ (U+2705) (U+2705) in font NotoSerif/B:mode=node;script
[WARNING] Missing character: There is no ✅ (U+2705) (U+2705) in font NotoSerif/B:mode=node;script
[WARNING] Missing character: There is no ✅ (U+2705) (U+2705) in font NotoSerif/B:mode=node;script
[WARNING] Missing character: There is no ✅ (U+2705) (U+2705) in font NotoSerif/B:mode=node;script
[WARNING] Missing character: There is no ❌ (U+274C) (U+274C) in font NotoSerif/B:mode=node;script
[WARNING] Missing character: There is no ✅ (U+2705) (U+2705) in font NotoSerif/B:mode=node;script
[WARNING] Missing character: There is no ✅ (U+2705) (U+2705) in font NotoSerif/B:mode=node;script
[WARNING] Missing character: There is no ❌ (U+274C) (U+274C) in font NotoSerif/B:mode=node;script
[WARNING] Missing character: There is no ✅ (U+2705) (U+2705) in font NotoSerif/B:mode=node;script
[WARNING] Missing character: There is no ⊇ (U+2287) (U+2287) in font NotoSerif:mode=node;script=l
[WARNING] Missing character: There is no ✅ (U+2705) (U+2705) in font NotoSansMono:mode=node;scrip
[WARNING] Missing character: There is no ✅ (U+2705) (U+2705) in font NotoSansMono:mode=node;scrip
[WARNING] Missing character: There is no ∀ (U+2200) (U+2200) in font NotoSerif:mode=node;script=l
[WARNING] Missing character: There is no ∃ (U+2203) (U+2203) in font NotoSerif:mode=node;script=l
 INFO mdbook_pandoc::pandoc::renderer: Wrote output to book/pandoc/pdf/book.pdf    

