---
source: src/lib.rs
expression: logs
---
DEBUG mdbook::book: Running the index preprocessor.    
DEBUG mdbook::book: Running the links preprocessor.    
 INFO mdbook::book: Running the pandoc backend    
DEBUG mdbook_pandoc::preprocess: Unable to resolve relative path '../../book/ch07-00-managing-growing-projects-with-packages-crates-and-modules.html' in chapter 'guide/project-layout.md', linking to hosted HTML book at 'https://doc.rust-lang.org/cargo/guide/../../book/ch07-00-managing-growing-projects-with-packages-crates-and-modules.html'    
DEBUG mdbook_pandoc::preprocess: Unable to resolve relative path '../../rustdoc/write-documentation/documentation-tests.html' in chapter 'guide/tests.md', linking to hosted HTML book at 'https://doc.rust-lang.org/cargo/guide/../../rustdoc/write-documentation/documentation-tests.html'    
DEBUG mdbook_pandoc::preprocess: Unable to resolve relative path '../../book/ch11-00-testing.html' in chapter 'guide/tests.md', linking to hosted HTML book at 'https://doc.rust-lang.org/cargo/guide/../../book/ch11-00-testing.html'    
DEBUG mdbook_pandoc::preprocess: Unable to resolve relative path '../../reference/conditional-compilation.html' in chapter 'reference/specifying-dependencies.md', linking to hosted HTML book at 'https://doc.rust-lang.org/cargo/reference/../../reference/conditional-compilation.html'    
DEBUG mdbook_pandoc::preprocess: Unable to resolve relative path '../../std/primitive.char.html' in chapter 'reference/manifest.md', linking to hosted HTML book at 'https://doc.rust-lang.org/cargo/reference/../../std/primitive.char.html'    
DEBUG mdbook_pandoc::preprocess: Unable to resolve relative path '../../edition-guide/index.html' in chapter 'reference/manifest.md', linking to hosted HTML book at 'https://doc.rust-lang.org/cargo/reference/../../edition-guide/index.html'    
DEBUG mdbook_pandoc::preprocess: Unable to resolve relative path '../../rustc/lints/levels.html' in chapter 'reference/manifest.md', linking to hosted HTML book at 'https://doc.rust-lang.org/cargo/reference/../../rustc/lints/levels.html'    
DEBUG mdbook_pandoc::preprocess: Unable to resolve relative path '../../reference/attributes/testing.html' in chapter 'reference/cargo-targets.md', linking to hosted HTML book at 'https://doc.rust-lang.org/cargo/reference/../../reference/attributes/testing.html'    
DEBUG mdbook_pandoc::preprocess: Unable to resolve relative path '../../rustc/tests/index.html' in chapter 'reference/cargo-targets.md', linking to hosted HTML book at 'https://doc.rust-lang.org/cargo/reference/../../rustc/tests/index.html'    
DEBUG mdbook_pandoc::preprocess: Unable to resolve relative path '../../reference/attributes/testing.html' in chapter 'reference/cargo-targets.md', linking to hosted HTML book at 'https://doc.rust-lang.org/cargo/reference/../../reference/attributes/testing.html'    
DEBUG mdbook_pandoc::preprocess: Unable to resolve relative path '../../rustdoc/documentation-tests.html' in chapter 'reference/cargo-targets.md', linking to hosted HTML book at 'https://doc.rust-lang.org/cargo/reference/../../rustdoc/documentation-tests.html'    
DEBUG mdbook_pandoc::preprocess: Unable to resolve relative path '../../std/macro.env.html' in chapter 'reference/cargo-targets.md', linking to hosted HTML book at 'https://doc.rust-lang.org/cargo/reference/../../std/macro.env.html'    
DEBUG mdbook_pandoc::preprocess: Unable to resolve relative path '../../unstable-book/library-features/test.html' in chapter 'reference/cargo-targets.md', linking to hosted HTML book at 'https://doc.rust-lang.org/cargo/reference/../../unstable-book/library-features/test.html'    
DEBUG mdbook_pandoc::preprocess: Unable to resolve relative path '../../book/appendix-07-nightly-rust.html' in chapter 'reference/cargo-targets.md', linking to hosted HTML book at 'https://doc.rust-lang.org/cargo/reference/../../book/appendix-07-nightly-rust.html'    
DEBUG mdbook_pandoc::preprocess: Unable to resolve relative path '../../reference/attributes/testing.html' in chapter 'reference/cargo-targets.md', linking to hosted HTML book at 'https://doc.rust-lang.org/cargo/reference/../../reference/attributes/testing.html'    
DEBUG mdbook_pandoc::preprocess: Unable to resolve relative path '../../rustdoc/documentation-tests.html' in chapter 'reference/cargo-targets.md', linking to hosted HTML book at 'https://doc.rust-lang.org/cargo/reference/../../rustdoc/documentation-tests.html'    
DEBUG mdbook_pandoc::preprocess: Unable to resolve relative path '../../book/ch19-06-macros.html' in chapter 'reference/cargo-targets.md', linking to hosted HTML book at 'https://doc.rust-lang.org/cargo/reference/../../book/ch19-06-macros.html'    
DEBUG mdbook_pandoc::preprocess: Unable to resolve relative path '../../reference/procedural-macros.html' in chapter 'reference/cargo-targets.md', linking to hosted HTML book at 'https://doc.rust-lang.org/cargo/reference/../../reference/procedural-macros.html'    
DEBUG mdbook_pandoc::preprocess: Unable to resolve relative path '../../rustc/command-line-arguments.html' in chapter 'reference/cargo-targets.md', linking to hosted HTML book at 'https://doc.rust-lang.org/cargo/reference/../../rustc/command-line-arguments.html'    
DEBUG mdbook_pandoc::preprocess: Unable to resolve relative path '../../reference/attributes/testing.html' in chapter 'reference/cargo-targets.md', linking to hosted HTML book at 'https://doc.rust-lang.org/cargo/reference/../../reference/attributes/testing.html'    
DEBUG mdbook_pandoc::preprocess: Unable to resolve relative path '../../reference/conditional-compilation.html' in chapter 'reference/cargo-targets.md', linking to hosted HTML book at 'https://doc.rust-lang.org/cargo/reference/../../reference/conditional-compilation.html'    
DEBUG mdbook_pandoc::preprocess: Unable to resolve relative path '../../edition-guide/index.html' in chapter 'reference/cargo-targets.md', linking to hosted HTML book at 'https://doc.rust-lang.org/cargo/reference/../../edition-guide/index.html'    
DEBUG mdbook_pandoc::preprocess: Unable to resolve relative path '../../reference/linkage.html' in chapter 'reference/cargo-targets.md', linking to hosted HTML book at 'https://doc.rust-lang.org/cargo/reference/../../reference/linkage.html'    
DEBUG mdbook_pandoc::preprocess: Unable to resolve relative path '../../reference/linkage.html' in chapter 'reference/cargo-targets.md', linking to hosted HTML book at 'https://doc.rust-lang.org/cargo/reference/../../reference/linkage.html'    
DEBUG mdbook_pandoc::preprocess: Unable to resolve relative path '../../reference/conditional-compilation.md' in chapter 'reference/features.md', linking to hosted HTML book at 'https://doc.rust-lang.org/cargo/reference/../../reference/conditional-compilation.md'    
DEBUG mdbook_pandoc::preprocess: Unable to resolve relative path '../../reference/conditional-compilation.md' in chapter 'reference/features.md', linking to hosted HTML book at 'https://doc.rust-lang.org/cargo/reference/../../reference/conditional-compilation.md'    
DEBUG mdbook_pandoc::preprocess: Unable to resolve relative path '../../rustc/command-line-arguments.md' in chapter 'reference/features.md', linking to hosted HTML book at 'https://doc.rust-lang.org/cargo/reference/../../rustc/command-line-arguments.md'    
DEBUG mdbook_pandoc::preprocess: Unable to resolve relative path '../../reference/conditional-compilation.md' in chapter 'reference/features.md', linking to hosted HTML book at 'https://doc.rust-lang.org/cargo/reference/../../reference/conditional-compilation.md'    
DEBUG mdbook_pandoc::preprocess: Unable to resolve relative path '../../std/macro.cfg.html' in chapter 'reference/features.md', linking to hosted HTML book at 'https://doc.rust-lang.org/cargo/reference/../../std/macro.cfg.html'    
DEBUG mdbook_pandoc::preprocess: Unable to resolve relative path '../../std/primitive.char.html' in chapter 'reference/features.md', linking to hosted HTML book at 'https://doc.rust-lang.org/cargo/reference/../../std/primitive.char.html'    
DEBUG mdbook_pandoc::preprocess: Unable to resolve relative path '../../reference/names/preludes.html' in chapter 'reference/features.md', linking to hosted HTML book at 'https://doc.rust-lang.org/cargo/reference/../../reference/names/preludes.html'    
DEBUG mdbook_pandoc::preprocess: Unable to resolve relative path '../../rustdoc/how-to-write-documentation.html' in chapter 'reference/features.md', linking to hosted HTML book at 'https://doc.rust-lang.org/cargo/reference/../../rustdoc/how-to-write-documentation.html'    
DEBUG mdbook_pandoc::preprocess: Unable to resolve relative path '../../unstable-book/language-features/doc-cfg.html' in chapter 'reference/features.md', linking to hosted HTML book at 'https://doc.rust-lang.org/cargo/reference/../../unstable-book/language-features/doc-cfg.html'    
DEBUG mdbook_pandoc::preprocess: Unable to resolve relative path '../../reference/names/preludes.html' in chapter 'reference/features-examples.md', linking to hosted HTML book at 'https://doc.rust-lang.org/cargo/reference/../../reference/names/preludes.html'    
DEBUG mdbook_pandoc::preprocess: Unable to resolve relative path '../../std/prelude/index.html' in chapter 'reference/features-examples.md', linking to hosted HTML book at 'https://doc.rust-lang.org/cargo/reference/../../std/prelude/index.html'    
DEBUG mdbook_pandoc::preprocess: Unable to resolve relative path '../../book/appendix-07-nightly-rust.html' in chapter 'reference/features-examples.md', linking to hosted HTML book at 'https://doc.rust-lang.org/cargo/reference/../../book/appendix-07-nightly-rust.html'    
DEBUG mdbook_pandoc::preprocess: Unable to resolve relative path '../../std/marker/trait.Unsize.html' in chapter 'reference/features-examples.md', linking to hosted HTML book at 'https://doc.rust-lang.org/cargo/reference/../../std/marker/trait.Unsize.html'    
DEBUG mdbook_pandoc::preprocess: Unable to resolve relative path '../../unstable-book/index.html' in chapter 'reference/features-examples.md', linking to hosted HTML book at 'https://doc.rust-lang.org/cargo/reference/../../unstable-book/index.html'    
DEBUG mdbook_pandoc::preprocess: Unable to resolve relative path '../../rustc/codegen-options/index.html' in chapter 'reference/profiles.md', linking to hosted HTML book at 'https://doc.rust-lang.org/cargo/reference/../../rustc/codegen-options/index.html'    
DEBUG mdbook_pandoc::preprocess: Unable to resolve relative path '../../rustc/profile-guided-optimization.html' in chapter 'reference/profiles.md', linking to hosted HTML book at 'https://doc.rust-lang.org/cargo/reference/../../rustc/profile-guided-optimization.html'    
DEBUG mdbook_pandoc::preprocess: Unable to resolve relative path '../../rustc/codegen-options/index.html' in chapter 'reference/profiles.md', linking to hosted HTML book at 'https://doc.rust-lang.org/cargo/reference/../../rustc/codegen-options/index.html'    
DEBUG mdbook_pandoc::preprocess: Unable to resolve relative path '../../rustc/codegen-options/index.html' in chapter 'reference/profiles.md', linking to hosted HTML book at 'https://doc.rust-lang.org/cargo/reference/../../rustc/codegen-options/index.html'    
DEBUG mdbook_pandoc::preprocess: Unable to resolve relative path '../../rustc/codegen-options/index.html' in chapter 'reference/profiles.md', linking to hosted HTML book at 'https://doc.rust-lang.org/cargo/reference/../../rustc/codegen-options/index.html'    
DEBUG mdbook_pandoc::preprocess: Unable to resolve relative path '../../rustc/codegen-options/index.html' in chapter 'reference/profiles.md', linking to hosted HTML book at 'https://doc.rust-lang.org/cargo/reference/../../rustc/codegen-options/index.html'    
DEBUG mdbook_pandoc::preprocess: Unable to resolve relative path '../../rustc/codegen-options/index.html' in chapter 'reference/profiles.md', linking to hosted HTML book at 'https://doc.rust-lang.org/cargo/reference/../../rustc/codegen-options/index.html'    
DEBUG mdbook_pandoc::preprocess: Unable to resolve relative path '../../book/appendix-07-nightly-rust.html' in chapter 'reference/profiles.md', linking to hosted HTML book at 'https://doc.rust-lang.org/cargo/reference/../../book/appendix-07-nightly-rust.html'    
DEBUG mdbook_pandoc::preprocess: Unable to resolve relative path '../../rustc/codegen-options/index.html' in chapter 'reference/profiles.md', linking to hosted HTML book at 'https://doc.rust-lang.org/cargo/reference/../../rustc/codegen-options/index.html'    
DEBUG mdbook_pandoc::preprocess: Unable to resolve relative path '../../rustc/codegen-options/index.html' in chapter 'reference/profiles.md', linking to hosted HTML book at 'https://doc.rust-lang.org/cargo/reference/../../rustc/codegen-options/index.html'    
DEBUG mdbook_pandoc::preprocess: Unable to resolve relative path '../../reference/conditional-compilation.md' in chapter 'reference/profiles.md', linking to hosted HTML book at 'https://doc.rust-lang.org/cargo/reference/../../reference/conditional-compilation.md'    
DEBUG mdbook_pandoc::preprocess: Unable to resolve relative path '../../std/macro.debug_assert.html' in chapter 'reference/profiles.md', linking to hosted HTML book at 'https://doc.rust-lang.org/cargo/reference/../../std/macro.debug_assert.html'    
DEBUG mdbook_pandoc::preprocess: Unable to resolve relative path '../../rustc/codegen-options/index.html' in chapter 'reference/profiles.md', linking to hosted HTML book at 'https://doc.rust-lang.org/cargo/reference/../../rustc/codegen-options/index.html'    
DEBUG mdbook_pandoc::preprocess: Unable to resolve relative path '../../reference/expressions/operator-expr.md' in chapter 'reference/profiles.md', linking to hosted HTML book at 'https://doc.rust-lang.org/cargo/reference/../../reference/expressions/operator-expr.md'    
DEBUG mdbook_pandoc::preprocess: Unable to resolve relative path '../../rustc/codegen-options/index.html' in chapter 'reference/profiles.md', linking to hosted HTML book at 'https://doc.rust-lang.org/cargo/reference/../../rustc/codegen-options/index.html'    
DEBUG mdbook_pandoc::preprocess: Unable to resolve relative path '../../rustc/codegen-options/index.html' in chapter 'reference/profiles.md', linking to hosted HTML book at 'https://doc.rust-lang.org/cargo/reference/../../rustc/codegen-options/index.html'    
DEBUG mdbook_pandoc::preprocess: Unable to resolve relative path '../../rustc/codegen-options/index.html' in chapter 'reference/profiles.md', linking to hosted HTML book at 'https://doc.rust-lang.org/cargo/reference/../../rustc/codegen-options/index.html'    
DEBUG mdbook_pandoc::preprocess: Unable to resolve relative path '../../rustc/linker-plugin-lto.html' in chapter 'reference/profiles.md', linking to hosted HTML book at 'https://doc.rust-lang.org/cargo/reference/../../rustc/linker-plugin-lto.html'    
DEBUG mdbook_pandoc::preprocess: Unable to resolve relative path '../../rustc/codegen-options/index.html' in chapter 'reference/profiles.md', linking to hosted HTML book at 'https://doc.rust-lang.org/cargo/reference/../../rustc/codegen-options/index.html'    
DEBUG mdbook_pandoc::preprocess: Unable to resolve relative path '../../rustc/codegen-options/index.html' in chapter 'reference/profiles.md', linking to hosted HTML book at 'https://doc.rust-lang.org/cargo/reference/../../rustc/codegen-options/index.html'    
DEBUG mdbook_pandoc::preprocess: Unable to resolve relative path '../../rustc/codegen-options/index.html' in chapter 'reference/profiles.md', linking to hosted HTML book at 'https://doc.rust-lang.org/cargo/reference/../../rustc/codegen-options/index.html'    
DEBUG mdbook_pandoc::preprocess: Unable to resolve relative path '../../rustc/codegen-options/index.html' in chapter 'reference/profiles.md', linking to hosted HTML book at 'https://doc.rust-lang.org/cargo/reference/../../rustc/codegen-options/index.html'    
DEBUG mdbook_pandoc::preprocess: Unable to resolve relative path '../../reference/conditional-compilation.html' in chapter 'reference/config.md', linking to hosted HTML book at 'https://doc.rust-lang.org/cargo/reference/../../reference/conditional-compilation.html'    
DEBUG mdbook_pandoc::preprocess: Unable to resolve relative path '../../rustc/codegen-options/index.md' in chapter 'reference/config.md', linking to hosted HTML book at 'https://doc.rust-lang.org/cargo/reference/../../rustc/codegen-options/index.md'    
DEBUG mdbook_pandoc::preprocess: Unable to resolve relative path '../../reference/conditional-compilation.html' in chapter 'reference/config.md', linking to hosted HTML book at 'https://doc.rust-lang.org/cargo/reference/../../reference/conditional-compilation.html'    
DEBUG mdbook_pandoc::preprocess: Unable to resolve relative path '../../reference/conditional-compilation.html' in chapter 'reference/config.md', linking to hosted HTML book at 'https://doc.rust-lang.org/cargo/reference/../../reference/conditional-compilation.html'    
DEBUG mdbook_pandoc::preprocess: Unable to resolve relative path '../../reference/conditional-compilation.html' in chapter 'reference/config.md', linking to hosted HTML book at 'https://doc.rust-lang.org/cargo/reference/../../reference/conditional-compilation.html'    
DEBUG mdbook_pandoc::preprocess: Unable to resolve relative path '../../std/macro.env.html' in chapter 'reference/environment-variables.md', linking to hosted HTML book at 'https://doc.rust-lang.org/cargo/reference/../../std/macro.env.html'    
DEBUG mdbook_pandoc::preprocess: Unable to resolve relative path '../../reference/conditional-compilation.html' in chapter 'reference/environment-variables.md', linking to hosted HTML book at 'https://doc.rust-lang.org/cargo/reference/../../reference/conditional-compilation.html'    
DEBUG mdbook_pandoc::preprocess: Unable to resolve relative path '../../reference/conditional-compilation.html' in chapter 'reference/environment-variables.md', linking to hosted HTML book at 'https://doc.rust-lang.org/cargo/reference/../../reference/conditional-compilation.html'    
DEBUG mdbook_pandoc::preprocess: Unable to resolve relative path '../../reference/conditional-compilation.html' in chapter 'reference/environment-variables.md', linking to hosted HTML book at 'https://doc.rust-lang.org/cargo/reference/../../reference/conditional-compilation.html'    
DEBUG mdbook_pandoc::preprocess: Unable to resolve relative path '../../reference/conditional-compilation.html' in chapter 'reference/environment-variables.md', linking to hosted HTML book at 'https://doc.rust-lang.org/cargo/reference/../../reference/conditional-compilation.html'    
DEBUG mdbook_pandoc::preprocess: Unable to resolve relative path '../../reference/conditional-compilation.html' in chapter 'reference/environment-variables.md', linking to hosted HTML book at 'https://doc.rust-lang.org/cargo/reference/../../reference/conditional-compilation.html'    
DEBUG mdbook_pandoc::preprocess: Unable to resolve relative path '../../reference/conditional-compilation.html' in chapter 'reference/environment-variables.md', linking to hosted HTML book at 'https://doc.rust-lang.org/cargo/reference/../../reference/conditional-compilation.html'    
DEBUG mdbook_pandoc::preprocess: Unable to resolve relative path '../../reference/conditional-compilation.html' in chapter 'reference/environment-variables.md', linking to hosted HTML book at 'https://doc.rust-lang.org/cargo/reference/../../reference/conditional-compilation.html'    
DEBUG mdbook_pandoc::preprocess: Unable to resolve relative path '../../reference/conditional-compilation.html' in chapter 'reference/environment-variables.md', linking to hosted HTML book at 'https://doc.rust-lang.org/cargo/reference/../../reference/conditional-compilation.html'    
DEBUG mdbook_pandoc::preprocess: Unable to resolve relative path '../../reference/conditional-compilation.html' in chapter 'reference/environment-variables.md', linking to hosted HTML book at 'https://doc.rust-lang.org/cargo/reference/../../reference/conditional-compilation.html'    
DEBUG mdbook_pandoc::preprocess: Unable to resolve relative path '../../reference/conditional-compilation.html' in chapter 'reference/environment-variables.md', linking to hosted HTML book at 'https://doc.rust-lang.org/cargo/reference/../../reference/conditional-compilation.html'    
DEBUG mdbook_pandoc::preprocess: Unable to resolve relative path '../../reference/conditional-compilation.html' in chapter 'reference/environment-variables.md', linking to hosted HTML book at 'https://doc.rust-lang.org/cargo/reference/../../reference/conditional-compilation.html'    
DEBUG mdbook_pandoc::preprocess: Unable to resolve relative path '../../rustc/codegen-options/index.md' in chapter 'reference/build-scripts.md', linking to hosted HTML book at 'https://doc.rust-lang.org/cargo/reference/../../rustc/codegen-options/index.md'    
DEBUG mdbook_pandoc::preprocess: Unable to resolve relative path '../../rustc/codegen-options/index.md' in chapter 'reference/build-scripts.md', linking to hosted HTML book at 'https://doc.rust-lang.org/cargo/reference/../../rustc/codegen-options/index.md'    
DEBUG mdbook_pandoc::preprocess: Unable to resolve relative path '../../rustc/codegen-options/index.md' in chapter 'reference/build-scripts.md', linking to hosted HTML book at 'https://doc.rust-lang.org/cargo/reference/../../rustc/codegen-options/index.md'    
DEBUG mdbook_pandoc::preprocess: Unable to resolve relative path '../../rustc/command-line-arguments.md' in chapter 'reference/build-scripts.md', linking to hosted HTML book at 'https://doc.rust-lang.org/cargo/reference/../../rustc/command-line-arguments.md'    
DEBUG mdbook_pandoc::preprocess: Unable to resolve relative path '../../nomicon/ffi.md' in chapter 'reference/build-scripts.md', linking to hosted HTML book at 'https://doc.rust-lang.org/cargo/reference/../../nomicon/ffi.md'    
DEBUG mdbook_pandoc::preprocess: Unable to resolve relative path '../../rustc/command-line-arguments.md' in chapter 'reference/build-scripts.md', linking to hosted HTML book at 'https://doc.rust-lang.org/cargo/reference/../../rustc/command-line-arguments.md'    
DEBUG mdbook_pandoc::preprocess: Unable to resolve relative path '../../rustc/codegen-options/index.md' in chapter 'reference/build-scripts.md', linking to hosted HTML book at 'https://doc.rust-lang.org/cargo/reference/../../rustc/codegen-options/index.md'    
DEBUG mdbook_pandoc::preprocess: Unable to resolve relative path '../../rustc/codegen-options/index.md' in chapter 'reference/build-scripts.md', linking to hosted HTML book at 'https://doc.rust-lang.org/cargo/reference/../../rustc/codegen-options/index.md'    
DEBUG mdbook_pandoc::preprocess: Unable to resolve relative path '../../rustc/codegen-options/index.md' in chapter 'reference/build-scripts.md', linking to hosted HTML book at 'https://doc.rust-lang.org/cargo/reference/../../rustc/codegen-options/index.md'    
DEBUG mdbook_pandoc::preprocess: Unable to resolve relative path '../../rustc/command-line-arguments.md' in chapter 'reference/build-scripts.md', linking to hosted HTML book at 'https://doc.rust-lang.org/cargo/reference/../../rustc/command-line-arguments.md'    
DEBUG mdbook_pandoc::preprocess: Unable to resolve relative path '../../rustc/command-line-arguments.md' in chapter 'reference/build-scripts.md', linking to hosted HTML book at 'https://doc.rust-lang.org/cargo/reference/../../rustc/command-line-arguments.md'    
DEBUG mdbook_pandoc::preprocess: Unable to resolve relative path '../../rustc/command-line-arguments.md' in chapter 'reference/build-scripts.md', linking to hosted HTML book at 'https://doc.rust-lang.org/cargo/reference/../../rustc/command-line-arguments.md'    
DEBUG mdbook_pandoc::preprocess: Unable to resolve relative path '../../reference/conditional-compilation.md' in chapter 'reference/build-scripts.md', linking to hosted HTML book at 'https://doc.rust-lang.org/cargo/reference/../../reference/conditional-compilation.md'    
DEBUG mdbook_pandoc::preprocess: Unable to resolve relative path '../../std/macro.env.html' in chapter 'reference/build-scripts.md', linking to hosted HTML book at 'https://doc.rust-lang.org/cargo/reference/../../std/macro.env.html'    
DEBUG mdbook_pandoc::preprocess: Unable to resolve relative path '../../rustc/codegen-options/index.md' in chapter 'reference/build-scripts.md', linking to hosted HTML book at 'https://doc.rust-lang.org/cargo/reference/../../rustc/codegen-options/index.md'    
DEBUG mdbook_pandoc::preprocess: Unable to resolve relative path '../../std/macro.include.html' in chapter 'reference/build-script-examples.md', linking to hosted HTML book at 'https://doc.rust-lang.org/cargo/reference/../../std/macro.include.html'    
DEBUG mdbook_pandoc::preprocess: Unable to resolve relative path '../../std/macro.concat.html' in chapter 'reference/build-script-examples.md', linking to hosted HTML book at 'https://doc.rust-lang.org/cargo/reference/../../std/macro.concat.html'    
DEBUG mdbook_pandoc::preprocess: Unable to resolve relative path '../../std/macro.env.html' in chapter 'reference/build-script-examples.md', linking to hosted HTML book at 'https://doc.rust-lang.org/cargo/reference/../../std/macro.env.html'    
DEBUG mdbook_pandoc::preprocess: Unable to resolve relative path '../../reference/conditional-compilation.md' in chapter 'reference/build-script-examples.md', linking to hosted HTML book at 'https://doc.rust-lang.org/cargo/reference/../../reference/conditional-compilation.md'    
DEBUG mdbook_pandoc::preprocess: Unable to resolve relative path '../../std/macro.cfg.html' in chapter 'reference/build-script-examples.md', linking to hosted HTML book at 'https://doc.rust-lang.org/cargo/reference/../../std/macro.cfg.html'    
DEBUG mdbook_pandoc::preprocess: Unable to resolve relative path '../../rustc/json.md' in chapter 'reference/external-tools.md', linking to hosted HTML book at 'https://doc.rust-lang.org/cargo/reference/../../rustc/json.md'    
DEBUG mdbook_pandoc::preprocess: Unable to resolve relative path '../../std/primitive.char.html' in chapter 'reference/registry-index.md', linking to hosted HTML book at 'https://doc.rust-lang.org/cargo/reference/../../std/primitive.char.html'    
 WARN mdbook_pandoc::preprocess: Heading (level h4) converted to paragraph in chapter: Registry Index    
 WARN mdbook_pandoc::preprocess: Heading (level h4) converted to paragraph in chapter: Registry Index    
 WARN mdbook_pandoc::preprocess: Heading (level h4) converted to paragraph in chapter: Registry Index    
 WARN mdbook_pandoc::preprocess: Heading (level h4) converted to paragraph in chapter: Registry Index    
 WARN mdbook_pandoc::preprocess: Heading (level h4) converted to paragraph in chapter: Registry Index    
DEBUG mdbook_pandoc::preprocess: Unable to resolve relative path '../../std/any/trait.Any.html' in chapter 'reference/resolver.md', linking to hosted HTML book at 'https://doc.rust-lang.org/cargo/reference/../../std/any/trait.Any.html'    
DEBUG mdbook_pandoc::preprocess: Unable to resolve relative path '../../reference/items.html' in chapter 'reference/semver.md', linking to hosted HTML book at 'https://doc.rust-lang.org/cargo/reference/../../reference/items.html'    
DEBUG mdbook_pandoc::preprocess: Unable to resolve relative path '../../reference/conditional-compilation.md' in chapter 'reference/semver.md', linking to hosted HTML book at 'https://doc.rust-lang.org/cargo/reference/../../reference/conditional-compilation.md'    
DEBUG mdbook_pandoc::preprocess: Unable to resolve relative path '../../reference/conditional-compilation.md' in chapter 'reference/semver.md', linking to hosted HTML book at 'https://doc.rust-lang.org/cargo/reference/../../reference/conditional-compilation.md'    
DEBUG mdbook_pandoc::preprocess: Unable to resolve relative path '../../reference/attributes/diagnostics.html' in chapter 'reference/semver.md', linking to hosted HTML book at 'https://doc.rust-lang.org/cargo/reference/../../reference/attributes/diagnostics.html'    
DEBUG mdbook_pandoc::preprocess: Unable to resolve relative path '../../reference/attributes/diagnostics.html' in chapter 'reference/semver.md', linking to hosted HTML book at 'https://doc.rust-lang.org/cargo/reference/../../reference/attributes/diagnostics.html'    
DEBUG mdbook_pandoc::preprocess: Unable to resolve relative path '../../reference/items/use-declarations.html' in chapter 'reference/semver.md', linking to hosted HTML book at 'https://doc.rust-lang.org/cargo/reference/../../reference/items/use-declarations.html'    
DEBUG mdbook_pandoc::preprocess: Unable to resolve relative path '../../reference/items.html' in chapter 'reference/semver.md', linking to hosted HTML book at 'https://doc.rust-lang.org/cargo/reference/../../reference/items.html'    
DEBUG mdbook_pandoc::preprocess: Unable to resolve relative path '../../reference/type-layout.html' in chapter 'reference/semver.md', linking to hosted HTML book at 'https://doc.rust-lang.org/cargo/reference/../../reference/type-layout.html'    
DEBUG mdbook_pandoc::preprocess: Unable to resolve relative path '../../reference/type-layout.html' in chapter 'reference/semver.md', linking to hosted HTML book at 'https://doc.rust-lang.org/cargo/reference/../../reference/type-layout.html'    
DEBUG mdbook_pandoc::preprocess: Unable to resolve relative path '../../reference/type-layout.html' in chapter 'reference/semver.md', linking to hosted HTML book at 'https://doc.rust-lang.org/cargo/reference/../../reference/type-layout.html'    
DEBUG mdbook_pandoc::preprocess: Unable to resolve relative path '../../std/cell/struct.UnsafeCell.html' in chapter 'reference/semver.md', linking to hosted HTML book at 'https://doc.rust-lang.org/cargo/reference/../../std/cell/struct.UnsafeCell.html'    
DEBUG mdbook_pandoc::preprocess: Unable to resolve relative path '../../reference/type-layout.html' in chapter 'reference/semver.md', linking to hosted HTML book at 'https://doc.rust-lang.org/cargo/reference/../../reference/type-layout.html'    
DEBUG mdbook_pandoc::preprocess: Unable to resolve relative path '../../reference/type-layout.html' in chapter 'reference/semver.md', linking to hosted HTML book at 'https://doc.rust-lang.org/cargo/reference/../../reference/type-layout.html'    
DEBUG mdbook_pandoc::preprocess: Unable to resolve relative path '../../reference/type-layout.html' in chapter 'reference/semver.md', linking to hosted HTML book at 'https://doc.rust-lang.org/cargo/reference/../../reference/type-layout.html'    
DEBUG mdbook_pandoc::preprocess: Unable to resolve relative path '../../reference/type-layout.html' in chapter 'reference/semver.md', linking to hosted HTML book at 'https://doc.rust-lang.org/cargo/reference/../../reference/type-layout.html'    
DEBUG mdbook_pandoc::preprocess: Unable to resolve relative path '../../edition-guide/rust-2021/disjoint-capture-in-closures.html' in chapter 'reference/semver.md', linking to hosted HTML book at 'https://doc.rust-lang.org/cargo/reference/../../edition-guide/rust-2021/disjoint-capture-in-closures.html'    
DEBUG mdbook_pandoc::preprocess: Unable to resolve relative path '../../std/mem/fn.transmute.html' in chapter 'reference/semver.md', linking to hosted HTML book at 'https://doc.rust-lang.org/cargo/reference/../../std/mem/fn.transmute.html'    
DEBUG mdbook_pandoc::preprocess: Unable to resolve relative path '../../std/mem/fn.transmute.html' in chapter 'reference/semver.md', linking to hosted HTML book at 'https://doc.rust-lang.org/cargo/reference/../../std/mem/fn.transmute.html'    
DEBUG mdbook_pandoc::preprocess: Unable to resolve relative path '../../reference/expressions/struct-expr.html' in chapter 'reference/semver.md', linking to hosted HTML book at 'https://doc.rust-lang.org/cargo/reference/../../reference/expressions/struct-expr.html'    
DEBUG mdbook_pandoc::preprocess: Unable to resolve relative path '../../reference/attributes/type_system.html' in chapter 'reference/semver.md', linking to hosted HTML book at 'https://doc.rust-lang.org/cargo/reference/../../reference/attributes/type_system.html'    
DEBUG mdbook_pandoc::preprocess: Unable to resolve relative path '../../std/default/trait.Default.html' in chapter 'reference/semver.md', linking to hosted HTML book at 'https://doc.rust-lang.org/cargo/reference/../../std/default/trait.Default.html'    
DEBUG mdbook_pandoc::preprocess: Unable to resolve relative path '../../reference/expressions/struct-expr.html' in chapter 'reference/semver.md', linking to hosted HTML book at 'https://doc.rust-lang.org/cargo/reference/../../reference/expressions/struct-expr.html'    
DEBUG mdbook_pandoc::preprocess: Unable to resolve relative path '../../reference/attributes/type_system.html' in chapter 'reference/semver.md', linking to hosted HTML book at 'https://doc.rust-lang.org/cargo/reference/../../reference/attributes/type_system.html'    
DEBUG mdbook_pandoc::preprocess: Unable to resolve relative path '../../std/default/trait.Default.html' in chapter 'reference/semver.md', linking to hosted HTML book at 'https://doc.rust-lang.org/cargo/reference/../../std/default/trait.Default.html'    
DEBUG mdbook_pandoc::preprocess: Unable to resolve relative path '../../reference/expressions/struct-expr.html' in chapter 'reference/semver.md', linking to hosted HTML book at 'https://doc.rust-lang.org/cargo/reference/../../reference/expressions/struct-expr.html'    
DEBUG mdbook_pandoc::preprocess: Unable to resolve relative path '../../reference/expressions/struct-expr.html' in chapter 'reference/semver.md', linking to hosted HTML book at 'https://doc.rust-lang.org/cargo/reference/../../reference/expressions/struct-expr.html'    
DEBUG mdbook_pandoc::preprocess: Unable to resolve relative path '../../reference/attributes/type_system.html' in chapter 'reference/semver.md', linking to hosted HTML book at 'https://doc.rust-lang.org/cargo/reference/../../reference/attributes/type_system.html'    
DEBUG mdbook_pandoc::preprocess: Unable to resolve relative path '../../reference/attributes/type_system.html' in chapter 'reference/semver.md', linking to hosted HTML book at 'https://doc.rust-lang.org/cargo/reference/../../reference/attributes/type_system.html'    
DEBUG mdbook_pandoc::preprocess: Unable to resolve relative path '../../reference/patterns.html' in chapter 'reference/semver.md', linking to hosted HTML book at 'https://doc.rust-lang.org/cargo/reference/../../reference/patterns.html'    
DEBUG mdbook_pandoc::preprocess: Unable to resolve relative path '../../reference/attributes/type_system.html' in chapter 'reference/semver.md', linking to hosted HTML book at 'https://doc.rust-lang.org/cargo/reference/../../reference/attributes/type_system.html'    
DEBUG mdbook_pandoc::preprocess: Unable to resolve relative path '../../reference/items/implementations.html' in chapter 'reference/semver.md', linking to hosted HTML book at 'https://doc.rust-lang.org/cargo/reference/../../reference/items/implementations.html'    
DEBUG mdbook_pandoc::preprocess: Unable to resolve relative path '../../reference/expressions/call-expr.html' in chapter 'reference/semver.md', linking to hosted HTML book at 'https://doc.rust-lang.org/cargo/reference/../../reference/expressions/call-expr.html'    
DEBUG mdbook_pandoc::preprocess: Unable to resolve relative path '../../reference/items/traits.html' in chapter 'reference/semver.md', linking to hosted HTML book at 'https://doc.rust-lang.org/cargo/reference/../../reference/items/traits.html'    
DEBUG mdbook_pandoc::preprocess: Unable to resolve relative path '../../reference/expressions/call-expr.html' in chapter 'reference/semver.md', linking to hosted HTML book at 'https://doc.rust-lang.org/cargo/reference/../../reference/expressions/call-expr.html'    
DEBUG mdbook_pandoc::preprocess: Unable to resolve relative path '../../reference/attributes/diagnostics.html' in chapter 'reference/semver.md', linking to hosted HTML book at 'https://doc.rust-lang.org/cargo/reference/../../reference/attributes/diagnostics.html'    
DEBUG mdbook_pandoc::preprocess: Unable to resolve relative path '../../rustc/lints/listing/warn-by-default.html' in chapter 'reference/semver.md', linking to hosted HTML book at 'https://doc.rust-lang.org/cargo/reference/../../rustc/lints/listing/warn-by-default.html'    
DEBUG mdbook_pandoc::preprocess: Unable to resolve relative path '../../reference/names/preludes.html' in chapter 'reference/semver.md', linking to hosted HTML book at 'https://doc.rust-lang.org/cargo/reference/../../reference/names/preludes.html'    
DEBUG mdbook_pandoc::preprocess: Unable to resolve relative path '../../reference/attributes/type_system.html' in chapter 'reference/semver.md', linking to hosted HTML book at 'https://doc.rust-lang.org/cargo/reference/../../reference/attributes/type_system.html'    
DEBUG mdbook_pandoc::preprocess: Unable to resolve relative path '../../reference/expressions/struct-expr.html' in chapter 'reference/semver.md', linking to hosted HTML book at 'https://doc.rust-lang.org/cargo/reference/../../reference/expressions/struct-expr.html'    
DEBUG mdbook_pandoc::preprocess: Unable to resolve relative path '../../reference/expressions/struct-expr.html' in chapter 'reference/semver.md', linking to hosted HTML book at 'https://doc.rust-lang.org/cargo/reference/../../reference/expressions/struct-expr.html'    
DEBUG mdbook_pandoc::preprocess: Unable to resolve relative path '../../reference/expressions/struct-expr.html' in chapter 'reference/semver.md', linking to hosted HTML book at 'https://doc.rust-lang.org/cargo/reference/../../reference/expressions/struct-expr.html'    
DEBUG mdbook_pandoc::preprocess: Unable to resolve relative path '../../reference/attributes/type_system.html' in chapter 'reference/semver.md', linking to hosted HTML book at 'https://doc.rust-lang.org/cargo/reference/../../reference/attributes/type_system.html'    
DEBUG mdbook_pandoc::preprocess: Unable to resolve relative path '../../reference/attributes/type_system.html' in chapter 'reference/semver.md', linking to hosted HTML book at 'https://doc.rust-lang.org/cargo/reference/../../reference/attributes/type_system.html'    
DEBUG mdbook_pandoc::preprocess: Unable to resolve relative path '../../reference/attributes/type_system.html' in chapter 'reference/semver.md', linking to hosted HTML book at 'https://doc.rust-lang.org/cargo/reference/../../reference/attributes/type_system.html'    
DEBUG mdbook_pandoc::preprocess: Unable to resolve relative path '../../reference/attributes/type_system.html' in chapter 'reference/semver.md', linking to hosted HTML book at 'https://doc.rust-lang.org/cargo/reference/../../reference/attributes/type_system.html'    
DEBUG mdbook_pandoc::preprocess: Unable to resolve relative path '../../rustc/lints/listing/warn-by-default.html' in chapter 'reference/semver.md', linking to hosted HTML book at 'https://doc.rust-lang.org/cargo/reference/../../rustc/lints/listing/warn-by-default.html'    
DEBUG mdbook_pandoc::preprocess: Unable to resolve relative path '../../reference/attributes/diagnostics.html' in chapter 'reference/semver.md', linking to hosted HTML book at 'https://doc.rust-lang.org/cargo/reference/../../reference/attributes/diagnostics.html'    
DEBUG mdbook_pandoc::preprocess: Unable to resolve relative path '../../rustc/lints/listing/warn-by-default.html' in chapter 'reference/semver.md', linking to hosted HTML book at 'https://doc.rust-lang.org/cargo/reference/../../rustc/lints/listing/warn-by-default.html'    
DEBUG mdbook_pandoc::preprocess: Unable to resolve relative path '../../reference/attributes/diagnostics.html' in chapter 'reference/semver.md', linking to hosted HTML book at 'https://doc.rust-lang.org/cargo/reference/../../reference/attributes/diagnostics.html'    
DEBUG mdbook_pandoc::preprocess: Unable to resolve relative path '../../rustc/lints/listing/warn-by-default.html' in chapter 'reference/semver.md', linking to hosted HTML book at 'https://doc.rust-lang.org/cargo/reference/../../rustc/lints/listing/warn-by-default.html'    
DEBUG mdbook_pandoc::preprocess: Unable to resolve relative path '../../rustc/lints/levels.html' in chapter 'reference/semver.md', linking to hosted HTML book at 'https://doc.rust-lang.org/cargo/reference/../../rustc/lints/levels.html'    
DEBUG mdbook_pandoc::preprocess: Unable to resolve relative path '../../book/appendix-07-nightly-rust.html' in chapter 'reference/unstable.md', linking to hosted HTML book at 'https://doc.rust-lang.org/cargo/reference/../../book/appendix-07-nightly-rust.html'    
DEBUG mdbook_pandoc::preprocess: Unable to resolve relative path '../../edition-guide/index.html' in chapter 'reference/unstable.md', linking to hosted HTML book at 'https://doc.rust-lang.org/cargo/reference/../../edition-guide/index.html'    
DEBUG mdbook_pandoc::preprocess: Unable to resolve relative path '../../edition-guide/index.html' in chapter 'reference/unstable.md', linking to hosted HTML book at 'https://doc.rust-lang.org/cargo/reference/../../edition-guide/index.html'    
DEBUG mdbook_pandoc::preprocess: Unable to resolve relative path '../../edition-guide/index.html' in chapter 'appendix/glossary.md', linking to hosted HTML book at 'https://doc.rust-lang.org/cargo/appendix/../../edition-guide/index.html'    
DEBUG mdbook_pandoc::preprocess: Unable to resolve relative path '../../reference/attributes/codegen.html' in chapter 'appendix/glossary.md', linking to hosted HTML book at 'https://doc.rust-lang.org/cargo/appendix/../../reference/attributes/codegen.html'    
DEBUG mdbook_pandoc::pandoc::renderer: Running pandoc    
[WARNING] [makePDF] LaTeX Warning: Hyper reference
  `book__pdf__src__commands__cargomd__option-cargo---offline'
  on $PAGE undefined on input $LINE.
[WARNING] [makePDF] LaTeX Warning: Hyper reference
  `book__pdf__src__commands__cargo-buildmd__option-cargo-build---keep-going'
  on $PAGE undefined on input $LINE.
[WARNING] [makePDF] LaTeX Warning: There were undefined references.
 INFO mdbook_pandoc::pandoc::renderer: Wrote output to book/pdf/book.pdf    

