---
source: src/lib.rs
expression: logs
---
 INFO mdbook::book: Running the pandoc backend    
 WARN mdbook_pandoc::preprocess: Unable to normalize link '../../book/ch07-00-managing-growing-projects-with-packages-crates-and-modules.html' in chapter 'Package Layout': Unable to canonicalize path: $ROOT/src/guide/../../book/ch07-00-managing-growing-projects-with-packages-crates-and-modules.html: No such file or directory (os error 2)    
 WARN mdbook_pandoc::preprocess: Unable to normalize link '../../rustdoc/write-documentation/documentation-tests.html' in chapter 'Tests': Unable to canonicalize path: $ROOT/src/guide/../../rustdoc/write-documentation/documentation-tests.html: No such file or directory (os error 2)    
 WARN mdbook_pandoc::preprocess: Unable to normalize link '../../book/ch11-00-testing.html' in chapter 'Tests': Unable to canonicalize path: $ROOT/src/guide/../../book/ch11-00-testing.html: No such file or directory (os error 2)    
 WARN mdbook_pandoc::preprocess: Unable to normalize link '../../reference/conditional-compilation.html' in chapter 'Specifying Dependencies': Unable to canonicalize path: $ROOT/src/reference/../../reference/conditional-compilation.html: No such file or directory (os error 2)    
 WARN mdbook_pandoc::preprocess: Unable to normalize link '../../std/primitive.char.html#method.is_alphanumeric' in chapter 'The Manifest Format': Unable to canonicalize path: $ROOT/src/reference/../../std/primitive.char.html: No such file or directory (os error 2)    
 WARN mdbook_pandoc::preprocess: Unable to normalize link '../../edition-guide/index.html' in chapter 'The Manifest Format': Unable to canonicalize path: $ROOT/src/reference/../../edition-guide/index.html: No such file or directory (os error 2)    
 WARN mdbook_pandoc::preprocess: Unable to normalize link '../../reference/attributes/testing.html#the-test-attribute' in chapter 'Cargo Targets': Unable to canonicalize path: $ROOT/src/reference/../../reference/attributes/testing.html: No such file or directory (os error 2)    
 WARN mdbook_pandoc::preprocess: Unable to normalize link '../../rustc/tests/index.html' in chapter 'Cargo Targets': Unable to canonicalize path: $ROOT/src/reference/../../rustc/tests/index.html: No such file or directory (os error 2)    
 WARN mdbook_pandoc::preprocess: Unable to normalize link '../../reference/attributes/testing.html#the-test-attribute' in chapter 'Cargo Targets': Unable to canonicalize path: $ROOT/src/reference/../../reference/attributes/testing.html: No such file or directory (os error 2)    
 WARN mdbook_pandoc::preprocess: Unable to normalize link '../../rustdoc/documentation-tests.html' in chapter 'Cargo Targets': Unable to canonicalize path: $ROOT/src/reference/../../rustdoc/documentation-tests.html: No such file or directory (os error 2)    
 WARN mdbook_pandoc::preprocess: Unable to normalize link '../../std/macro.env.html' in chapter 'Cargo Targets': Unable to canonicalize path: $ROOT/src/reference/../../std/macro.env.html: No such file or directory (os error 2)    
 WARN mdbook_pandoc::preprocess: Unable to normalize link '../../unstable-book/library-features/test.html' in chapter 'Cargo Targets': Unable to canonicalize path: $ROOT/src/reference/../../unstable-book/library-features/test.html: No such file or directory (os error 2)    
 WARN mdbook_pandoc::preprocess: Unable to normalize link '../../book/appendix-07-nightly-rust.html' in chapter 'Cargo Targets': Unable to canonicalize path: $ROOT/src/reference/../../book/appendix-07-nightly-rust.html: No such file or directory (os error 2)    
 WARN mdbook_pandoc::preprocess: Unable to normalize link '../../reference/attributes/testing.html#the-test-attribute' in chapter 'Cargo Targets': Unable to canonicalize path: $ROOT/src/reference/../../reference/attributes/testing.html: No such file or directory (os error 2)    
 WARN mdbook_pandoc::preprocess: Unable to normalize link '../../rustdoc/documentation-tests.html' in chapter 'Cargo Targets': Unable to canonicalize path: $ROOT/src/reference/../../rustdoc/documentation-tests.html: No such file or directory (os error 2)    
 WARN mdbook_pandoc::preprocess: Unable to normalize link '../../book/ch19-06-macros.html' in chapter 'Cargo Targets': Unable to canonicalize path: $ROOT/src/reference/../../book/ch19-06-macros.html: No such file or directory (os error 2)    
 WARN mdbook_pandoc::preprocess: Unable to normalize link '../../reference/procedural-macros.html' in chapter 'Cargo Targets': Unable to canonicalize path: $ROOT/src/reference/../../reference/procedural-macros.html: No such file or directory (os error 2)    
 WARN mdbook_pandoc::preprocess: Unable to normalize link '../../rustc/command-line-arguments.html#option-test' in chapter 'Cargo Targets': Unable to canonicalize path: $ROOT/src/reference/../../rustc/command-line-arguments.html: No such file or directory (os error 2)    
 WARN mdbook_pandoc::preprocess: Unable to normalize link '../../reference/attributes/testing.html#the-test-attribute' in chapter 'Cargo Targets': Unable to canonicalize path: $ROOT/src/reference/../../reference/attributes/testing.html: No such file or directory (os error 2)    
 WARN mdbook_pandoc::preprocess: Unable to normalize link '../../reference/conditional-compilation.html#test' in chapter 'Cargo Targets': Unable to canonicalize path: $ROOT/src/reference/../../reference/conditional-compilation.html: No such file or directory (os error 2)    
 WARN mdbook_pandoc::preprocess: Unable to normalize link '../../edition-guide/index.html' in chapter 'Cargo Targets': Unable to canonicalize path: $ROOT/src/reference/../../edition-guide/index.html: No such file or directory (os error 2)    
 WARN mdbook_pandoc::preprocess: Unable to normalize link '../../reference/linkage.html' in chapter 'Cargo Targets': Unable to canonicalize path: $ROOT/src/reference/../../reference/linkage.html: No such file or directory (os error 2)    
 WARN mdbook_pandoc::preprocess: Unable to normalize link '../../reference/linkage.html' in chapter 'Cargo Targets': Unable to canonicalize path: $ROOT/src/reference/../../reference/linkage.html: No such file or directory (os error 2)    
 WARN mdbook_pandoc::preprocess: Unable to normalize link '../../reference/conditional-compilation.md' in chapter 'Features': Unable to canonicalize path: $ROOT/src/reference/../../reference/conditional-compilation.md: No such file or directory (os error 2)    
 WARN mdbook_pandoc::preprocess: Unable to normalize link '../../reference/conditional-compilation.md' in chapter 'Features': Unable to canonicalize path: $ROOT/src/reference/../../reference/conditional-compilation.md: No such file or directory (os error 2)    
 WARN mdbook_pandoc::preprocess: Unable to normalize link '../../rustc/command-line-arguments.md#option-cfg' in chapter 'Features': Unable to canonicalize path: $ROOT/src/reference/../../rustc/command-line-arguments.md: No such file or directory (os error 2)    
 WARN mdbook_pandoc::preprocess: Unable to normalize link '../../reference/conditional-compilation.md#the-cfg-attribute' in chapter 'Features': Unable to canonicalize path: $ROOT/src/reference/../../reference/conditional-compilation.md: No such file or directory (os error 2)    
 WARN mdbook_pandoc::preprocess: Unable to normalize link '../../std/macro.cfg.html' in chapter 'Features': Unable to canonicalize path: $ROOT/src/reference/../../std/macro.cfg.html: No such file or directory (os error 2)    
 WARN mdbook_pandoc::preprocess: Unable to normalize link '../../std/primitive.char.html#method.is_ascii_alphanumeric' in chapter 'Features': Unable to canonicalize path: $ROOT/src/reference/../../std/primitive.char.html: No such file or directory (os error 2)    
 WARN mdbook_pandoc::preprocess: Unable to normalize link '../../reference/names/preludes.html#the-no_std-attribute' in chapter 'Features': Unable to canonicalize path: $ROOT/src/reference/../../reference/names/preludes.html: No such file or directory (os error 2)    
 WARN mdbook_pandoc::preprocess: Unable to normalize link '../../rustdoc/how-to-write-documentation.html' in chapter 'Features': Unable to canonicalize path: $ROOT/src/reference/../../rustdoc/how-to-write-documentation.html: No such file or directory (os error 2)    
 WARN mdbook_pandoc::preprocess: Unable to normalize link '../../unstable-book/language-features/doc-cfg.html' in chapter 'Features': Unable to canonicalize path: $ROOT/src/reference/../../unstable-book/language-features/doc-cfg.html: No such file or directory (os error 2)    
 WARN mdbook_pandoc::preprocess: Unable to normalize link '../../reference/names/preludes.html#the-no_std-attribute' in chapter 'Features Examples': Unable to canonicalize path: $ROOT/src/reference/../../reference/names/preludes.html: No such file or directory (os error 2)    
 WARN mdbook_pandoc::preprocess: Unable to normalize link '../../std/prelude/index.html' in chapter 'Features Examples': Unable to canonicalize path: $ROOT/src/reference/../../std/prelude/index.html: No such file or directory (os error 2)    
 WARN mdbook_pandoc::preprocess: Unable to normalize link '../../book/appendix-07-nightly-rust.html' in chapter 'Features Examples': Unable to canonicalize path: $ROOT/src/reference/../../book/appendix-07-nightly-rust.html: No such file or directory (os error 2)    
 WARN mdbook_pandoc::preprocess: Unable to normalize link '../../std/marker/trait.Unsize.html' in chapter 'Features Examples': Unable to canonicalize path: $ROOT/src/reference/../../std/marker/trait.Unsize.html: No such file or directory (os error 2)    
 WARN mdbook_pandoc::preprocess: Unable to normalize link '../../unstable-book/index.html' in chapter 'Features Examples': Unable to canonicalize path: $ROOT/src/reference/../../unstable-book/index.html: No such file or directory (os error 2)    
 WARN mdbook_pandoc::preprocess: Unable to normalize link '../../rustc/codegen-options/index.html#opt-level' in chapter 'Profiles': Unable to canonicalize path: $ROOT/src/reference/../../rustc/codegen-options/index.html: No such file or directory (os error 2)    
 WARN mdbook_pandoc::preprocess: Unable to normalize link '../../rustc/profile-guided-optimization.html' in chapter 'Profiles': Unable to canonicalize path: $ROOT/src/reference/../../rustc/profile-guided-optimization.html: No such file or directory (os error 2)    
 WARN mdbook_pandoc::preprocess: Unable to normalize link '../../rustc/codegen-options/index.html#debuginfo' in chapter 'Profiles': Unable to canonicalize path: $ROOT/src/reference/../../rustc/codegen-options/index.html: No such file or directory (os error 2)    
 WARN mdbook_pandoc::preprocess: Unable to normalize link '../../rustc/codegen-options/index.html#debuginfo' in chapter 'Profiles': Unable to canonicalize path: $ROOT/src/reference/../../rustc/codegen-options/index.html: No such file or directory (os error 2)    
 WARN mdbook_pandoc::preprocess: Unable to normalize link '../../rustc/codegen-options/index.html#split-debuginfo' in chapter 'Profiles': Unable to canonicalize path: $ROOT/src/reference/../../rustc/codegen-options/index.html: No such file or directory (os error 2)    
 WARN mdbook_pandoc::preprocess: Unable to normalize link '../../rustc/codegen-options/index.html#split-debuginfo' in chapter 'Profiles': Unable to canonicalize path: $ROOT/src/reference/../../rustc/codegen-options/index.html: No such file or directory (os error 2)    
 WARN mdbook_pandoc::preprocess: Unable to normalize link '../../rustc/codegen-options/index.html#split-debuginfo' in chapter 'Profiles': Unable to canonicalize path: $ROOT/src/reference/../../rustc/codegen-options/index.html: No such file or directory (os error 2)    
 WARN mdbook_pandoc::preprocess: Unable to normalize link '../../book/appendix-07-nightly-rust.html' in chapter 'Profiles': Unable to canonicalize path: $ROOT/src/reference/../../book/appendix-07-nightly-rust.html: No such file or directory (os error 2)    
 WARN mdbook_pandoc::preprocess: Unable to normalize link '../../rustc/codegen-options/index.html#strip' in chapter 'Profiles': Unable to canonicalize path: $ROOT/src/reference/../../rustc/codegen-options/index.html: No such file or directory (os error 2)    
 WARN mdbook_pandoc::preprocess: Unable to normalize link '../../rustc/codegen-options/index.html#debug-assertions' in chapter 'Profiles': Unable to canonicalize path: $ROOT/src/reference/../../rustc/codegen-options/index.html: No such file or directory (os error 2)    
 WARN mdbook_pandoc::preprocess: Unable to normalize link '../../reference/conditional-compilation.md#debug_assertions' in chapter 'Profiles': Unable to canonicalize path: $ROOT/src/reference/../../reference/conditional-compilation.md: No such file or directory (os error 2)    
 WARN mdbook_pandoc::preprocess: Unable to normalize link '../../std/macro.debug_assert.html' in chapter 'Profiles': Unable to canonicalize path: $ROOT/src/reference/../../std/macro.debug_assert.html: No such file or directory (os error 2)    
 WARN mdbook_pandoc::preprocess: Unable to normalize link '../../rustc/codegen-options/index.html#overflow-checks' in chapter 'Profiles': Unable to canonicalize path: $ROOT/src/reference/../../rustc/codegen-options/index.html: No such file or directory (os error 2)    
 WARN mdbook_pandoc::preprocess: Unable to normalize link '../../reference/expressions/operator-expr.md#overflow' in chapter 'Profiles': Unable to canonicalize path: $ROOT/src/reference/../../reference/expressions/operator-expr.md: No such file or directory (os error 2)    
 WARN mdbook_pandoc::preprocess: Unable to normalize link '../../rustc/codegen-options/index.html#lto' in chapter 'Profiles': Unable to canonicalize path: $ROOT/src/reference/../../rustc/codegen-options/index.html: No such file or directory (os error 2)    
 WARN mdbook_pandoc::preprocess: Unable to normalize link '../../rustc/codegen-options/index.html#linker-plugin-lto' in chapter 'Profiles': Unable to canonicalize path: $ROOT/src/reference/../../rustc/codegen-options/index.html: No such file or directory (os error 2)    
 WARN mdbook_pandoc::preprocess: Unable to normalize link '../../rustc/codegen-options/index.html#embed-bitcode' in chapter 'Profiles': Unable to canonicalize path: $ROOT/src/reference/../../rustc/codegen-options/index.html: No such file or directory (os error 2)    
 WARN mdbook_pandoc::preprocess: Unable to normalize link '../../rustc/linker-plugin-lto.html' in chapter 'Profiles': Unable to canonicalize path: $ROOT/src/reference/../../rustc/linker-plugin-lto.html: No such file or directory (os error 2)    
 WARN mdbook_pandoc::preprocess: Unable to normalize link '../../rustc/codegen-options/index.html#panic' in chapter 'Profiles': Unable to canonicalize path: $ROOT/src/reference/../../rustc/codegen-options/index.html: No such file or directory (os error 2)    
 WARN mdbook_pandoc::preprocess: Unable to normalize link '../../rustc/codegen-options/index.html#incremental' in chapter 'Profiles': Unable to canonicalize path: $ROOT/src/reference/../../rustc/codegen-options/index.html: No such file or directory (os error 2)    
 WARN mdbook_pandoc::preprocess: Unable to normalize link '../../rustc/codegen-options/index.html#codegen-units' in chapter 'Profiles': Unable to canonicalize path: $ROOT/src/reference/../../rustc/codegen-options/index.html: No such file or directory (os error 2)    
 WARN mdbook_pandoc::preprocess: Unable to normalize link '../../rustc/codegen-options/index.html#rpath' in chapter 'Profiles': Unable to canonicalize path: $ROOT/src/reference/../../rustc/codegen-options/index.html: No such file or directory (os error 2)    
 WARN mdbook_pandoc::preprocess: Unable to normalize link '../../reference/conditional-compilation.html' in chapter 'Configuration': Unable to canonicalize path: $ROOT/src/reference/../../reference/conditional-compilation.html: No such file or directory (os error 2)    
 WARN mdbook_pandoc::preprocess: Unable to normalize link '../../rustc/codegen-options/index.md#linker' in chapter 'Configuration': Unable to canonicalize path: $ROOT/src/reference/../../rustc/codegen-options/index.md: No such file or directory (os error 2)    
 WARN mdbook_pandoc::preprocess: Unable to normalize link '../../reference/conditional-compilation.html' in chapter 'Configuration': Unable to canonicalize path: $ROOT/src/reference/../../reference/conditional-compilation.html: No such file or directory (os error 2)    
 WARN mdbook_pandoc::preprocess: Unable to normalize link '../../reference/conditional-compilation.html' in chapter 'Configuration': Unable to canonicalize path: $ROOT/src/reference/../../reference/conditional-compilation.html: No such file or directory (os error 2)    
 WARN mdbook_pandoc::preprocess: Unable to normalize link '../../reference/conditional-compilation.html' in chapter 'Configuration': Unable to canonicalize path: $ROOT/src/reference/../../reference/conditional-compilation.html: No such file or directory (os error 2)    
 WARN mdbook_pandoc::preprocess: Unable to normalize link '../../std/macro.env.html' in chapter 'Environment Variables': Unable to canonicalize path: $ROOT/src/reference/../../std/macro.env.html: No such file or directory (os error 2)    
 WARN mdbook_pandoc::preprocess: Unable to normalize link '../../reference/conditional-compilation.html' in chapter 'Environment Variables': Unable to canonicalize path: $ROOT/src/reference/../../reference/conditional-compilation.html: No such file or directory (os error 2)    
 WARN mdbook_pandoc::preprocess: Unable to normalize link '../../reference/conditional-compilation.html#unix-and-windows' in chapter 'Environment Variables': Unable to canonicalize path: $ROOT/src/reference/../../reference/conditional-compilation.html: No such file or directory (os error 2)    
 WARN mdbook_pandoc::preprocess: Unable to normalize link '../../reference/conditional-compilation.html#unix-and-windows' in chapter 'Environment Variables': Unable to canonicalize path: $ROOT/src/reference/../../reference/conditional-compilation.html: No such file or directory (os error 2)    
 WARN mdbook_pandoc::preprocess: Unable to normalize link '../../reference/conditional-compilation.html#target_family' in chapter 'Environment Variables': Unable to canonicalize path: $ROOT/src/reference/../../reference/conditional-compilation.html: No such file or directory (os error 2)    
 WARN mdbook_pandoc::preprocess: Unable to normalize link '../../reference/conditional-compilation.html#target_os' in chapter 'Environment Variables': Unable to canonicalize path: $ROOT/src/reference/../../reference/conditional-compilation.html: No such file or directory (os error 2)    
 WARN mdbook_pandoc::preprocess: Unable to normalize link '../../reference/conditional-compilation.html#target_arch' in chapter 'Environment Variables': Unable to canonicalize path: $ROOT/src/reference/../../reference/conditional-compilation.html: No such file or directory (os error 2)    
 WARN mdbook_pandoc::preprocess: Unable to normalize link '../../reference/conditional-compilation.html#target_vendor' in chapter 'Environment Variables': Unable to canonicalize path: $ROOT/src/reference/../../reference/conditional-compilation.html: No such file or directory (os error 2)    
 WARN mdbook_pandoc::preprocess: Unable to normalize link '../../reference/conditional-compilation.html#target_env' in chapter 'Environment Variables': Unable to canonicalize path: $ROOT/src/reference/../../reference/conditional-compilation.html: No such file or directory (os error 2)    
 WARN mdbook_pandoc::preprocess: Unable to normalize link '../../reference/conditional-compilation.html#target_pointer_width' in chapter 'Environment Variables': Unable to canonicalize path: $ROOT/src/reference/../../reference/conditional-compilation.html: No such file or directory (os error 2)    
 WARN mdbook_pandoc::preprocess: Unable to normalize link '../../reference/conditional-compilation.html#target_endian' in chapter 'Environment Variables': Unable to canonicalize path: $ROOT/src/reference/../../reference/conditional-compilation.html: No such file or directory (os error 2)    
 WARN mdbook_pandoc::preprocess: Unable to normalize link '../../reference/conditional-compilation.html#target_feature' in chapter 'Environment Variables': Unable to canonicalize path: $ROOT/src/reference/../../reference/conditional-compilation.html: No such file or directory (os error 2)    
 WARN mdbook_pandoc::preprocess: Unable to normalize link '../../rustc/codegen-options/index.md#link-arg' in chapter 'Build Scripts': Unable to canonicalize path: $ROOT/src/reference/../../rustc/codegen-options/index.md: No such file or directory (os error 2)    
 WARN mdbook_pandoc::preprocess: Unable to normalize link '../../rustc/codegen-options/index.md#link-arg' in chapter 'Build Scripts': Unable to canonicalize path: $ROOT/src/reference/../../rustc/codegen-options/index.md: No such file or directory (os error 2)    
 WARN mdbook_pandoc::preprocess: Unable to normalize link '../../rustc/codegen-options/index.md#link-arg' in chapter 'Build Scripts': Unable to canonicalize path: $ROOT/src/reference/../../rustc/codegen-options/index.md: No such file or directory (os error 2)    
 WARN mdbook_pandoc::preprocess: Unable to normalize link '../../rustc/command-line-arguments.md#option-l-link-lib' in chapter 'Build Scripts': Unable to canonicalize path: $ROOT/src/reference/../../rustc/command-line-arguments.md: No such file or directory (os error 2)    
 WARN mdbook_pandoc::preprocess: Unable to normalize link '../../nomicon/ffi.md' in chapter 'Build Scripts': Unable to canonicalize path: $ROOT/src/reference/../../nomicon/ffi.md: No such file or directory (os error 2)    
 WARN mdbook_pandoc::preprocess: Unable to normalize link '../../rustc/command-line-arguments.md#option-l-link-lib' in chapter 'Build Scripts': Unable to canonicalize path: $ROOT/src/reference/../../rustc/command-line-arguments.md: No such file or directory (os error 2)    
 WARN mdbook_pandoc::preprocess: Unable to normalize link '../../rustc/codegen-options/index.md#link-arg' in chapter 'Build Scripts': Unable to canonicalize path: $ROOT/src/reference/../../rustc/codegen-options/index.md: No such file or directory (os error 2)    
 WARN mdbook_pandoc::preprocess: Unable to normalize link '../../rustc/codegen-options/index.md#link-arg' in chapter 'Build Scripts': Unable to canonicalize path: $ROOT/src/reference/../../rustc/codegen-options/index.md: No such file or directory (os error 2)    
 WARN mdbook_pandoc::preprocess: Unable to normalize link '../../rustc/codegen-options/index.md#link-arg' in chapter 'Build Scripts': Unable to canonicalize path: $ROOT/src/reference/../../rustc/codegen-options/index.md: No such file or directory (os error 2)    
 WARN mdbook_pandoc::preprocess: Unable to normalize link '../../rustc/command-line-arguments.md#option-l-search-path' in chapter 'Build Scripts': Unable to canonicalize path: $ROOT/src/reference/../../rustc/command-line-arguments.md: No such file or directory (os error 2)    
 WARN mdbook_pandoc::preprocess: Unable to normalize link '../../rustc/command-line-arguments.md#option-l-search-path' in chapter 'Build Scripts': Unable to canonicalize path: $ROOT/src/reference/../../rustc/command-line-arguments.md: No such file or directory (os error 2)    
 WARN mdbook_pandoc::preprocess: Unable to normalize link '../../rustc/command-line-arguments.md#option-cfg' in chapter 'Build Scripts': Unable to canonicalize path: $ROOT/src/reference/../../rustc/command-line-arguments.md: No such file or directory (os error 2)    
 WARN mdbook_pandoc::preprocess: Unable to normalize link '../../reference/conditional-compilation.md' in chapter 'Build Scripts': Unable to canonicalize path: $ROOT/src/reference/../../reference/conditional-compilation.md: No such file or directory (os error 2)    
 WARN mdbook_pandoc::preprocess: Unable to normalize link '../../std/macro.env.html' in chapter 'Build Scripts': Unable to canonicalize path: $ROOT/src/reference/../../std/macro.env.html: No such file or directory (os error 2)    
 WARN mdbook_pandoc::preprocess: Unable to normalize link '../../rustc/codegen-options/index.md#link-arg' in chapter 'Build Scripts': Unable to canonicalize path: $ROOT/src/reference/../../rustc/codegen-options/index.md: No such file or directory (os error 2)    
 WARN mdbook_pandoc::preprocess: Unable to normalize link '../../std/macro.include.html' in chapter 'Build Script Examples': Unable to canonicalize path: $ROOT/src/reference/../../std/macro.include.html: No such file or directory (os error 2)    
 WARN mdbook_pandoc::preprocess: Unable to normalize link '../../std/macro.concat.html' in chapter 'Build Script Examples': Unable to canonicalize path: $ROOT/src/reference/../../std/macro.concat.html: No such file or directory (os error 2)    
 WARN mdbook_pandoc::preprocess: Unable to normalize link '../../std/macro.env.html' in chapter 'Build Script Examples': Unable to canonicalize path: $ROOT/src/reference/../../std/macro.env.html: No such file or directory (os error 2)    
 WARN mdbook_pandoc::preprocess: Unable to normalize link '../../reference/conditional-compilation.md#the-cfg-attribute' in chapter 'Build Script Examples': Unable to canonicalize path: $ROOT/src/reference/../../reference/conditional-compilation.md: No such file or directory (os error 2)    
 WARN mdbook_pandoc::preprocess: Unable to normalize link '../../std/macro.cfg.html' in chapter 'Build Script Examples': Unable to canonicalize path: $ROOT/src/reference/../../std/macro.cfg.html: No such file or directory (os error 2)    
 WARN mdbook_pandoc::preprocess: Unable to normalize link '../../rustc/json.md' in chapter 'External Tools': Unable to canonicalize path: $ROOT/src/reference/../../rustc/json.md: No such file or directory (os error 2)    
 WARN mdbook_pandoc::preprocess: Unable to normalize link '../../std/primitive.char.html#method.is_alphanumeric' in chapter 'Registry Index': Unable to canonicalize path: $ROOT/src/reference/../../std/primitive.char.html: No such file or directory (os error 2)    
 WARN mdbook_pandoc::preprocess: Heading (level h4) converted to paragraph in chapter: Registry Index    
 WARN mdbook_pandoc::preprocess: Heading (level h4) converted to paragraph in chapter: Registry Index    
 WARN mdbook_pandoc::preprocess: Heading (level h4) converted to paragraph in chapter: Registry Index    
 WARN mdbook_pandoc::preprocess: Heading (level h4) converted to paragraph in chapter: Registry Index    
 WARN mdbook_pandoc::preprocess: Heading (level h4) converted to paragraph in chapter: Registry Index    
 WARN mdbook_pandoc::preprocess: Unable to normalize link '../../std/any/trait.Any.html#method.downcast_ref' in chapter 'Dependency Resolution': Unable to canonicalize path: $ROOT/src/reference/../../std/any/trait.Any.html: No such file or directory (os error 2)    
 WARN mdbook_pandoc::preprocess: Unable to normalize link '../../reference/items.html' in chapter 'SemVer Compatibility': Unable to canonicalize path: $ROOT/src/reference/../../reference/items.html: No such file or directory (os error 2)    
 WARN mdbook_pandoc::preprocess: Unable to normalize link '../../reference/conditional-compilation.md#the-cfg-attribute' in chapter 'SemVer Compatibility': Unable to canonicalize path: $ROOT/src/reference/../../reference/conditional-compilation.md: No such file or directory (os error 2)    
 WARN mdbook_pandoc::preprocess: Unable to normalize link '../../reference/conditional-compilation.md' in chapter 'SemVer Compatibility': Unable to canonicalize path: $ROOT/src/reference/../../reference/conditional-compilation.md: No such file or directory (os error 2)    
 WARN mdbook_pandoc::preprocess: Unable to normalize link '../../reference/attributes/diagnostics.html#the-deprecated-attribute' in chapter 'SemVer Compatibility': Unable to canonicalize path: $ROOT/src/reference/../../reference/attributes/diagnostics.html: No such file or directory (os error 2)    
 WARN mdbook_pandoc::preprocess: Unable to normalize link '../../reference/attributes/diagnostics.html#the-deprecated-attribute' in chapter 'SemVer Compatibility': Unable to canonicalize path: $ROOT/src/reference/../../reference/attributes/diagnostics.html: No such file or directory (os error 2)    
 WARN mdbook_pandoc::preprocess: Unable to normalize link '../../reference/items/use-declarations.html' in chapter 'SemVer Compatibility': Unable to canonicalize path: $ROOT/src/reference/../../reference/items/use-declarations.html: No such file or directory (os error 2)    
 WARN mdbook_pandoc::preprocess: Unable to normalize link '../../reference/items.html' in chapter 'SemVer Compatibility': Unable to canonicalize path: $ROOT/src/reference/../../reference/items.html: No such file or directory (os error 2)    
 WARN mdbook_pandoc::preprocess: Unable to normalize link '../../reference/type-layout.html#the-default-representation' in chapter 'SemVer Compatibility': Unable to canonicalize path: $ROOT/src/reference/../../reference/type-layout.html: No such file or directory (os error 2)    
 WARN mdbook_pandoc::preprocess: Unable to normalize link '../../reference/type-layout.html#primitive-representations' in chapter 'SemVer Compatibility': Unable to canonicalize path: $ROOT/src/reference/../../reference/type-layout.html: No such file or directory (os error 2)    
 WARN mdbook_pandoc::preprocess: Unable to normalize link '../../reference/type-layout.html#representations' in chapter 'SemVer Compatibility': Unable to canonicalize path: $ROOT/src/reference/../../reference/type-layout.html: No such file or directory (os error 2)    
 WARN mdbook_pandoc::preprocess: Unable to normalize link '../../std/cell/struct.UnsafeCell.html#memory-layout' in chapter 'SemVer Compatibility': Unable to canonicalize path: $ROOT/src/reference/../../std/cell/struct.UnsafeCell.html: No such file or directory (os error 2)    
 WARN mdbook_pandoc::preprocess: Unable to normalize link '../../reference/type-layout.html#the-default-representation' in chapter 'SemVer Compatibility': Unable to canonicalize path: $ROOT/src/reference/../../reference/type-layout.html: No such file or directory (os error 2)    
 WARN mdbook_pandoc::preprocess: Unable to normalize link '../../reference/type-layout.html#primitive-representations' in chapter 'SemVer Compatibility': Unable to canonicalize path: $ROOT/src/reference/../../reference/type-layout.html: No such file or directory (os error 2)    
 WARN mdbook_pandoc::preprocess: Unable to normalize link '../../reference/type-layout.html#the-default-representation' in chapter 'SemVer Compatibility': Unable to canonicalize path: $ROOT/src/reference/../../reference/type-layout.html: No such file or directory (os error 2)    
 WARN mdbook_pandoc::preprocess: Unable to normalize link '../../reference/type-layout.html#the-default-representation' in chapter 'SemVer Compatibility': Unable to canonicalize path: $ROOT/src/reference/../../reference/type-layout.html: No such file or directory (os error 2)    
 WARN mdbook_pandoc::preprocess: Unable to normalize link '../../edition-guide/rust-2021/disjoint-capture-in-closures.html' in chapter 'SemVer Compatibility': Unable to canonicalize path: $ROOT/src/reference/../../edition-guide/rust-2021/disjoint-capture-in-closures.html: No such file or directory (os error 2)    
 WARN mdbook_pandoc::preprocess: Unable to normalize link '../../std/mem/fn.transmute.html' in chapter 'SemVer Compatibility': Unable to canonicalize path: $ROOT/src/reference/../../std/mem/fn.transmute.html: No such file or directory (os error 2)    
 WARN mdbook_pandoc::preprocess: Unable to normalize link '../../std/mem/fn.transmute.html' in chapter 'SemVer Compatibility': Unable to canonicalize path: $ROOT/src/reference/../../std/mem/fn.transmute.html: No such file or directory (os error 2)    
 WARN mdbook_pandoc::preprocess: Unable to normalize link '../../reference/expressions/struct-expr.html' in chapter 'SemVer Compatibility': Unable to canonicalize path: $ROOT/src/reference/../../reference/expressions/struct-expr.html: No such file or directory (os error 2)    
 WARN mdbook_pandoc::preprocess: Unable to normalize link '../../reference/attributes/type_system.html#the-non_exhaustive-attribute' in chapter 'SemVer Compatibility': Unable to canonicalize path: $ROOT/src/reference/../../reference/attributes/type_system.html: No such file or directory (os error 2)    
 WARN mdbook_pandoc::preprocess: Unable to normalize link '../../std/default/trait.Default.html' in chapter 'SemVer Compatibility': Unable to canonicalize path: $ROOT/src/reference/../../std/default/trait.Default.html: No such file or directory (os error 2)    
 WARN mdbook_pandoc::preprocess: Unable to normalize link '../../reference/expressions/struct-expr.html' in chapter 'SemVer Compatibility': Unable to canonicalize path: $ROOT/src/reference/../../reference/expressions/struct-expr.html: No such file or directory (os error 2)    
 WARN mdbook_pandoc::preprocess: Unable to normalize link '../../reference/attributes/type_system.html#the-non_exhaustive-attribute' in chapter 'SemVer Compatibility': Unable to canonicalize path: $ROOT/src/reference/../../reference/attributes/type_system.html: No such file or directory (os error 2)    
 WARN mdbook_pandoc::preprocess: Unable to normalize link '../../std/default/trait.Default.html' in chapter 'SemVer Compatibility': Unable to canonicalize path: $ROOT/src/reference/../../std/default/trait.Default.html: No such file or directory (os error 2)    
 WARN mdbook_pandoc::preprocess: Unable to normalize link '../../reference/expressions/struct-expr.html' in chapter 'SemVer Compatibility': Unable to canonicalize path: $ROOT/src/reference/../../reference/expressions/struct-expr.html: No such file or directory (os error 2)    
 WARN mdbook_pandoc::preprocess: Unable to normalize link '../../reference/expressions/struct-expr.html' in chapter 'SemVer Compatibility': Unable to canonicalize path: $ROOT/src/reference/../../reference/expressions/struct-expr.html: No such file or directory (os error 2)    
 WARN mdbook_pandoc::preprocess: Unable to normalize link '../../reference/attributes/type_system.html#the-non_exhaustive-attribute' in chapter 'SemVer Compatibility': Unable to canonicalize path: $ROOT/src/reference/../../reference/attributes/type_system.html: No such file or directory (os error 2)    
 WARN mdbook_pandoc::preprocess: Unable to normalize link '../../reference/attributes/type_system.html#the-non_exhaustive-attribute' in chapter 'SemVer Compatibility': Unable to canonicalize path: $ROOT/src/reference/../../reference/attributes/type_system.html: No such file or directory (os error 2)    
 WARN mdbook_pandoc::preprocess: Unable to normalize link '../../reference/patterns.html#wildcard-pattern' in chapter 'SemVer Compatibility': Unable to canonicalize path: $ROOT/src/reference/../../reference/patterns.html: No such file or directory (os error 2)    
 WARN mdbook_pandoc::preprocess: Unable to normalize link '../../reference/attributes/type_system.html#the-non_exhaustive-attribute' in chapter 'SemVer Compatibility': Unable to canonicalize path: $ROOT/src/reference/../../reference/attributes/type_system.html: No such file or directory (os error 2)    
 WARN mdbook_pandoc::preprocess: Unable to normalize link '../../reference/items/implementations.html#inherent-implementations' in chapter 'SemVer Compatibility': Unable to canonicalize path: $ROOT/src/reference/../../reference/items/implementations.html: No such file or directory (os error 2)    
 WARN mdbook_pandoc::preprocess: Unable to normalize link '../../reference/expressions/call-expr.html#disambiguating-function-calls' in chapter 'SemVer Compatibility': Unable to canonicalize path: $ROOT/src/reference/../../reference/expressions/call-expr.html: No such file or directory (os error 2)    
 WARN mdbook_pandoc::preprocess: Unable to normalize link '../../reference/items/traits.html#object-safety' in chapter 'SemVer Compatibility': Unable to canonicalize path: $ROOT/src/reference/../../reference/items/traits.html: No such file or directory (os error 2)    
 WARN mdbook_pandoc::preprocess: Unable to normalize link '../../reference/expressions/call-expr.html#disambiguating-function-calls' in chapter 'SemVer Compatibility': Unable to canonicalize path: $ROOT/src/reference/../../reference/expressions/call-expr.html: No such file or directory (os error 2)    
 WARN mdbook_pandoc::preprocess: Unable to normalize link '../../reference/attributes/diagnostics.html#the-deprecated-attribute' in chapter 'SemVer Compatibility': Unable to canonicalize path: $ROOT/src/reference/../../reference/attributes/diagnostics.html: No such file or directory (os error 2)    
 WARN mdbook_pandoc::preprocess: Unable to normalize link '../../rustc/lints/listing/warn-by-default.html#unused-unsafe' in chapter 'SemVer Compatibility': Unable to canonicalize path: $ROOT/src/reference/../../rustc/lints/listing/warn-by-default.html: No such file or directory (os error 2)    
 WARN mdbook_pandoc::preprocess: Unable to normalize link '../../reference/names/preludes.html#the-no_std-attribute' in chapter 'SemVer Compatibility': Unable to canonicalize path: $ROOT/src/reference/../../reference/names/preludes.html: No such file or directory (os error 2)    
 WARN mdbook_pandoc::preprocess: Unable to normalize link '../../reference/attributes/type_system.html#the-non_exhaustive-attribute' in chapter 'SemVer Compatibility': Unable to canonicalize path: $ROOT/src/reference/../../reference/attributes/type_system.html: No such file or directory (os error 2)    
 WARN mdbook_pandoc::preprocess: Unable to normalize link '../../reference/expressions/struct-expr.html' in chapter 'SemVer Compatibility': Unable to canonicalize path: $ROOT/src/reference/../../reference/expressions/struct-expr.html: No such file or directory (os error 2)    
 WARN mdbook_pandoc::preprocess: Unable to normalize link '../../reference/expressions/struct-expr.html#functional-update-syntax' in chapter 'SemVer Compatibility': Unable to canonicalize path: $ROOT/src/reference/../../reference/expressions/struct-expr.html: No such file or directory (os error 2)    
 WARN mdbook_pandoc::preprocess: Unable to normalize link '../../reference/expressions/struct-expr.html' in chapter 'SemVer Compatibility': Unable to canonicalize path: $ROOT/src/reference/../../reference/expressions/struct-expr.html: No such file or directory (os error 2)    
 WARN mdbook_pandoc::preprocess: Unable to normalize link '../../reference/attributes/type_system.html#the-non_exhaustive-attribute' in chapter 'SemVer Compatibility': Unable to canonicalize path: $ROOT/src/reference/../../reference/attributes/type_system.html: No such file or directory (os error 2)    
 WARN mdbook_pandoc::preprocess: Unable to normalize link '../../reference/attributes/type_system.html#the-non_exhaustive-attribute' in chapter 'SemVer Compatibility': Unable to canonicalize path: $ROOT/src/reference/../../reference/attributes/type_system.html: No such file or directory (os error 2)    
 WARN mdbook_pandoc::preprocess: Unable to normalize link '../../reference/attributes/type_system.html#the-non_exhaustive-attribute' in chapter 'SemVer Compatibility': Unable to canonicalize path: $ROOT/src/reference/../../reference/attributes/type_system.html: No such file or directory (os error 2)    
 WARN mdbook_pandoc::preprocess: Unable to normalize link '../../reference/attributes/type_system.html#the-non_exhaustive-attribute' in chapter 'SemVer Compatibility': Unable to canonicalize path: $ROOT/src/reference/../../reference/attributes/type_system.html: No such file or directory (os error 2)    
 WARN mdbook_pandoc::preprocess: Unable to normalize link '../../rustc/lints/listing/warn-by-default.html#deprecated' in chapter 'SemVer Compatibility': Unable to canonicalize path: $ROOT/src/reference/../../rustc/lints/listing/warn-by-default.html: No such file or directory (os error 2)    
 WARN mdbook_pandoc::preprocess: Unable to normalize link '../../reference/attributes/diagnostics.html#the-deprecated-attribute' in chapter 'SemVer Compatibility': Unable to canonicalize path: $ROOT/src/reference/../../reference/attributes/diagnostics.html: No such file or directory (os error 2)    
 WARN mdbook_pandoc::preprocess: Unable to normalize link '../../rustc/lints/listing/warn-by-default.html#unused-must-use' in chapter 'SemVer Compatibility': Unable to canonicalize path: $ROOT/src/reference/../../rustc/lints/listing/warn-by-default.html: No such file or directory (os error 2)    
 WARN mdbook_pandoc::preprocess: Unable to normalize link '../../reference/attributes/diagnostics.html#the-must_use-attribute' in chapter 'SemVer Compatibility': Unable to canonicalize path: $ROOT/src/reference/../../reference/attributes/diagnostics.html: No such file or directory (os error 2)    
 WARN mdbook_pandoc::preprocess: Unable to normalize link '../../rustc/lints/listing/warn-by-default.html#unused-unsafe' in chapter 'SemVer Compatibility': Unable to canonicalize path: $ROOT/src/reference/../../rustc/lints/listing/warn-by-default.html: No such file or directory (os error 2)    
 WARN mdbook_pandoc::preprocess: Unable to normalize link '../../rustc/lints/levels.html#capping-lints' in chapter 'SemVer Compatibility': Unable to canonicalize path: $ROOT/src/reference/../../rustc/lints/levels.html: No such file or directory (os error 2)    
 WARN mdbook_pandoc::preprocess: Unable to normalize link '../../book/appendix-07-nightly-rust.html' in chapter 'Unstable Features': Unable to canonicalize path: $ROOT/src/reference/../../book/appendix-07-nightly-rust.html: No such file or directory (os error 2)    
 WARN mdbook_pandoc::preprocess: Unable to normalize link '../../edition-guide/index.html' in chapter 'Unstable Features': Unable to canonicalize path: $ROOT/src/reference/../../edition-guide/index.html: No such file or directory (os error 2)    
 WARN mdbook_pandoc::preprocess: Unable to normalize link '../../edition-guide/index.html' in chapter 'Unstable Features': Unable to canonicalize path: $ROOT/src/reference/../../edition-guide/index.html: No such file or directory (os error 2)    
 WARN mdbook_pandoc::preprocess: Unable to normalize link 'help@crates.io' in chapter 'cargo yank': Unable to canonicalize path: $ROOT/src/commands/help@crates.io: No such file or directory (os error 2)    
 WARN mdbook_pandoc::preprocess: Unable to normalize link '../../edition-guide/index.html' in chapter 'Appendix: Glossary': Unable to canonicalize path: $ROOT/src/appendix/../../edition-guide/index.html: No such file or directory (os error 2)    
 WARN mdbook_pandoc::preprocess: Unable to normalize link '../../reference/attributes/codegen.html#the-target_feature-attribute' in chapter 'Appendix: Glossary': Unable to canonicalize path: $ROOT/src/appendix/../../reference/attributes/codegen.html: No such file or directory (os error 2)    
[WARNING] Missing character: There is no ɑ (U+0251) (U+0251) in font [lmroman10-regular]:mapping=t
 INFO mdbook_pandoc::render: Wrote output to book/pdf/book.pdf    

