---
source: src/lib.rs
expression: logs
---
 INFO mdbook::book: Running the pandoc backend    
 INFO mdbook_pandoc: Processing redirects in [output.html.redirect]    
 WARN mdbook_pandoc::preprocess: Failed to resolve redirect: /rust-2018/cargo-and-crates-io/cargo-can-use-a-local-registry-replacement.html => ../../../cargo/reference/source-replacement.html: Unable to normalize redirect destination: Unable to canonicalize path: $ROOT/book/pdf/src/rust-2018/cargo-and-crates-io/../../../cargo/reference/source-replacement.html: No such file or directory (os error 2)    
 WARN mdbook_pandoc::preprocess: Failed to resolve redirect: /rust-2018/cargo-and-crates-io/cargo-check-for-faster-checking.html => ../../../cargo/commands/cargo-check.html: Unable to normalize redirect destination: Unable to canonicalize path: $ROOT/book/pdf/src/rust-2018/cargo-and-crates-io/../../../cargo/commands/cargo-check.html: No such file or directory (os error 2)    
 WARN mdbook_pandoc::preprocess: Failed to resolve redirect: /rust-2018/cargo-and-crates-io/cargo-install-for-easy-installation-of-tools.html => ../../../cargo/commands/cargo-install.html: Unable to normalize redirect destination: Unable to canonicalize path: $ROOT/book/pdf/src/rust-2018/cargo-and-crates-io/../../../cargo/commands/cargo-install.html: No such file or directory (os error 2)    
 WARN mdbook_pandoc::preprocess: Failed to resolve redirect: /rust-2018/cargo-and-crates-io/cargo-rustc-for-passing-arbitrary-flags-to-rustc.html => ../../../cargo/commands/cargo-rustc.html: Unable to normalize redirect destination: Unable to canonicalize path: $ROOT/book/pdf/src/rust-2018/cargo-and-crates-io/../../../cargo/commands/cargo-rustc.html: No such file or directory (os error 2)    
 WARN mdbook_pandoc::preprocess: Failed to resolve redirect: /rust-2018/cargo-and-crates-io/cargo-workspaces-for-multi-package-projects.html => ../../../cargo/reference/workspaces.html: Unable to normalize redirect destination: Unable to canonicalize path: $ROOT/book/pdf/src/rust-2018/cargo-and-crates-io/../../../cargo/reference/workspaces.html: No such file or directory (os error 2)    
 WARN mdbook_pandoc::preprocess: Failed to resolve redirect: /rust-2018/cargo-and-crates-io/index.html => ../../../cargo/index.html: Unable to normalize redirect destination: Unable to canonicalize path: $ROOT/book/pdf/src/rust-2018/cargo-and-crates-io/../../../cargo/index.html: No such file or directory (os error 2)    
 WARN mdbook_pandoc::preprocess: Failed to resolve redirect: /rust-2018/cargo-and-crates-io/multi-file-examples.html => ../../../cargo/guide/project-layout.html: Unable to normalize redirect destination: Unable to canonicalize path: $ROOT/book/pdf/src/rust-2018/cargo-and-crates-io/../../../cargo/guide/project-layout.html: No such file or directory (os error 2)    
 WARN mdbook_pandoc::preprocess: Failed to resolve redirect: /rust-2018/cargo-and-crates-io/replacing-dependencies-with-patch.html => ../../../cargo/reference/overriding-dependencies.html#the-patch-section: Unable to normalize redirect destination: Unable to canonicalize path: $ROOT/book/pdf/src/rust-2018/cargo-and-crates-io/../../../cargo/reference/overriding-dependencies.html: No such file or directory (os error 2)    
 WARN mdbook_pandoc::preprocess: Failed to resolve redirect: /rust-2018/control-flow/index.html => ../../../rust-by-example/flow_control.html: Unable to normalize redirect destination: Unable to canonicalize path: $ROOT/book/pdf/src/rust-2018/control-flow/../../../rust-by-example/flow_control.html: No such file or directory (os error 2)    
 WARN mdbook_pandoc::preprocess: Failed to resolve redirect: /rust-2018/control-flow/loops-can-break-with-a-value.html => ../../../rust-by-example/flow_control/loop/return.html: Unable to normalize redirect destination: Unable to canonicalize path: $ROOT/book/pdf/src/rust-2018/control-flow/../../../rust-by-example/flow_control/loop/return.html: No such file or directory (os error 2)    
 WARN mdbook_pandoc::preprocess: Failed to resolve redirect: /rust-2018/data-types/choosing-alignment-with-the-repr-attribute.html => ../../../reference/type-layout.html#representations: Unable to normalize redirect destination: Unable to canonicalize path: $ROOT/book/pdf/src/rust-2018/data-types/../../../reference/type-layout.html: No such file or directory (os error 2)    
 WARN mdbook_pandoc::preprocess: Failed to resolve redirect: /rust-2018/data-types/field-init-shorthand.html => ../../../reference/expressions/struct-expr.html#struct-field-init-shorthand: Unable to normalize redirect destination: Unable to canonicalize path: $ROOT/book/pdf/src/rust-2018/data-types/../../../reference/expressions/struct-expr.html: No such file or directory (os error 2)    
 WARN mdbook_pandoc::preprocess: Failed to resolve redirect: /rust-2018/data-types/operator-equals-are-now-implementable.html => ../../../std/ops/index.html: Unable to normalize redirect destination: Unable to canonicalize path: $ROOT/book/pdf/src/rust-2018/data-types/../../../std/ops/index.html: No such file or directory (os error 2)    
 WARN mdbook_pandoc::preprocess: Failed to resolve redirect: /rust-2018/data-types/union-for-an-unsafe-form-of-enum.html => ../../../reference/items/unions.html: Unable to normalize redirect destination: Unable to canonicalize path: $ROOT/book/pdf/src/rust-2018/data-types/../../../reference/items/unions.html: No such file or directory (os error 2)    
 WARN mdbook_pandoc::preprocess: Failed to resolve redirect: /rust-2018/documentation/index.html => ../../../index.html: Unable to normalize redirect destination: Unable to canonicalize path: $ROOT/book/pdf/src/rust-2018/documentation/../../../index.html: No such file or directory (os error 2)    
 WARN mdbook_pandoc::preprocess: Failed to resolve redirect: /rust-2018/documentation/new-editions-of-the-book.html => ../../../book/index.html: Unable to normalize redirect destination: Unable to canonicalize path: $ROOT/book/pdf/src/rust-2018/documentation/../../../book/index.html: No such file or directory (os error 2)    
 WARN mdbook_pandoc::preprocess: Failed to resolve redirect: /rust-2018/documentation/std-os-has-documentation-for-all-platforms.html => ../../../std/os/index.html: Unable to normalize redirect destination: Unable to canonicalize path: $ROOT/book/pdf/src/rust-2018/documentation/../../../std/os/index.html: No such file or directory (os error 2)    
 WARN mdbook_pandoc::preprocess: Failed to resolve redirect: /rust-2018/documentation/the-rust-bookshelf.html => ../../../index.html: Unable to normalize redirect destination: Unable to canonicalize path: $ROOT/book/pdf/src/rust-2018/documentation/../../../index.html: No such file or directory (os error 2)    
 WARN mdbook_pandoc::preprocess: Failed to resolve redirect: /rust-2018/documentation/the-rustonomicon.html => ../../../nomicon/index.html: Unable to normalize redirect destination: Unable to canonicalize path: $ROOT/book/pdf/src/rust-2018/documentation/../../../nomicon/index.html: No such file or directory (os error 2)    
 WARN mdbook_pandoc::preprocess: Failed to resolve redirect: /rust-2018/error-handling-and-panics/aborting-on-panic.html => ../../../book/ch09-01-unrecoverable-errors-with-panic.html: Unable to normalize redirect destination: Unable to canonicalize path: $ROOT/book/pdf/src/rust-2018/error-handling-and-panics/../../../book/ch09-01-unrecoverable-errors-with-panic.html: No such file or directory (os error 2)    
 WARN mdbook_pandoc::preprocess: Failed to resolve redirect: /rust-2018/error-handling-and-panics/index.html => ../../../book/ch09-00-error-handling.html: Unable to normalize redirect destination: Unable to canonicalize path: $ROOT/book/pdf/src/rust-2018/error-handling-and-panics/../../../book/ch09-00-error-handling.html: No such file or directory (os error 2)    
 WARN mdbook_pandoc::preprocess: Failed to resolve redirect: /rust-2018/error-handling-and-panics/question-mark-in-main-and-tests.html => ../../../rust-by-example/error/result.html#using-result-in-main: Unable to normalize redirect destination: Unable to canonicalize path: $ROOT/book/pdf/src/rust-2018/error-handling-and-panics/../../../rust-by-example/error/result.html: No such file or directory (os error 2)    
 WARN mdbook_pandoc::preprocess: Failed to resolve redirect: /rust-2018/error-handling-and-panics/the-question-mark-operator-for-easier-error-handling.html => ../../../book/ch09-02-recoverable-errors-with-result.html: Unable to normalize redirect destination: Unable to canonicalize path: $ROOT/book/pdf/src/rust-2018/error-handling-and-panics/../../../book/ch09-02-recoverable-errors-with-result.html: No such file or directory (os error 2)    
 WARN mdbook_pandoc::preprocess: Failed to resolve redirect: /rust-2018/macros/at-most-once.html => ../../../reference/macros-by-example.html#repetitions: Unable to normalize redirect destination: Unable to canonicalize path: $ROOT/book/pdf/src/rust-2018/macros/../../../reference/macros-by-example.html: No such file or directory (os error 2)    
 WARN mdbook_pandoc::preprocess: Failed to resolve redirect: /rust-2018/macros/custom-derive.html => ../../../book/ch19-06-macros.html#how-to-write-a-custom-derive-macro: Unable to normalize redirect destination: Unable to canonicalize path: $ROOT/book/pdf/src/rust-2018/macros/../../../book/ch19-06-macros.html: No such file or directory (os error 2)    
 WARN mdbook_pandoc::preprocess: Failed to resolve redirect: /rust-2018/macros/index.html => ../../../book/ch19-06-macros.html: Unable to normalize redirect destination: Unable to canonicalize path: $ROOT/book/pdf/src/rust-2018/macros/../../../book/ch19-06-macros.html: No such file or directory (os error 2)    
 WARN mdbook_pandoc::preprocess: Failed to resolve redirect: /rust-2018/macros/macro-changes.html => ../../../book/ch19-06-macros.html: Unable to normalize redirect destination: Unable to canonicalize path: $ROOT/book/pdf/src/rust-2018/macros/../../../book/ch19-06-macros.html: No such file or directory (os error 2)    
 WARN mdbook_pandoc::preprocess: Failed to resolve redirect: /rust-2018/module-system/more-visibility-modifiers.html => ../../../reference/visibility-and-privacy.html: Unable to normalize redirect destination: Unable to canonicalize path: $ROOT/book/pdf/src/rust-2018/module-system/../../../reference/visibility-and-privacy.html: No such file or directory (os error 2)    
 WARN mdbook_pandoc::preprocess: Failed to resolve redirect: /rust-2018/module-system/nested-imports-with-use.html => ../../../rust-by-example/mod/use.html: Unable to normalize redirect destination: Unable to canonicalize path: $ROOT/book/pdf/src/rust-2018/module-system/../../../rust-by-example/mod/use.html: No such file or directory (os error 2)    
 WARN mdbook_pandoc::preprocess: Failed to resolve redirect: /rust-2018/module-system/raw-identifiers.html => ../../../rust-by-example/compatibility/raw_identifiers.html: Unable to normalize redirect destination: Unable to canonicalize path: $ROOT/book/pdf/src/rust-2018/module-system/../../../rust-by-example/compatibility/raw_identifiers.html: No such file or directory (os error 2)    
 WARN mdbook_pandoc::preprocess: Failed to resolve redirect: /rust-2018/ownership-and-lifetimes/index.html => ../../../book/ch04-00-understanding-ownership.html: Unable to normalize redirect destination: Unable to canonicalize path: $ROOT/book/pdf/src/rust-2018/ownership-and-lifetimes/../../../book/ch04-00-understanding-ownership.html: No such file or directory (os error 2)    
 WARN mdbook_pandoc::preprocess: Failed to resolve redirect: /rust-2018/ownership-and-lifetimes/simpler-lifetimes-in-static-and-const.html => ../../../reference/lifetime-elision.html#static-lifetime-elision: Unable to normalize redirect destination: Unable to canonicalize path: $ROOT/book/pdf/src/rust-2018/ownership-and-lifetimes/../../../reference/lifetime-elision.html: No such file or directory (os error 2)    
 WARN mdbook_pandoc::preprocess: Failed to resolve redirect: /rust-2018/platform-and-target-support/index.html => ../../../rustc/targets/index.html: Unable to normalize redirect destination: Unable to canonicalize path: $ROOT/book/pdf/src/rust-2018/platform-and-target-support/../../../rustc/targets/index.html: No such file or directory (os error 2)    
 WARN mdbook_pandoc::preprocess: Failed to resolve redirect: /rust-2018/platform-and-target-support/libcore-for-low-level-rust.html => ../../../core/index.html: Unable to normalize redirect destination: Unable to canonicalize path: $ROOT/book/pdf/src/rust-2018/platform-and-target-support/../../../core/index.html: No such file or directory (os error 2)    
 WARN mdbook_pandoc::preprocess: Failed to resolve redirect: /rust-2018/platform-and-target-support/msvc-toolchain-support.html => ../../../rustc/platform-support.html: Unable to normalize redirect destination: Unable to canonicalize path: $ROOT/book/pdf/src/rust-2018/platform-and-target-support/../../../rustc/platform-support.html: No such file or directory (os error 2)    
 WARN mdbook_pandoc::preprocess: Failed to resolve redirect: /rust-2018/platform-and-target-support/musl-support-for-fully-static-binaries.html => ../../../rustc/platform-support.html: Unable to normalize redirect destination: Unable to canonicalize path: $ROOT/book/pdf/src/rust-2018/platform-and-target-support/../../../rustc/platform-support.html: No such file or directory (os error 2)    
 WARN mdbook_pandoc::preprocess: Failed to resolve redirect: /rust-2018/rustdoc/documentation-tests-can-now-compile-fail.html => ../../../rustdoc/documentation-tests.html#attributes: Unable to normalize redirect destination: Unable to canonicalize path: $ROOT/book/pdf/src/rust-2018/rustdoc/../../../rustdoc/documentation-tests.html: No such file or directory (os error 2)    
 WARN mdbook_pandoc::preprocess: Failed to resolve redirect: /rust-2018/rustdoc/index.html => ../../../rustdoc/index.html: Unable to normalize redirect destination: Unable to canonicalize path: $ROOT/book/pdf/src/rust-2018/rustdoc/../../../rustdoc/index.html: No such file or directory (os error 2)    
 WARN mdbook_pandoc::preprocess: Failed to resolve redirect: /rust-2018/rustdoc/rustdoc-uses-commonmark.html => ../../../rustdoc/how-to-write-documentation.html#markdown: Unable to normalize redirect destination: Unable to canonicalize path: $ROOT/book/pdf/src/rust-2018/rustdoc/../../../rustdoc/how-to-write-documentation.html: No such file or directory (os error 2)    
 WARN mdbook_pandoc::preprocess: Failed to resolve redirect: /rust-2018/the-compiler/an-attribute-for-deprecation.html => ../../../reference/attributes/diagnostics.html#the-deprecated-attribute: Unable to normalize redirect destination: Unable to canonicalize path: $ROOT/book/pdf/src/rust-2018/the-compiler/../../../reference/attributes/diagnostics.html: No such file or directory (os error 2)    
 WARN mdbook_pandoc::preprocess: Failed to resolve redirect: /rust-2018/trait-system/associated-constants.html => ../../../reference/items/associated-items.html#associated-constants: Unable to normalize redirect destination: Unable to canonicalize path: $ROOT/book/pdf/src/rust-2018/trait-system/../../../reference/items/associated-items.html: No such file or directory (os error 2)    
 WARN mdbook_pandoc::preprocess: Failed to resolve redirect: /rust-next/cargo-vendor.html => ../../cargo/commands/cargo-vendor.html: Unable to normalize redirect destination: Unable to canonicalize path: $ROOT/book/pdf/src/rust-next/../../cargo/commands/cargo-vendor.html: No such file or directory (os error 2)    
 WARN mdbook_pandoc::preprocess: Failed to resolve redirect: /rust-next/const-fn.html => ../../reference/const_eval.html: Unable to normalize redirect destination: Unable to canonicalize path: $ROOT/book/pdf/src/rust-next/../../reference/const_eval.html: No such file or directory (os error 2)    
 WARN mdbook_pandoc::preprocess: Failed to resolve redirect: /rust-next/dbg-macro.html => ../../std/macro.dbg.html: Unable to normalize redirect destination: Unable to canonicalize path: $ROOT/book/pdf/src/rust-next/../../std/macro.dbg.html: No such file or directory (os error 2)    
 WARN mdbook_pandoc::preprocess: Failed to resolve redirect: /rust-next/future.html => ../../std/future/trait.Future.html: Unable to normalize redirect destination: Unable to canonicalize path: $ROOT/book/pdf/src/rust-next/../../std/future/trait.Future.html: No such file or directory (os error 2)    
 WARN mdbook_pandoc::preprocess: Failed to resolve redirect: /rust-next/pin.html => ../../std/pin/index.html: Unable to normalize redirect destination: Unable to canonicalize path: $ROOT/book/pdf/src/rust-next/../../std/pin/index.html: No such file or directory (os error 2)    
 WARN mdbook_pandoc::preprocess: Unable to normalize link '../../cargo/commands/cargo-fix.html' in chapter 'Transitioning an existing project to a new edition': Unable to canonicalize path: $ROOT/src/editions/../../cargo/commands/cargo-fix.html: No such file or directory (os error 2)    
 WARN mdbook_pandoc::preprocess: Unable to normalize link '../../cargo/commands/cargo-test.html' in chapter 'Transitioning an existing project to a new edition': Unable to canonicalize path: $ROOT/src/editions/../../cargo/commands/cargo-test.html: No such file or directory (os error 2)    
 WARN mdbook_pandoc::preprocess: Unable to normalize link '../../cargo/commands/cargo-fix.html' in chapter 'Advanced migrations': Unable to canonicalize path: $ROOT/src/editions/../../cargo/commands/cargo-fix.html: No such file or directory (os error 2)    
 WARN mdbook_pandoc::preprocess: Unable to normalize link '../../cargo/commands/cargo-check.html' in chapter 'Advanced migrations': Unable to canonicalize path: $ROOT/src/editions/../../cargo/commands/cargo-check.html: No such file or directory (os error 2)    
 WARN mdbook_pandoc::preprocess: Unable to normalize link '../../rustc/lints/index.html' in chapter 'Advanced migrations': Unable to canonicalize path: $ROOT/src/editions/../../rustc/lints/index.html: No such file or directory (os error 2)    
 WARN mdbook_pandoc::preprocess: Unable to normalize link '../../rustc/lints/groups.html' in chapter 'Advanced migrations': Unable to canonicalize path: $ROOT/src/editions/../../rustc/lints/groups.html: No such file or directory (os error 2)    
 WARN mdbook_pandoc::preprocess: Unable to normalize link '../../cargo/reference/features.html' in chapter 'Advanced migrations': Unable to canonicalize path: $ROOT/src/editions/../../cargo/reference/features.html: No such file or directory (os error 2)    
 WARN mdbook_pandoc::preprocess: Unable to normalize link '../../reference/conditional-compilation.html' in chapter 'Advanced migrations': Unable to canonicalize path: $ROOT/src/editions/../../reference/conditional-compilation.html: No such file or directory (os error 2)    
 WARN mdbook_pandoc::preprocess: Unable to normalize link '../../cargo/reference/workspaces.html' in chapter 'Advanced migrations': Unable to canonicalize path: $ROOT/src/editions/../../cargo/reference/workspaces.html: No such file or directory (os error 2)    
 WARN mdbook_pandoc::preprocess: Unable to normalize link '../../cargo/reference/manifest.html#the-package-section' in chapter 'Advanced migrations': Unable to canonicalize path: $ROOT/src/editions/../../cargo/reference/manifest.html: No such file or directory (os error 2)    
 WARN mdbook_pandoc::preprocess: Unable to normalize link '../../cargo/reference/cargo-targets.html' in chapter 'Advanced migrations': Unable to canonicalize path: $ROOT/src/editions/../../cargo/reference/cargo-targets.html: No such file or directory (os error 2)    
 WARN mdbook_pandoc::preprocess: Unable to normalize link '../../rustc/lints/listing/allowed-by-default.html#keyword-idents' in chapter 'Advanced migrations': Unable to canonicalize path: $ROOT/src/editions/../../rustc/lints/listing/allowed-by-default.html: No such file or directory (os error 2)    
 WARN mdbook_pandoc::preprocess: Unable to normalize link '../../rustc/lints/groups.html' in chapter 'Advanced migrations': Unable to canonicalize path: $ROOT/src/editions/../../rustc/lints/groups.html: No such file or directory (os error 2)    
 WARN mdbook_pandoc::preprocess: Unable to normalize link '../../reference/procedural-macros.html' in chapter 'Advanced migrations': Unable to canonicalize path: $ROOT/src/editions/../../reference/procedural-macros.html: No such file or directory (os error 2)    
 WARN mdbook_pandoc::preprocess: Unable to normalize link '../../rustdoc/documentation-tests.html' in chapter 'Advanced migrations': Unable to canonicalize path: $ROOT/src/editions/../../rustdoc/documentation-tests.html: No such file or directory (os error 2)    
 WARN mdbook_pandoc::preprocess: Unable to normalize link '../../rustdoc/documentation-tests.html#attributes' in chapter 'Advanced migrations': Unable to canonicalize path: $ROOT/src/editions/../../rustdoc/documentation-tests.html: No such file or directory (os error 2)    
 WARN mdbook_pandoc::preprocess: Unable to normalize link '../../cargo/reference/build-script-examples.html#code-generation' in chapter 'Advanced migrations': Unable to canonicalize path: $ROOT/src/editions/../../cargo/reference/build-script-examples.html: No such file or directory (os error 2)    
 WARN mdbook_pandoc::preprocess: Unable to normalize link '../../rustc/lints/groups.html' in chapter 'Advanced migrations': Unable to canonicalize path: $ROOT/src/editions/../../rustc/lints/groups.html: No such file or directory (os error 2)    
 WARN mdbook_pandoc::preprocess: Unable to normalize link '../../rustc/lints/levels.html#via-compiler-flag' in chapter 'Advanced migrations': Unable to canonicalize path: $ROOT/src/editions/../../rustc/lints/levels.html: No such file or directory (os error 2)    
 WARN mdbook_pandoc::preprocess: Unable to normalize link '../../rustc/json.html' in chapter 'Advanced migrations': Unable to canonicalize path: $ROOT/src/editions/../../rustc/json.html: No such file or directory (os error 2)    
 WARN mdbook_pandoc::preprocess: Unable to normalize link '../../rustc/lints/listing/allowed-by-default.html#unused-extern-crates' in chapter 'Advanced migrations': Unable to canonicalize path: $ROOT/src/editions/../../rustc/lints/listing/allowed-by-default.html: No such file or directory (os error 2)    
 WARN mdbook_pandoc::preprocess: Unable to normalize link '../../rustc/lints/listing/allowed-by-default.html#explicit-outlives-requirements' in chapter 'Advanced migrations': Unable to canonicalize path: $ROOT/src/editions/../../rustc/lints/listing/allowed-by-default.html: No such file or directory (os error 2)    
 WARN mdbook_pandoc::preprocess: Unable to normalize link '../../std/index.html' in chapter 'Path and module system changes': Unable to canonicalize path: $ROOT/src/rust-2018/../../std/index.html: No such file or directory (os error 2)    
 WARN mdbook_pandoc::preprocess: Unable to normalize link '../../reference/names/preludes.html#the-no_std-attribute' in chapter 'Path and module system changes': Unable to canonicalize path: $ROOT/src/rust-2018/../../reference/names/preludes.html: No such file or directory (os error 2)    
 WARN mdbook_pandoc::preprocess: Unable to normalize link '../../core/index.html' in chapter 'Path and module system changes': Unable to canonicalize path: $ROOT/src/rust-2018/../../core/index.html: No such file or directory (os error 2)    
 WARN mdbook_pandoc::preprocess: Unable to normalize link '../../proc_macro/index.html' in chapter 'Path and module system changes': Unable to canonicalize path: $ROOT/src/rust-2018/../../proc_macro/index.html: No such file or directory (os error 2)    
 WARN mdbook_pandoc::preprocess: Unable to normalize link '../../alloc/index.html' in chapter 'Path and module system changes': Unable to canonicalize path: $ROOT/src/rust-2018/../../alloc/index.html: No such file or directory (os error 2)    
 WARN mdbook_pandoc::preprocess: Unable to normalize link '../../test/index.html' in chapter 'Path and module system changes': Unable to canonicalize path: $ROOT/src/rust-2018/../../test/index.html: No such file or directory (os error 2)    
 WARN mdbook_pandoc::preprocess: Unable to normalize link '../../book/appendix-07-nightly-rust.html' in chapter 'Path and module system changes': Unable to canonicalize path: $ROOT/src/rust-2018/../../book/appendix-07-nightly-rust.html: No such file or directory (os error 2)    
 WARN mdbook_pandoc::preprocess: Unable to normalize link '../../rust-by-example/trait/impl_trait.html' in chapter 'New keywords': Unable to canonicalize path: $ROOT/src/rust-2018/../../rust-by-example/trait/impl_trait.html: No such file or directory (os error 2)    
 WARN mdbook_pandoc::preprocess: Unable to normalize link '../../cargo/reference/resolver.html#feature-resolver-version-2' in chapter 'Default Cargo feature resolver': Unable to canonicalize path: $ROOT/src/rust-2021/../../cargo/reference/resolver.html: No such file or directory (os error 2)    
 WARN mdbook_pandoc::preprocess: Unable to normalize link '../../cargo/reference/workspaces.html' in chapter 'Default Cargo feature resolver': Unable to canonicalize path: $ROOT/src/rust-2021/../../cargo/reference/workspaces.html: No such file or directory (os error 2)    
 WARN mdbook_pandoc::preprocess: Unable to normalize link '../../cargo/reference/workspaces.html#virtual-workspace' in chapter 'Default Cargo feature resolver': Unable to canonicalize path: $ROOT/src/rust-2021/../../cargo/reference/workspaces.html: No such file or directory (os error 2)    
 WARN mdbook_pandoc::preprocess: Unable to normalize link '../../cargo/reference/resolver.html#resolver-versions' in chapter 'Default Cargo feature resolver': Unable to canonicalize path: $ROOT/src/rust-2021/../../cargo/reference/resolver.html: No such file or directory (os error 2)    
 WARN mdbook_pandoc::preprocess: Unable to normalize link '../../cargo/commands/cargo-tree.html' in chapter 'Default Cargo feature resolver': Unable to canonicalize path: $ROOT/src/rust-2021/../../cargo/commands/cargo-tree.html: No such file or directory (os error 2)    
 WARN mdbook_pandoc::preprocess: Unable to normalize link '../../core/ffi/struct.CStr.html' in chapter 'C-string literals': Unable to canonicalize path: $ROOT/src/rust-2021/../../core/ffi/struct.CStr.html: No such file or directory (os error 2)    
 WARN mdbook_pandoc::preprocess: Unable to normalize link '../../core/ffi/struct.CStr.html' in chapter 'C-string literals': Unable to canonicalize path: $ROOT/src/rust-2021/../../core/ffi/struct.CStr.html: No such file or directory (os error 2)    
 WARN mdbook_pandoc::preprocess: Unable to normalize link '../../reference/tokens.html#c-string-and-raw-c-string-literals' in chapter 'C-string literals': Unable to canonicalize path: $ROOT/src/rust-2021/../../reference/tokens.html: No such file or directory (os error 2)    
 INFO mdbook_pandoc::pandoc::renderer: Wrote output to book/pdf/book.pdf    

