---
source: src/lib.rs
expression: logs
---
 INFO mdbook::book: Running the pandoc backend    
 INFO mdbook_pandoc: Processing redirects in [output.html.redirect]    
 INFO mdbook_pandoc::preprocess: Unable to resolve relative path '../../../cargo/reference/source-replacement.html' in chapter '$ROOT/book/pdf/src/rust-2018/cargo-and-crates-io/cargo-can-use-a-local-registry-replacement.html', linking to hosted HTML book at 'https://doc.rust-lang.org/edition-guide/$ROOT/book/pdf/src/rust-2018/cargo-and-crates-io/../../../cargo/reference/source-replacement.html'    
 INFO mdbook_pandoc::preprocess: Unable to resolve relative path '../../../cargo/commands/cargo-check.html' in chapter '$ROOT/book/pdf/src/rust-2018/cargo-and-crates-io/cargo-check-for-faster-checking.html', linking to hosted HTML book at 'https://doc.rust-lang.org/edition-guide/$ROOT/book/pdf/src/rust-2018/cargo-and-crates-io/../../../cargo/commands/cargo-check.html'    
 INFO mdbook_pandoc::preprocess: Unable to resolve relative path '../../../cargo/commands/cargo-install.html' in chapter '$ROOT/book/pdf/src/rust-2018/cargo-and-crates-io/cargo-install-for-easy-installation-of-tools.html', linking to hosted HTML book at 'https://doc.rust-lang.org/edition-guide/$ROOT/book/pdf/src/rust-2018/cargo-and-crates-io/../../../cargo/commands/cargo-install.html'    
 INFO mdbook_pandoc::preprocess: Unable to resolve relative path '../../../cargo/commands/cargo-rustc.html' in chapter '$ROOT/book/pdf/src/rust-2018/cargo-and-crates-io/cargo-rustc-for-passing-arbitrary-flags-to-rustc.html', linking to hosted HTML book at 'https://doc.rust-lang.org/edition-guide/$ROOT/book/pdf/src/rust-2018/cargo-and-crates-io/../../../cargo/commands/cargo-rustc.html'    
 INFO mdbook_pandoc::preprocess: Unable to resolve relative path '../../../cargo/reference/workspaces.html' in chapter '$ROOT/book/pdf/src/rust-2018/cargo-and-crates-io/cargo-workspaces-for-multi-package-projects.html', linking to hosted HTML book at 'https://doc.rust-lang.org/edition-guide/$ROOT/book/pdf/src/rust-2018/cargo-and-crates-io/../../../cargo/reference/workspaces.html'    
 INFO mdbook_pandoc::preprocess: Unable to resolve relative path '../../../cargo/index.html' in chapter '$ROOT/book/pdf/src/rust-2018/cargo-and-crates-io/index.html', linking to hosted HTML book at 'https://doc.rust-lang.org/edition-guide/$ROOT/book/pdf/src/rust-2018/cargo-and-crates-io/../../../cargo/index.html'    
 INFO mdbook_pandoc::preprocess: Unable to resolve relative path '../../../cargo/guide/project-layout.html' in chapter '$ROOT/book/pdf/src/rust-2018/cargo-and-crates-io/multi-file-examples.html', linking to hosted HTML book at 'https://doc.rust-lang.org/edition-guide/$ROOT/book/pdf/src/rust-2018/cargo-and-crates-io/../../../cargo/guide/project-layout.html'    
 INFO mdbook_pandoc::preprocess: Unable to resolve relative path '../../../cargo/reference/overriding-dependencies.html' in chapter '$ROOT/book/pdf/src/rust-2018/cargo-and-crates-io/replacing-dependencies-with-patch.html', linking to hosted HTML book at 'https://doc.rust-lang.org/edition-guide/$ROOT/book/pdf/src/rust-2018/cargo-and-crates-io/../../../cargo/reference/overriding-dependencies.html'    
 INFO mdbook_pandoc::preprocess: Unable to resolve relative path '../../../rust-by-example/flow_control.html' in chapter '$ROOT/book/pdf/src/rust-2018/control-flow/index.html', linking to hosted HTML book at 'https://doc.rust-lang.org/edition-guide/$ROOT/book/pdf/src/rust-2018/control-flow/../../../rust-by-example/flow_control.html'    
 INFO mdbook_pandoc::preprocess: Unable to resolve relative path '../../../rust-by-example/flow_control/loop/return.html' in chapter '$ROOT/book/pdf/src/rust-2018/control-flow/loops-can-break-with-a-value.html', linking to hosted HTML book at 'https://doc.rust-lang.org/edition-guide/$ROOT/book/pdf/src/rust-2018/control-flow/../../../rust-by-example/flow_control/loop/return.html'    
 INFO mdbook_pandoc::preprocess: Unable to resolve relative path '../../../reference/type-layout.html' in chapter '$ROOT/book/pdf/src/rust-2018/data-types/choosing-alignment-with-the-repr-attribute.html', linking to hosted HTML book at 'https://doc.rust-lang.org/edition-guide/$ROOT/book/pdf/src/rust-2018/data-types/../../../reference/type-layout.html'    
 INFO mdbook_pandoc::preprocess: Unable to resolve relative path '../../../reference/expressions/struct-expr.html' in chapter '$ROOT/book/pdf/src/rust-2018/data-types/field-init-shorthand.html', linking to hosted HTML book at 'https://doc.rust-lang.org/edition-guide/$ROOT/book/pdf/src/rust-2018/data-types/../../../reference/expressions/struct-expr.html'    
 INFO mdbook_pandoc::preprocess: Unable to resolve relative path '../../../std/ops/index.html' in chapter '$ROOT/book/pdf/src/rust-2018/data-types/operator-equals-are-now-implementable.html', linking to hosted HTML book at 'https://doc.rust-lang.org/edition-guide/$ROOT/book/pdf/src/rust-2018/data-types/../../../std/ops/index.html'    
 INFO mdbook_pandoc::preprocess: Unable to resolve relative path '../../../reference/items/unions.html' in chapter '$ROOT/book/pdf/src/rust-2018/data-types/union-for-an-unsafe-form-of-enum.html', linking to hosted HTML book at 'https://doc.rust-lang.org/edition-guide/$ROOT/book/pdf/src/rust-2018/data-types/../../../reference/items/unions.html'    
 INFO mdbook_pandoc::preprocess: Unable to resolve relative path '../../../index.html' in chapter '$ROOT/book/pdf/src/rust-2018/documentation/index.html', linking to hosted HTML book at 'https://doc.rust-lang.org/edition-guide/$ROOT/book/pdf/src/rust-2018/documentation/../../../index.html'    
 INFO mdbook_pandoc::preprocess: Unable to resolve relative path '../../../book/index.html' in chapter '$ROOT/book/pdf/src/rust-2018/documentation/new-editions-of-the-book.html', linking to hosted HTML book at 'https://doc.rust-lang.org/edition-guide/$ROOT/book/pdf/src/rust-2018/documentation/../../../book/index.html'    
 INFO mdbook_pandoc::preprocess: Unable to resolve relative path '../../../std/os/index.html' in chapter '$ROOT/book/pdf/src/rust-2018/documentation/std-os-has-documentation-for-all-platforms.html', linking to hosted HTML book at 'https://doc.rust-lang.org/edition-guide/$ROOT/book/pdf/src/rust-2018/documentation/../../../std/os/index.html'    
 INFO mdbook_pandoc::preprocess: Unable to resolve relative path '../../../index.html' in chapter '$ROOT/book/pdf/src/rust-2018/documentation/the-rust-bookshelf.html', linking to hosted HTML book at 'https://doc.rust-lang.org/edition-guide/$ROOT/book/pdf/src/rust-2018/documentation/../../../index.html'    
 INFO mdbook_pandoc::preprocess: Unable to resolve relative path '../../../nomicon/index.html' in chapter '$ROOT/book/pdf/src/rust-2018/documentation/the-rustonomicon.html', linking to hosted HTML book at 'https://doc.rust-lang.org/edition-guide/$ROOT/book/pdf/src/rust-2018/documentation/../../../nomicon/index.html'    
 INFO mdbook_pandoc::preprocess: Unable to resolve relative path '../../../book/ch09-01-unrecoverable-errors-with-panic.html' in chapter '$ROOT/book/pdf/src/rust-2018/error-handling-and-panics/aborting-on-panic.html', linking to hosted HTML book at 'https://doc.rust-lang.org/edition-guide/$ROOT/book/pdf/src/rust-2018/error-handling-and-panics/../../../book/ch09-01-unrecoverable-errors-with-panic.html'    
 INFO mdbook_pandoc::preprocess: Unable to resolve relative path '../../../book/ch09-00-error-handling.html' in chapter '$ROOT/book/pdf/src/rust-2018/error-handling-and-panics/index.html', linking to hosted HTML book at 'https://doc.rust-lang.org/edition-guide/$ROOT/book/pdf/src/rust-2018/error-handling-and-panics/../../../book/ch09-00-error-handling.html'    
 INFO mdbook_pandoc::preprocess: Unable to resolve relative path '../../../rust-by-example/error/result.html' in chapter '$ROOT/book/pdf/src/rust-2018/error-handling-and-panics/question-mark-in-main-and-tests.html', linking to hosted HTML book at 'https://doc.rust-lang.org/edition-guide/$ROOT/book/pdf/src/rust-2018/error-handling-and-panics/../../../rust-by-example/error/result.html'    
 INFO mdbook_pandoc::preprocess: Unable to resolve relative path '../../../book/ch09-02-recoverable-errors-with-result.html' in chapter '$ROOT/book/pdf/src/rust-2018/error-handling-and-panics/the-question-mark-operator-for-easier-error-handling.html', linking to hosted HTML book at 'https://doc.rust-lang.org/edition-guide/$ROOT/book/pdf/src/rust-2018/error-handling-and-panics/../../../book/ch09-02-recoverable-errors-with-result.html'    
 INFO mdbook_pandoc::preprocess: Unable to resolve relative path '../../../reference/macros-by-example.html' in chapter '$ROOT/book/pdf/src/rust-2018/macros/at-most-once.html', linking to hosted HTML book at 'https://doc.rust-lang.org/edition-guide/$ROOT/book/pdf/src/rust-2018/macros/../../../reference/macros-by-example.html'    
 INFO mdbook_pandoc::preprocess: Unable to resolve relative path '../../../book/ch19-06-macros.html' in chapter '$ROOT/book/pdf/src/rust-2018/macros/custom-derive.html', linking to hosted HTML book at 'https://doc.rust-lang.org/edition-guide/$ROOT/book/pdf/src/rust-2018/macros/../../../book/ch19-06-macros.html'    
 INFO mdbook_pandoc::preprocess: Unable to resolve relative path '../../../book/ch19-06-macros.html' in chapter '$ROOT/book/pdf/src/rust-2018/macros/index.html', linking to hosted HTML book at 'https://doc.rust-lang.org/edition-guide/$ROOT/book/pdf/src/rust-2018/macros/../../../book/ch19-06-macros.html'    
 INFO mdbook_pandoc::preprocess: Unable to resolve relative path '../../../book/ch19-06-macros.html' in chapter '$ROOT/book/pdf/src/rust-2018/macros/macro-changes.html', linking to hosted HTML book at 'https://doc.rust-lang.org/edition-guide/$ROOT/book/pdf/src/rust-2018/macros/../../../book/ch19-06-macros.html'    
 INFO mdbook_pandoc::preprocess: Unable to resolve relative path '../../../reference/visibility-and-privacy.html' in chapter '$ROOT/book/pdf/src/rust-2018/module-system/more-visibility-modifiers.html', linking to hosted HTML book at 'https://doc.rust-lang.org/edition-guide/$ROOT/book/pdf/src/rust-2018/module-system/../../../reference/visibility-and-privacy.html'    
 INFO mdbook_pandoc::preprocess: Unable to resolve relative path '../../../rust-by-example/mod/use.html' in chapter '$ROOT/book/pdf/src/rust-2018/module-system/nested-imports-with-use.html', linking to hosted HTML book at 'https://doc.rust-lang.org/edition-guide/$ROOT/book/pdf/src/rust-2018/module-system/../../../rust-by-example/mod/use.html'    
 INFO mdbook_pandoc::preprocess: Unable to resolve relative path '../../../rust-by-example/compatibility/raw_identifiers.html' in chapter '$ROOT/book/pdf/src/rust-2018/module-system/raw-identifiers.html', linking to hosted HTML book at 'https://doc.rust-lang.org/edition-guide/$ROOT/book/pdf/src/rust-2018/module-system/../../../rust-by-example/compatibility/raw_identifiers.html'    
 INFO mdbook_pandoc::preprocess: Unable to resolve relative path '../../../book/ch04-00-understanding-ownership.html' in chapter '$ROOT/book/pdf/src/rust-2018/ownership-and-lifetimes/index.html', linking to hosted HTML book at 'https://doc.rust-lang.org/edition-guide/$ROOT/book/pdf/src/rust-2018/ownership-and-lifetimes/../../../book/ch04-00-understanding-ownership.html'    
 INFO mdbook_pandoc::preprocess: Unable to resolve relative path '../../../reference/lifetime-elision.html' in chapter '$ROOT/book/pdf/src/rust-2018/ownership-and-lifetimes/simpler-lifetimes-in-static-and-const.html', linking to hosted HTML book at 'https://doc.rust-lang.org/edition-guide/$ROOT/book/pdf/src/rust-2018/ownership-and-lifetimes/../../../reference/lifetime-elision.html'    
 INFO mdbook_pandoc::preprocess: Unable to resolve relative path '../../../rustc/targets/index.html' in chapter '$ROOT/book/pdf/src/rust-2018/platform-and-target-support/index.html', linking to hosted HTML book at 'https://doc.rust-lang.org/edition-guide/$ROOT/book/pdf/src/rust-2018/platform-and-target-support/../../../rustc/targets/index.html'    
 INFO mdbook_pandoc::preprocess: Unable to resolve relative path '../../../core/index.html' in chapter '$ROOT/book/pdf/src/rust-2018/platform-and-target-support/libcore-for-low-level-rust.html', linking to hosted HTML book at 'https://doc.rust-lang.org/edition-guide/$ROOT/book/pdf/src/rust-2018/platform-and-target-support/../../../core/index.html'    
 INFO mdbook_pandoc::preprocess: Unable to resolve relative path '../../../rustc/platform-support.html' in chapter '$ROOT/book/pdf/src/rust-2018/platform-and-target-support/msvc-toolchain-support.html', linking to hosted HTML book at 'https://doc.rust-lang.org/edition-guide/$ROOT/book/pdf/src/rust-2018/platform-and-target-support/../../../rustc/platform-support.html'    
 INFO mdbook_pandoc::preprocess: Unable to resolve relative path '../../../rustc/platform-support.html' in chapter '$ROOT/book/pdf/src/rust-2018/platform-and-target-support/musl-support-for-fully-static-binaries.html', linking to hosted HTML book at 'https://doc.rust-lang.org/edition-guide/$ROOT/book/pdf/src/rust-2018/platform-and-target-support/../../../rustc/platform-support.html'    
 INFO mdbook_pandoc::preprocess: Unable to resolve relative path '../../../rustdoc/documentation-tests.html' in chapter '$ROOT/book/pdf/src/rust-2018/rustdoc/documentation-tests-can-now-compile-fail.html', linking to hosted HTML book at 'https://doc.rust-lang.org/edition-guide/$ROOT/book/pdf/src/rust-2018/rustdoc/../../../rustdoc/documentation-tests.html'    
 INFO mdbook_pandoc::preprocess: Unable to resolve relative path '../../../rustdoc/index.html' in chapter '$ROOT/book/pdf/src/rust-2018/rustdoc/index.html', linking to hosted HTML book at 'https://doc.rust-lang.org/edition-guide/$ROOT/book/pdf/src/rust-2018/rustdoc/../../../rustdoc/index.html'    
 INFO mdbook_pandoc::preprocess: Unable to resolve relative path '../../../rustdoc/how-to-write-documentation.html' in chapter '$ROOT/book/pdf/src/rust-2018/rustdoc/rustdoc-uses-commonmark.html', linking to hosted HTML book at 'https://doc.rust-lang.org/edition-guide/$ROOT/book/pdf/src/rust-2018/rustdoc/../../../rustdoc/how-to-write-documentation.html'    
 INFO mdbook_pandoc::preprocess: Unable to resolve relative path '../../../reference/attributes/diagnostics.html' in chapter '$ROOT/book/pdf/src/rust-2018/the-compiler/an-attribute-for-deprecation.html', linking to hosted HTML book at 'https://doc.rust-lang.org/edition-guide/$ROOT/book/pdf/src/rust-2018/the-compiler/../../../reference/attributes/diagnostics.html'    
 INFO mdbook_pandoc::preprocess: Unable to resolve relative path '../../../reference/items/associated-items.html' in chapter '$ROOT/book/pdf/src/rust-2018/trait-system/associated-constants.html', linking to hosted HTML book at 'https://doc.rust-lang.org/edition-guide/$ROOT/book/pdf/src/rust-2018/trait-system/../../../reference/items/associated-items.html'    
 INFO mdbook_pandoc::preprocess: Unable to resolve relative path '../../cargo/commands/cargo-vendor.html' in chapter '$ROOT/book/pdf/src/rust-next/cargo-vendor.html', linking to hosted HTML book at 'https://doc.rust-lang.org/edition-guide/$ROOT/book/pdf/src/rust-next/../../cargo/commands/cargo-vendor.html'    
 INFO mdbook_pandoc::preprocess: Unable to resolve relative path '../../reference/const_eval.html' in chapter '$ROOT/book/pdf/src/rust-next/const-fn.html', linking to hosted HTML book at 'https://doc.rust-lang.org/edition-guide/$ROOT/book/pdf/src/rust-next/../../reference/const_eval.html'    
 INFO mdbook_pandoc::preprocess: Unable to resolve relative path '../../std/macro.dbg.html' in chapter '$ROOT/book/pdf/src/rust-next/dbg-macro.html', linking to hosted HTML book at 'https://doc.rust-lang.org/edition-guide/$ROOT/book/pdf/src/rust-next/../../std/macro.dbg.html'    
 INFO mdbook_pandoc::preprocess: Unable to resolve relative path '../../std/future/trait.Future.html' in chapter '$ROOT/book/pdf/src/rust-next/future.html', linking to hosted HTML book at 'https://doc.rust-lang.org/edition-guide/$ROOT/book/pdf/src/rust-next/../../std/future/trait.Future.html'    
 INFO mdbook_pandoc::preprocess: Unable to resolve relative path '../../std/pin/index.html' in chapter '$ROOT/book/pdf/src/rust-next/pin.html', linking to hosted HTML book at 'https://doc.rust-lang.org/edition-guide/$ROOT/book/pdf/src/rust-next/../../std/pin/index.html'    
 INFO mdbook_pandoc::preprocess: Unable to resolve relative path '../../cargo/commands/cargo-fix.html' in chapter 'editions/transitioning-an-existing-project-to-a-new-edition.md', linking to hosted HTML book at 'https://doc.rust-lang.org/edition-guide/editions/../../cargo/commands/cargo-fix.html'    
 INFO mdbook_pandoc::preprocess: Unable to resolve relative path '../../cargo/commands/cargo-test.html' in chapter 'editions/transitioning-an-existing-project-to-a-new-edition.md', linking to hosted HTML book at 'https://doc.rust-lang.org/edition-guide/editions/../../cargo/commands/cargo-test.html'    
 INFO mdbook_pandoc::preprocess: Unable to resolve relative path '../../cargo/commands/cargo-fix.html' in chapter 'editions/advanced-migrations.md', linking to hosted HTML book at 'https://doc.rust-lang.org/edition-guide/editions/../../cargo/commands/cargo-fix.html'    
 INFO mdbook_pandoc::preprocess: Unable to resolve relative path '../../cargo/commands/cargo-check.html' in chapter 'editions/advanced-migrations.md', linking to hosted HTML book at 'https://doc.rust-lang.org/edition-guide/editions/../../cargo/commands/cargo-check.html'    
 INFO mdbook_pandoc::preprocess: Unable to resolve relative path '../../rustc/lints/index.html' in chapter 'editions/advanced-migrations.md', linking to hosted HTML book at 'https://doc.rust-lang.org/edition-guide/editions/../../rustc/lints/index.html'    
 INFO mdbook_pandoc::preprocess: Unable to resolve relative path '../../rustc/lints/groups.html' in chapter 'editions/advanced-migrations.md', linking to hosted HTML book at 'https://doc.rust-lang.org/edition-guide/editions/../../rustc/lints/groups.html'    
 INFO mdbook_pandoc::preprocess: Unable to resolve relative path '../../cargo/reference/features.html' in chapter 'editions/advanced-migrations.md', linking to hosted HTML book at 'https://doc.rust-lang.org/edition-guide/editions/../../cargo/reference/features.html'    
 INFO mdbook_pandoc::preprocess: Unable to resolve relative path '../../reference/conditional-compilation.html' in chapter 'editions/advanced-migrations.md', linking to hosted HTML book at 'https://doc.rust-lang.org/edition-guide/editions/../../reference/conditional-compilation.html'    
 INFO mdbook_pandoc::preprocess: Unable to resolve relative path '../../cargo/reference/workspaces.html' in chapter 'editions/advanced-migrations.md', linking to hosted HTML book at 'https://doc.rust-lang.org/edition-guide/editions/../../cargo/reference/workspaces.html'    
 INFO mdbook_pandoc::preprocess: Unable to resolve relative path '../../cargo/reference/manifest.html' in chapter 'editions/advanced-migrations.md', linking to hosted HTML book at 'https://doc.rust-lang.org/edition-guide/editions/../../cargo/reference/manifest.html'    
 INFO mdbook_pandoc::preprocess: Unable to resolve relative path '../../cargo/reference/cargo-targets.html' in chapter 'editions/advanced-migrations.md', linking to hosted HTML book at 'https://doc.rust-lang.org/edition-guide/editions/../../cargo/reference/cargo-targets.html'    
 INFO mdbook_pandoc::preprocess: Unable to resolve relative path '../../rustc/lints/listing/allowed-by-default.html' in chapter 'editions/advanced-migrations.md', linking to hosted HTML book at 'https://doc.rust-lang.org/edition-guide/editions/../../rustc/lints/listing/allowed-by-default.html'    
 INFO mdbook_pandoc::preprocess: Unable to resolve relative path '../../rustc/lints/groups.html' in chapter 'editions/advanced-migrations.md', linking to hosted HTML book at 'https://doc.rust-lang.org/edition-guide/editions/../../rustc/lints/groups.html'    
 INFO mdbook_pandoc::preprocess: Unable to resolve relative path '../../reference/procedural-macros.html' in chapter 'editions/advanced-migrations.md', linking to hosted HTML book at 'https://doc.rust-lang.org/edition-guide/editions/../../reference/procedural-macros.html'    
 INFO mdbook_pandoc::preprocess: Unable to resolve relative path '../../rustdoc/documentation-tests.html' in chapter 'editions/advanced-migrations.md', linking to hosted HTML book at 'https://doc.rust-lang.org/edition-guide/editions/../../rustdoc/documentation-tests.html'    
 INFO mdbook_pandoc::preprocess: Unable to resolve relative path '../../rustdoc/documentation-tests.html' in chapter 'editions/advanced-migrations.md', linking to hosted HTML book at 'https://doc.rust-lang.org/edition-guide/editions/../../rustdoc/documentation-tests.html'    
 INFO mdbook_pandoc::preprocess: Unable to resolve relative path '../../cargo/reference/build-script-examples.html' in chapter 'editions/advanced-migrations.md', linking to hosted HTML book at 'https://doc.rust-lang.org/edition-guide/editions/../../cargo/reference/build-script-examples.html'    
 INFO mdbook_pandoc::preprocess: Unable to resolve relative path '../../rustc/lints/groups.html' in chapter 'editions/advanced-migrations.md', linking to hosted HTML book at 'https://doc.rust-lang.org/edition-guide/editions/../../rustc/lints/groups.html'    
 INFO mdbook_pandoc::preprocess: Unable to resolve relative path '../../rustc/lints/levels.html' in chapter 'editions/advanced-migrations.md', linking to hosted HTML book at 'https://doc.rust-lang.org/edition-guide/editions/../../rustc/lints/levels.html'    
 INFO mdbook_pandoc::preprocess: Unable to resolve relative path '../../rustc/json.html' in chapter 'editions/advanced-migrations.md', linking to hosted HTML book at 'https://doc.rust-lang.org/edition-guide/editions/../../rustc/json.html'    
 INFO mdbook_pandoc::preprocess: Unable to resolve relative path '../../rustc/lints/listing/allowed-by-default.html' in chapter 'editions/advanced-migrations.md', linking to hosted HTML book at 'https://doc.rust-lang.org/edition-guide/editions/../../rustc/lints/listing/allowed-by-default.html'    
 INFO mdbook_pandoc::preprocess: Unable to resolve relative path '../../rustc/lints/listing/allowed-by-default.html' in chapter 'editions/advanced-migrations.md', linking to hosted HTML book at 'https://doc.rust-lang.org/edition-guide/editions/../../rustc/lints/listing/allowed-by-default.html'    
 INFO mdbook_pandoc::preprocess: Unable to resolve relative path '../../std/index.html' in chapter 'rust-2018/path-changes.md', linking to hosted HTML book at 'https://doc.rust-lang.org/edition-guide/rust-2018/../../std/index.html'    
 INFO mdbook_pandoc::preprocess: Unable to resolve relative path '../../reference/names/preludes.html' in chapter 'rust-2018/path-changes.md', linking to hosted HTML book at 'https://doc.rust-lang.org/edition-guide/rust-2018/../../reference/names/preludes.html'    
 INFO mdbook_pandoc::preprocess: Unable to resolve relative path '../../core/index.html' in chapter 'rust-2018/path-changes.md', linking to hosted HTML book at 'https://doc.rust-lang.org/edition-guide/rust-2018/../../core/index.html'    
 INFO mdbook_pandoc::preprocess: Unable to resolve relative path '../../proc_macro/index.html' in chapter 'rust-2018/path-changes.md', linking to hosted HTML book at 'https://doc.rust-lang.org/edition-guide/rust-2018/../../proc_macro/index.html'    
 INFO mdbook_pandoc::preprocess: Unable to resolve relative path '../../alloc/index.html' in chapter 'rust-2018/path-changes.md', linking to hosted HTML book at 'https://doc.rust-lang.org/edition-guide/rust-2018/../../alloc/index.html'    
 INFO mdbook_pandoc::preprocess: Unable to resolve relative path '../../test/index.html' in chapter 'rust-2018/path-changes.md', linking to hosted HTML book at 'https://doc.rust-lang.org/edition-guide/rust-2018/../../test/index.html'    
 INFO mdbook_pandoc::preprocess: Unable to resolve relative path '../../book/appendix-07-nightly-rust.html' in chapter 'rust-2018/path-changes.md', linking to hosted HTML book at 'https://doc.rust-lang.org/edition-guide/rust-2018/../../book/appendix-07-nightly-rust.html'    
 INFO mdbook_pandoc::preprocess: Unable to resolve relative path '../../rust-by-example/trait/impl_trait.html' in chapter 'rust-2018/new-keywords.md', linking to hosted HTML book at 'https://doc.rust-lang.org/edition-guide/rust-2018/../../rust-by-example/trait/impl_trait.html'    
 INFO mdbook_pandoc::preprocess: Unable to resolve relative path '../../cargo/reference/resolver.html' in chapter 'rust-2021/default-cargo-resolver.md', linking to hosted HTML book at 'https://doc.rust-lang.org/edition-guide/rust-2021/../../cargo/reference/resolver.html'    
 INFO mdbook_pandoc::preprocess: Unable to resolve relative path '../../cargo/reference/workspaces.html' in chapter 'rust-2021/default-cargo-resolver.md', linking to hosted HTML book at 'https://doc.rust-lang.org/edition-guide/rust-2021/../../cargo/reference/workspaces.html'    
 INFO mdbook_pandoc::preprocess: Unable to resolve relative path '../../cargo/reference/workspaces.html' in chapter 'rust-2021/default-cargo-resolver.md', linking to hosted HTML book at 'https://doc.rust-lang.org/edition-guide/rust-2021/../../cargo/reference/workspaces.html'    
 INFO mdbook_pandoc::preprocess: Unable to resolve relative path '../../cargo/reference/resolver.html' in chapter 'rust-2021/default-cargo-resolver.md', linking to hosted HTML book at 'https://doc.rust-lang.org/edition-guide/rust-2021/../../cargo/reference/resolver.html'    
 INFO mdbook_pandoc::preprocess: Unable to resolve relative path '../../cargo/commands/cargo-tree.html' in chapter 'rust-2021/default-cargo-resolver.md', linking to hosted HTML book at 'https://doc.rust-lang.org/edition-guide/rust-2021/../../cargo/commands/cargo-tree.html'    
 INFO mdbook_pandoc::preprocess: Unable to resolve relative path '../../core/ffi/struct.CStr.html' in chapter 'rust-2021/c-string-literals.md', linking to hosted HTML book at 'https://doc.rust-lang.org/edition-guide/rust-2021/../../core/ffi/struct.CStr.html'    
 INFO mdbook_pandoc::preprocess: Unable to resolve relative path '../../core/ffi/struct.CStr.html' in chapter 'rust-2021/c-string-literals.md', linking to hosted HTML book at 'https://doc.rust-lang.org/edition-guide/rust-2021/../../core/ffi/struct.CStr.html'    
 INFO mdbook_pandoc::preprocess: Unable to resolve relative path '../../reference/tokens.html' in chapter 'rust-2021/c-string-literals.md', linking to hosted HTML book at 'https://doc.rust-lang.org/edition-guide/rust-2021/../../reference/tokens.html'    
 INFO mdbook_pandoc::pandoc::renderer: Wrote output to book/pdf/book.pdf
