---
source: src/lib.rs
expression: logs
---
 WARN mdbook::preprocess::cmd: The command wasn't found, is the "mermaid" preprocessor installed?    
 WARN mdbook::preprocess::cmd: 	Command: mdbook-mermaid    
 WARN mdbook::preprocess::cmd: The command wasn't found, is the "toc" preprocessor installed?    
 WARN mdbook::preprocess::cmd: 	Command: mdbook-toc    
 INFO mdbook::book: Running the pandoc backend    
 INFO mdbook_pandoc: Processing redirects in [output.html.redirect]    
 WARN mdbook_pandoc::preprocess: Unable to normalize link 'github.com/rust-lang/rustc_codegen_gcc/' in chapter 'Running tests': Unable to canonicalize path: $ROOT/src/tests/github.com/rust-lang/rustc_codegen_gcc/: No such file or directory (os error 2)    
 WARN mdbook_pandoc::preprocess: Unable to normalize link './slg.html' in chapter 'Canonicalization': Unable to canonicalize path: $ROOT/src/traits/./slg.html: No such file or directory (os error 2)    
 WARN mdbook_pandoc::preprocess: Heading (level h5) converted to paragraph in chapter: Coinduction    
 WARN mdbook_pandoc::preprocess: Heading (level h5) converted to paragraph in chapter: Coinduction    
 WARN mdbook_pandoc::preprocess: Heading (level h5) converted to paragraph in chapter: Return Position Impl Trait In Trait    
 WARN mdbook_pandoc::preprocess: Heading (level h5) converted to paragraph in chapter: Return Position Impl Trait In Trait    
 WARN mdbook_pandoc::preprocess: Heading (level h5) converted to paragraph in chapter: Return Position Impl Trait In Trait    
 WARN mdbook_pandoc::preprocess: Heading (level h5) converted to paragraph in chapter: Return Position Impl Trait In Trait    
 WARN mdbook_pandoc::preprocess: Heading (level h5) converted to paragraph in chapter: Return Position Impl Trait In Trait    
 WARN mdbook_pandoc::preprocess: Heading (level h5) converted to paragraph in chapter: Return Position Impl Trait In Trait    
 WARN mdbook_pandoc::preprocess: Heading (level h5) converted to paragraph in chapter: Return Position Impl Trait In Trait    
 WARN mdbook_pandoc::preprocess: Heading (level h5) converted to paragraph in chapter: Return Position Impl Trait In Trait    
 WARN mdbook_pandoc::preprocess: Heading (level h5) converted to paragraph in chapter: Return Position Impl Trait In Trait    
 WARN mdbook_pandoc::preprocess: Heading (level h5) converted to paragraph in chapter: Return Position Impl Trait In Trait    
 WARN mdbook_pandoc::preprocess: Heading (level h5) converted to paragraph in chapter: Return Position Impl Trait In Trait    
 WARN mdbook_pandoc::preprocess: Unable to normalize link '../guides/editions.md#edition-specific-lints' in chapter 'Errors and Lints': Unable to canonicalize path: $ROOT/src/../guides/editions.md: No such file or directory (os error 2)    
[WARNING] [makePDF] LaTeX Warning: Hyper reference
  `book__pandoc__pdf__src__appendix__glossarymd__ice' on page
  25 undefined on input line 1345.
[WARNING] [makePDF] LaTeX Warning: Hyper reference
  `book__pandoc__pdf__src__conventionsmd__formatting' on page
  41 undefined on input line 2366.
[WARNING] [makePDF] LaTeX Warning: Hyper reference
  `book__pandoc__pdf__src__tests__addingmd__explanatory_comment'
  on page 52 undefined on input line 3222.
[WARNING] [makePDF] LaTeX Warning: Hyper reference
  `book__pandoc__pdf__src__building__how-to-build-and-runmd__toolchain'
  on page 103 undefined on input line 6596.
[WARNING] [makePDF] LaTeX Warning: Hyper reference
  `book__pandoc__pdf__src__gitmd__conflicts' on page 131
  undefined on input line 8263.
[WARNING] [makePDF] LaTeX Warning: Hyper reference
  `book__pandoc__pdf__src__walkthroughmd__impl' on page 144
  undefined on input line 8880.
[WARNING] [makePDF] LaTeX Warning: Hyper reference
  `book__pandoc__pdf__src__conventionsmd__formatting' on page
  162 undefined on input line 9878.
[WARNING] [makePDF] LaTeX Warning: Hyper reference
  `book__pandoc__pdf__src__conventionsmd__cc' on page 162
  undefined on input line 9880.
[WARNING] [makePDF] LaTeX Warning: Hyper reference
  `book__pandoc__pdf__src__conventionsmd__cio' on page 162
  undefined on input line 9882.
[WARNING] [makePDF] LaTeX Warning: Hyper reference
  `book__pandoc__pdf__src__conventionsmd__er' on page 162
  undefined on input line 9884.
[WARNING] [makePDF] LaTeX Warning: Hyper reference
  `book__pandoc__pdf__src__notification-groups__aboutmd__join'
  on page 185 undefined on input line 10850.
[WARNING] [makePDF] LaTeX Warning: Hyper reference
  `book__pandoc__pdf__src__notification-groups__aboutmd__join'
  on page 185 undefined on input line 10855.
[WARNING] [makePDF] LaTeX Warning: Hyper reference
  `book__pandoc__pdf__src__appendix__glossarymd__intrinsic' on
  page 218 undefined on input line 12823.
[WARNING] [makePDF] LaTeX Warning: Hyper reference
  `book__pandoc__pdf__src__queries__incremental-compilationmd__dag'
  on page 236 undefined on input line 13947.
[WARNING] [makePDF] LaTeX Warning: Hyper reference
  `book__pandoc__pdf__src__querymd__adding-a-new-kind-of-query'
  on page 246 undefined on input line 14535.
[WARNING] [makePDF] LaTeX Warning: Hyper reference
  `book__pandoc__pdf__src__generic_argumentsmd__GenericArgs'
  on page 257 undefined on input line 15152.
[WARNING] [makePDF] LaTeX Warning: Hyper reference
  `book__pandoc__pdf__src__appendix__backgroundmd__cfg' on
  page 321 undefined on input line 18910.
[WARNING] [makePDF] LaTeX Warning: Hyper reference
  `book__pandoc__pdf__src__appendix__backgroundmd__cfg' on
  page 321 undefined on input line 18938.
[WARNING] [makePDF] LaTeX Warning: Hyper reference
  `book__pandoc__pdf__src__mir__indexmd__promoted' on page 325
  undefined on input line 19173.
[WARNING] [makePDF] LaTeX Warning: Hyper reference
  `book__pandoc__pdf__src__appendix__glossarymd__newtype' on
  page 325 undefined on input line 19186.
[WARNING] [makePDF] LaTeX Warning: Hyper reference
  `book__pandoc__pdf__src__appendix__glossarymd__newtype' on
  page 325 undefined on input line 19196.
[WARNING] [makePDF] LaTeX Warning: Hyper reference
  `book__pandoc__pdf__src__appendix__glossarymd__newtype' on
  page 325 undefined on input line 19216.
[WARNING] [makePDF] LaTeX Warning: Hyper reference
  `book__pandoc__pdf__src__appendix__glossarymd__placeholder'
  on page 389 undefined on input line 22925.
[WARNING] [makePDF] LaTeX Warning: Hyper reference
  `book__pandoc__pdf__src__type-inferencemd__vars' on page 405
  undefined on input line 24177.
[WARNING] [makePDF] LaTeX Warning: Hyper reference
  `book__pandoc__pdf__src__appendix__backgroundmd__free-vs-bound'
  on page 406 undefined on input line 24215.
[WARNING] [makePDF] LaTeX Warning: Hyper reference
  `book__pandoc__pdf__src__traits__canonical-queriesmd__query-response'
  on page 407 undefined on input line 24295.
[WARNING] [makePDF] LaTeX Warning: Hyper reference
  `book__pandoc__pdf__src__traits__canonical-queriesmd__query-response'
  on page 407 undefined on input line 24336.
[WARNING] [makePDF] LaTeX Warning: Hyper reference
  `book__pandoc__pdf__src__variancemd__addendum' on page 431
  undefined on input line 25966.
[WARNING] [makePDF] LaTeX Warning: Hyper reference
  `book__pandoc__pdf__src__opaque-types-impl-trait-inferencemd__Within-the-type_of-query'
  on page 439 undefined on input line 26512.
[WARNING] [makePDF] LaTeX Warning: Hyper reference
  `book__pandoc__pdf__src__appendix__glossarymd__region' on
  page 472 undefined on input line 28266.
[WARNING] [makePDF] LaTeX Warning: Hyper reference
  `book__pandoc__pdf__src__appendix__glossarymd__inf-var' on
  page 472 undefined on input line 28269.
[WARNING] [makePDF] LaTeX Warning: Hyper reference
  `book__pandoc__pdf__src__appendix__backgroundmd__dataflow'
  on page 472 undefined on input line 28273.
[WARNING] [makePDF] LaTeX Warning: Hyper reference
  `book__pandoc__pdf__src__appendix__backgroundmd__free-vs-bound'
  on page 480 undefined on input line 28865.
[WARNING] [makePDF] LaTeX Warning: Hyper reference
  `book__pandoc__pdf__src__appendix__glossarymd__point' on
  page 485 undefined on input line 29267.
[WARNING] [makePDF] LaTeX Warning: Hyper reference
  `book__pandoc__pdf__src__borrow_check__region_inference__member_constraintsmd__collecting'
  on page 493 undefined on input line 29832.
[WARNING] [makePDF] LaTeX Warning: Hyper reference
  `book__pandoc__pdf__src__appendix__backgroundmd__quantified'
  on page 495 undefined on input line 29936.
[WARNING] [makePDF] LaTeX Warning: Hyper reference
  `book__pandoc__pdf__src__appendix__backgroundmd__variance'
  on page 495 undefined on input line 29958.
[WARNING] [makePDF] LaTeX Warning: Hyper reference
  `book__pandoc__pdf__src__appendix__backgroundmd__free-vs-bound'
  on page 495 undefined on input line 30008.
[WARNING] [makePDF] LaTeX Warning: Hyper reference
  `book__pandoc__pdf__src__diagnosticsmd__future-incompatible'
  on page 510 undefined on input line 30961.
[WARNING] [makePDF] LaTeX Warning: Hyper reference
  `book__pandoc__pdf__src__appendix__glossarymd__mono' on page
  549 undefined on input line 33554.
[WARNING] [makePDF] LaTeX Warning: Hyper reference
  `book__pandoc__pdf__src__appendix__glossarymd__def-id' on
  page 549 undefined on input line 33568.
[WARNING] [makePDF] LaTeX Warning: Hyper reference
  `book__pandoc__pdf__src__appendix__glossarymd__codegen-unit'
  on page 562 undefined on input line 34284.
[WARNING] [makePDF] LaTeX Warning: Hyper reference
  `book__pandoc__pdf__src__appendix__backgroundmd__cfg' on
  page 619 undefined on input line 37629.
[WARNING] [makePDF] LaTeX Warning: Hyper reference
  `book__pandoc__pdf__src__appendix__backgroundmd__free-vs-bound'
  on page 625 undefined on input line 37990.
[WARNING] [makePDF] LaTeX Warning: Hyper reference
  `book__pandoc__pdf__src__appendix__backgroundmd__free-vs-bound'
  on page 625 undefined on input line 38000.
[WARNING] [makePDF] LaTeX Warning: Hyper reference
  `book__pandoc__pdf__src__appendix__backgroundmd__cfg' on
  page 625 undefined on input line 38014.
[WARNING] [makePDF] LaTeX Warning: Hyper reference
  `book__pandoc__pdf__src__appendix__glossarymd__TyCtxt' on
  page 625 undefined on input line 38022.
[WARNING] [makePDF] LaTeX Warning: Hyper reference
  `book__pandoc__pdf__src__appendix__glossarymd__cx' on page
  625 undefined on input line 38023.
[WARNING] [makePDF] LaTeX Warning: Hyper reference
  `book__pandoc__pdf__src__appendix__glossarymd__tcx' on page
  625 undefined on input line 38024.
[WARNING] [makePDF] LaTeX Warning: Hyper reference
  `book__pandoc__pdf__src__appendix__backgroundmd__dataflow'
  on page 625 undefined on input line 38032.
[WARNING] [makePDF] LaTeX Warning: Hyper reference
  `book__pandoc__pdf__src__appendix__backgroundmd__what-is-a-debruijn-index'
  on page 625 undefined on input line 38037.
[WARNING] [makePDF] LaTeX Warning: Hyper reference
  `book__pandoc__pdf__src__appendix__glossarymd__variant-idx'
  on page 625 undefined on input line 38048.
[WARNING] [makePDF] LaTeX Warning: Hyper reference
  `book__pandoc__pdf__src__appendix__glossarymd__tag' on page
  625 undefined on input line 38050.
[WARNING] [makePDF] LaTeX Warning: Hyper reference
  `book__pandoc__pdf__src__appendix__backgroundmd__free-vs-bound'
  on page 625 undefined on input line 38082.
[WARNING] [makePDF] LaTeX Warning: Hyper reference
  `book__pandoc__pdf__src__appendix__glossarymd__tag' on page
  625 undefined on input line 38197.
[WARNING] [makePDF] LaTeX Warning: Hyper reference
  `book__pandoc__pdf__src__traits__goals-and-clausesmd__trait-ref'
  on page 625 undefined on input line 38227.
[WARNING] [makePDF] LaTeX Warning: Hyper reference
  `book__pandoc__pdf__src__mir__indexmd__promoted' on page 625
  undefined on input line 38230.
[WARNING] [makePDF] LaTeX Warning: Hyper reference
  `book__pandoc__pdf__src__appendix__backgroundmd__quantified'
  on page 625 undefined on input line 38238.
[WARNING] [makePDF] LaTeX Warning: Hyper reference
  `book__pandoc__pdf__src__appendix__glossarymd__discriminant'
  on page 625 undefined on input line 38293.
[WARNING] [makePDF] LaTeX Warning: Hyper reference
  `book__pandoc__pdf__src__appendix__glossarymd__niche' on
  page 625 undefined on input line 38296.
[WARNING] [makePDF] LaTeX Warning: Hyper reference
  `book__pandoc__pdf__src__traits__goals-and-clausesmd__trait-ref'
  on page 625 undefined on input line 38320.
[WARNING] [makePDF] LaTeX Warning: Hyper reference
  `book__pandoc__pdf__src__appendix__glossarymd__tcx' on page
  625 undefined on input line 38328.
[WARNING] [makePDF] LaTeX Warning: Hyper reference
  `book__pandoc__pdf__src__appendix__backgroundmd__variance'
  on page 625 undefined on input line 38347.
[WARNING] [makePDF] LaTeX Warning: Hyper reference
  `book__pandoc__pdf__src__appendix__glossarymd__discriminant'
  on page 625 undefined on input line 38353.
[WARNING] [makePDF] LaTeX Warning: Hyper reference
  `book__pandoc__pdf__src__hirmd__hir-id' on page 628
  undefined on input line 38386.
[WARNING] [makePDF] LaTeX Warning: Hyper reference
  `book__pandoc__pdf__src__hirmd__hir-id' on page 628
  undefined on input line 38402.
[WARNING] [makePDF] LaTeX Warning: Hyper reference
  `book__pandoc__pdf__src__hirmd__hir-id' on page 628
  undefined on input line 38414.
[WARNING] [makePDF] LaTeX Warning: Hyper reference
  `book__pandoc__pdf__src__hirmd__hir-id' on page 628
  undefined on input line 38419.
[WARNING] [makePDF] LaTeX Warning: There were undefined references.
[WARNING] Missing character: There is no 🔑 (U+1F511) (U+1F511) in font NotoSerif:mode=node;script
[WARNING] Missing character: There is no ✅ (U+2705) (U+2705) in font NotoSerif:mode=node;script=l
[WARNING] Missing character: There is no ❌ (U+274C) (U+274C) in font NotoSerif:mode=node;script=l
[WARNING] Missing character: There is no ✅ (U+2705) (U+2705) in font NotoSerif/B:mode=node;script
[WARNING] Missing character: There is no ✅ (U+2705) (U+2705) in font NotoSerif/B:mode=node;script
[WARNING] Missing character: There is no ❌ (U+274C) (U+274C) in font NotoSerif/B:mode=node;script
[WARNING] Missing character: There is no ✅ (U+2705) (U+2705) in font NotoSerif/B:mode=node;script
[WARNING] Missing character: There is no ✅ (U+2705) (U+2705) in font NotoSerif/B:mode=node;script
[WARNING] Missing character: There is no ✅ (U+2705) (U+2705) in font NotoSerif/B:mode=node;script
[WARNING] Missing character: There is no ✅ (U+2705) (U+2705) in font NotoSerif/B:mode=node;script
[WARNING] Missing character: There is no ❌ (U+274C) (U+274C) in font NotoSerif/B:mode=node;script
[WARNING] Missing character: There is no ✅ (U+2705) (U+2705) in font NotoSerif/B:mode=node;script
[WARNING] Missing character: There is no ✅ (U+2705) (U+2705) in font NotoSerif/B:mode=node;script
[WARNING] Missing character: There is no ❌ (U+274C) (U+274C) in font NotoSerif/B:mode=node;script
[WARNING] Missing character: There is no ✅ (U+2705) (U+2705) in font NotoSerif/B:mode=node;script
[WARNING] Missing character: There is no ⊇ (U+2287) (U+2287) in font NotoSerif:mode=node;script=l
[WARNING] Missing character: There is no ✅ (U+2705) (U+2705) in font NotoSansMono:mode=node;scrip
[WARNING] Missing character: There is no ✅ (U+2705) (U+2705) in font NotoSansMono:mode=node;scrip
[WARNING] Missing character: There is no ∀ (U+2200) (U+2200) in font NotoSerif:mode=node;script=l
[WARNING] Missing character: There is no ∃ (U+2203) (U+2203) in font NotoSerif:mode=node;script=l
 INFO mdbook_pandoc::pandoc::renderer: Wrote output to book/pandoc/pdf/book.pdf    

