---
source: src/lib.rs
expression: logs
---
 INFO mdbook::book: Running the pandoc backend    
 WARN mdbook_pandoc::preprocess: Unable to normalize link '../std/prelude/index.html' in chapter 'Programming a Guessing Game': Unable to canonicalize path: $ROOT/src/../std/prelude/index.html: No such file or directory (os error 2)    
 WARN mdbook_pandoc::preprocess: Unable to normalize link '../std/string/struct.String.html' in chapter 'Programming a Guessing Game': Unable to canonicalize path: $ROOT/src/../std/string/struct.String.html: No such file or directory (os error 2)    
 WARN mdbook_pandoc::preprocess: Unable to normalize link '../std/io/struct.Stdin.html' in chapter 'Programming a Guessing Game': Unable to canonicalize path: $ROOT/src/../std/io/struct.Stdin.html: No such file or directory (os error 2)    
 WARN mdbook_pandoc::preprocess: Unable to normalize link '../std/io/struct.Stdin.html#method.read_line' in chapter 'Programming a Guessing Game': Unable to canonicalize path: $ROOT/src/../std/io/struct.Stdin.html: No such file or directory (os error 2)    
 WARN mdbook_pandoc::preprocess: Unable to normalize link '../std/result/enum.Result.html' in chapter 'Programming a Guessing Game': Unable to canonicalize path: $ROOT/src/../std/result/enum.Result.html: No such file or directory (os error 2)    
 WARN mdbook_pandoc::preprocess: Unable to normalize link '../std/result/enum.Result.html#method.expect' in chapter 'Programming a Guessing Game': Unable to canonicalize path: $ROOT/src/../std/result/enum.Result.html: No such file or directory (os error 2)    
 WARN mdbook_pandoc::preprocess: Unable to normalize link '../std/primitive.str.html#method.parse' in chapter 'Programming a Guessing Game': Unable to canonicalize path: $ROOT/src/../std/primitive.str.html: No such file or directory (os error 2)    
 WARN mdbook_pandoc::preprocess: Unable to normalize link '../reference/const_eval.html' in chapter 'Variables and Mutability': Unable to canonicalize path: $ROOT/src/../reference/const_eval.html: No such file or directory (os error 2)    
 WARN mdbook_pandoc::preprocess: Unable to normalize link '../std/ops/trait.Drop.html#tymethod.drop' in chapter 'What is Ownership?': Unable to canonicalize path: $ROOT/src/../std/ops/trait.Drop.html: No such file or directory (os error 2)    
 WARN mdbook_pandoc::preprocess: Unable to normalize link '../std/macro.println.html' in chapter 'An Example Program Using Structs': Unable to canonicalize path: $ROOT/src/../std/macro.println.html: No such file or directory (os error 2)    
 WARN mdbook_pandoc::preprocess: Unable to normalize link '../std/macro.dbg.html' in chapter 'An Example Program Using Structs': Unable to canonicalize path: $ROOT/src/../std/macro.dbg.html: No such file or directory (os error 2)    
 WARN mdbook_pandoc::preprocess: Unable to normalize link '../reference/attributes.html' in chapter 'An Example Program Using Structs': Unable to canonicalize path: $ROOT/src/../reference/attributes.html: No such file or directory (os error 2)    
 WARN mdbook_pandoc::preprocess: Unable to normalize link '../std/net/enum.IpAddr.html' in chapter 'Defining an Enum': Unable to canonicalize path: $ROOT/src/../std/net/enum.IpAddr.html: No such file or directory (os error 2)    
 WARN mdbook_pandoc::preprocess: Unable to normalize link '../std/option/enum.Option.html' in chapter 'Defining an Enum': Unable to canonicalize path: $ROOT/src/../std/option/enum.Option.html: No such file or directory (os error 2)    
 WARN mdbook_pandoc::preprocess: Unable to normalize link '../std/option/enum.Option.html' in chapter 'Defining an Enum': Unable to canonicalize path: $ROOT/src/../std/option/enum.Option.html: No such file or directory (os error 2)    
 WARN mdbook_pandoc::preprocess: Unable to normalize link '../std/prelude/index.html#other-preludes' in chapter 'Bringing Paths Into Scope with the use Keyword': Unable to canonicalize path: $ROOT/src/../std/prelude/index.html: No such file or directory (os error 2)    
 WARN mdbook_pandoc::preprocess: Unable to normalize link '../std/collections/index.html' in chapter 'Common Collections': Unable to canonicalize path: $ROOT/src/../std/collections/index.html: No such file or directory (os error 2)    
 WARN mdbook_pandoc::preprocess: Unable to normalize link '../nomicon/vec/vec.html' in chapter 'Storing Lists of Values with Vectors': Unable to canonicalize path: $ROOT/src/../nomicon/vec/vec.html: No such file or directory (os error 2)    
 WARN mdbook_pandoc::preprocess: Unable to normalize link '../std/vec/struct.Vec.html' in chapter 'Storing Lists of Values with Vectors': Unable to canonicalize path: $ROOT/src/../std/vec/struct.Vec.html: No such file or directory (os error 2)    
 WARN mdbook_pandoc::preprocess: Unable to normalize link '../std/process/trait.Termination.html' in chapter 'Recoverable Errors with Result': Unable to canonicalize path: $ROOT/src/../std/process/trait.Termination.html: No such file or directory (os error 2)    
 WARN mdbook_pandoc::preprocess: Unable to normalize link '../reference/index.html' in chapter 'Validating References with Lifetimes': Unable to canonicalize path: $ROOT/src/../reference/index.html: No such file or directory (os error 2)    
 WARN mdbook_pandoc::preprocess: Unable to normalize link '../unstable-book/library-features/test.html' in chapter 'How to Write Tests': Unable to canonicalize path: $ROOT/src/../unstable-book/library-features/test.html: No such file or directory (os error 2)    
 WARN mdbook_pandoc::preprocess: Unable to normalize link '../std/option/enum.Option.html#method.unwrap_or_else' in chapter 'Closures: Anonymous Functions that Capture Their Environment': Unable to canonicalize path: $ROOT/src/../std/option/enum.Option.html: No such file or directory (os error 2)    
 WARN mdbook_pandoc::preprocess: Unable to normalize link '../nomicon/index.html' in chapter 'Reference Cycles Can Leak Memory': Unable to canonicalize path: $ROOT/src/../nomicon/index.html: No such file or directory (os error 2)    
 WARN mdbook_pandoc::preprocess: Unable to normalize link '../std/sync/atomic/index.html' in chapter 'Shared-State Concurrency': Unable to canonicalize path: $ROOT/src/../std/sync/atomic/index.html: No such file or directory (os error 2)    
 WARN mdbook_pandoc::preprocess: Unable to normalize link '../std/sync/atomic/index.html' in chapter 'Shared-State Concurrency': Unable to canonicalize path: $ROOT/src/../std/sync/atomic/index.html: No such file or directory (os error 2)    
 WARN mdbook_pandoc::preprocess: Unable to normalize link '../nomicon/index.html' in chapter 'Extensible Concurrency with the Sync and Send Traits': Unable to canonicalize path: $ROOT/src/../nomicon/index.html: No such file or directory (os error 2)    
 WARN mdbook_pandoc::preprocess: Unable to normalize link '../reference/items/unions.html' in chapter 'Unsafe Rust': Unable to canonicalize path: $ROOT/src/../reference/items/unions.html: No such file or directory (os error 2)    
 WARN mdbook_pandoc::preprocess: Unable to normalize link '../reference/macros-by-example.html' in chapter 'Macros': Unable to canonicalize path: $ROOT/src/../reference/macros-by-example.html: No such file or directory (os error 2)    
 WARN mdbook_pandoc::preprocess: Unable to normalize link '../std/thread/struct.Builder.html' in chapter 'Turning Our Single-Threaded Server into a Multithreaded Server': Unable to canonicalize path: $ROOT/src/../std/thread/struct.Builder.html: No such file or directory (os error 2)    
 WARN mdbook_pandoc::preprocess: Unable to normalize link '../std/thread/struct.Builder.html#method.spawn' in chapter 'Turning Our Single-Threaded Server into a Multithreaded Server': Unable to canonicalize path: $ROOT/src/../std/thread/struct.Builder.html: No such file or directory (os error 2)    
 WARN mdbook_pandoc::preprocess: Unable to normalize link '../reference/items/unions.html' in chapter 'A - Keywords': Unable to canonicalize path: $ROOT/src/../reference/items/unions.html: No such file or directory (os error 2)    
 WARN mdbook_pandoc::preprocess: Unable to normalize link '../std/index.html' in chapter 'C - Derivable Traits': Unable to canonicalize path: $ROOT/src/../std/index.html: No such file or directory (os error 2)    
 WARN mdbook_pandoc: Unable to resolve one or more relative links within the book, consider setting the `hosted-html` option in `[output.pandoc]`    
[WARNING] [makePDF] LaTeX Warning: Hyper reference
  `book__pdf__src__ch15-02-derefmd__following-the-pointer-to-the-value-with-the-dereference-operator'
  on $PAGE undefined on input $LINE.
[WARNING] [makePDF] LaTeX Warning: Hyper reference
  `book__pdf__src__ch06-02-matchmd__the-match-control-flow-operator'
  on $PAGE undefined on input $LINE.
[WARNING] [makePDF] LaTeX Warning: Hyper reference
  `book__pdf__src__ch13-01-closuresmd__moving-captured-values-out-of-the-closure-and-the-fn-traits'
  on $PAGE undefined on input $LINE.
[WARNING] [makePDF] LaTeX Warning: Hyper reference
  `book__pdf__src__ch04-01-what-is-ownershipmd__ways-variables-and-data-interact-clone'
  on $PAGE undefined on input $LINE.
[WARNING] [makePDF] LaTeX Warning: There were undefined references.
[WARNING] Missing character: There is no ا (U+0627) (U+0627) in font NotoSansMono:mode=node;script
[WARNING] Missing character: There is no ل (U+0644) (U+0644) in font NotoSansMono:mode=node;script
[WARNING] Missing character: There is no س (U+0633) (U+0633) in font NotoSansMono:mode=node;script
[WARNING] Missing character: There is no ل (U+0644) (U+0644) in font NotoSansMono:mode=node;script
[WARNING] Missing character: There is no ا (U+0627) (U+0627) in font NotoSansMono:mode=node;script
[WARNING] Missing character: There is no م (U+0645) (U+0645) in font NotoSansMono:mode=node;script
[WARNING] Missing character: There is no ع (U+0639) (U+0639) in font NotoSansMono:mode=node;script
[WARNING] Missing character: There is no ل (U+0644) (U+0644) in font NotoSansMono:mode=node;script
[WARNING] Missing character: There is no ي (U+064A) (U+064A) in font NotoSansMono:mode=node;script
[WARNING] Missing character: There is no ك (U+0643) (U+0643) in font NotoSansMono:mode=node;script
[WARNING] Missing character: There is no م (U+0645) (U+0645) in font NotoSansMono:mode=node;script
[WARNING] Missing character: There is no ש (U+05E9) (U+05E9) in font NotoSansMono:mode=node;script
[WARNING] Missing character: There is no ָ (U+05B8) (U+05B8) in font NotoSansMono:mode=node;script
[WARNING] Missing character: There is no ׁ (U+05C1) (U+05C1) in font NotoSansMono:mode=node;script
[WARNING] Missing character: There is no ל (U+05DC) (U+05DC) in font NotoSansMono:mode=node;script
[WARNING] Missing character: There is no ו (U+05D5) (U+05D5) in font NotoSansMono:mode=node;script
[WARNING] Missing character: There is no ֹ (U+05B9) (U+05B9) in font NotoSansMono:mode=node;script
[WARNING] Missing character: There is no ם (U+05DD) (U+05DD) in font NotoSansMono:mode=node;script
[WARNING] Missing character: There is no न (U+0928) (U+0928) in font NotoSansMono:mode=node;scrip
[WARNING] Missing character: There is no म (U+092E) (U+092E) in font NotoSansMono:mode=node;scrip
[WARNING] Missing character: There is no स (U+0938) (U+0938) in font NotoSansMono:mode=node;scrip
[WARNING] Missing character: There is no ् (U+094D) (U+094D) in font NotoSansMono:mode=node;scrip
[WARNING] Missing character: There is no त (U+0924) (U+0924) in font NotoSansMono:mode=node;scrip
[WARNING] Missing character: There is no े (U+0947) (U+0947) in font NotoSansMono:mode=node;scrip
[WARNING] Missing character: There is no न (U+0928) (U+0928) in font NotoSerif:mode=node;script=l
[WARNING] Missing character: There is no म (U+092E) (U+092E) in font NotoSerif:mode=node;script=l
[WARNING] Missing character: There is no स (U+0938) (U+0938) in font NotoSerif:mode=node;script=l
[WARNING] Missing character: There is no ् (U+094D) (U+094D) in font NotoSerif:mode=node;script=l
[WARNING] Missing character: There is no त (U+0924) (U+0924) in font NotoSerif:mode=node;script=l
[WARNING] Missing character: There is no े (U+0947) (U+0947) in font NotoSerif:mode=node;script=l
[WARNING] Missing character: There is no न (U+0928) (U+0928) in font NotoSansMono:mode=node;scrip
[WARNING] Missing character: There is no म (U+092E) (U+092E) in font NotoSansMono:mode=node;scrip
[WARNING] Missing character: There is no स (U+0938) (U+0938) in font NotoSansMono:mode=node;scrip
[WARNING] Missing character: There is no ् (U+094D) (U+094D) in font NotoSansMono:mode=node;scrip
[WARNING] Missing character: There is no त (U+0924) (U+0924) in font NotoSansMono:mode=node;scrip
[WARNING] Missing character: There is no े (U+0947) (U+0947) in font NotoSansMono:mode=node;scrip
[WARNING] Missing character: There is no न (U+0928) (U+0928) in font NotoSansMono:mode=node;scrip
[WARNING] Missing character: There is no म (U+092E) (U+092E) in font NotoSansMono:mode=node;scrip
[WARNING] Missing character: There is no स (U+0938) (U+0938) in font NotoSansMono:mode=node;scrip
[WARNING] Missing character: There is no ् (U+094D) (U+094D) in font NotoSansMono:mode=node;scrip
[WARNING] Missing character: There is no त (U+0924) (U+0924) in font NotoSansMono:mode=node;scrip
[WARNING] Missing character: There is no े (U+0947) (U+0947) in font NotoSansMono:mode=node;scrip
[WARNING] Missing character: There is no ह (U+0939) (U+0939) in font NotoSerif:mode=node;script=l
[WARNING] Missing character: There is no ि (U+093F) (U+093F) in font NotoSerif:mode=node;script=l
[WARNING] Missing character: There is no ं (U+0902) (U+0902) in font NotoSerif:mode=node;script=l
[WARNING] Missing character: There is no द (U+0926) (U+0926) in font NotoSerif:mode=node;script=l
[WARNING] Missing character: There is no ी (U+0940) (U+0940) in font NotoSerif:mode=node;script=l
[WARNING] Missing character: There is no ไ (U+0E44) (U+0E44) in font NotoSerif:mode=node;script=l
[WARNING] Missing character: There is no ท (U+0E17) (U+0E17) in font NotoSerif:mode=node;script=l
[WARNING] Missing character: There is no ย (U+0E22) (U+0E22) in font NotoSerif:mode=node;script=l
 INFO mdbook_pandoc::pandoc::renderer: Wrote output to book/pdf/book.pdf
